157.55.39.70 - - [26/Aug/2014:06:49:24 -0600] "GET /entry/919/reviews HTTP/1.1" 200 7406 "-" "Mozilla/5.0 (compatible; bingbot/2.0; +http://www.bing.com/bingbot.htm)"
66.249.69.139 - - [26/Aug/2014:06:49:24 -0600] "GET /entry/19679/reviews HTTP/1.1" 200 3064 "-" "Mozilla/5.0 (compatible; Googlebot/2.1; +http://www.google.com/bot.html)"
23.239.8.38 - - [26/Aug/2014:06:49:31 -0600] "GET / HTTP/1.1" 301 178 "-" "check_http/v1.4.15 (nagios-plugins 1.4.15)"
23.239.8.38 - - [26/Aug/2014:06:49:31 -0600] "GET / HTTP/1.1" 200 10098 "-" "check_http/v1.4.15 (nagios-plugins 1.4.15)"
74.138.58.20 - - [26/Aug/2014:06:49:43 -0600] "GET / HTTP/1.1" 200 4023 "-" "Mozilla/5.0 (iPad; CPU OS 7_1_2 like Mac OS X) AppleWebKit/537.51.2 (KHTML, like Gecko) Version/7.0 Mobile/11D257 Safari/9537.53"
74.138.58.20 - - [26/Aug/2014:06:49:43 -0600] "GET /images/vegguide-logo-front-page.png HTTP/1.1" 200 16471 "-" "Mozilla/5.0 (iPad; CPU OS 7_1_2 like Mac OS X) AppleWebKit/537.51.2 (KHTML, like Gecko) Version/7.0 Mobile/11D257 Safari/9537.53"
37.58.100.142 - - [26/Aug/2014:06:49:44 -0600] "GET /entry/12759 HTTP/1.1" 200 4663 "-" "Mozilla/5.0 (compatible; AhrefsBot/5.0; +http://ahrefs.com/robot/)"
74.138.58.20 - - [26/Aug/2014:06:49:44 -0600] "GET /entry/near/38.2531242625346%2C-85.49309481579482/filter/category_id=1;veg_level=2;allow_closed=0?limit=10;order_by=distance;address=Your+location HTTP/1.1" 200 542 "-" "Mozilla/5.0 (iPad; CPU OS 7_1_2 like Mac OS X) AppleWebKit/537.51.2 (KHTML, like Gecko) Version/7.0 Mobile/11D257 Safari/9537.53"
68.180.225.35 - - [26/Aug/2014:06:49:45 -0600] "GET /entry/19599 HTTP/1.1" 200 4557 "-" "Mozilla/5.0 (compatible; Yahoo! Slurp; http://help.yahoo.com/help/us/ysearch/slurp)"
37.58.100.142 - - [26/Aug/2014:06:49:51 -0600] "GET /entry/9250 HTTP/1.1" 200 4788 "-" "Mozilla/5.0 (compatible; AhrefsBot/5.0; +http://ahrefs.com/robot/)"
157.55.39.71 - - [26/Aug/2014:06:49:54 -0600] "GET /user/511 HTTP/1.1" 200 3236 "-" "Mozilla/5.0 (compatible; bingbot/2.0; +http://www.bing.com/bingbot.htm)"
37.58.100.142 - - [26/Aug/2014:06:49:55 -0600] "GET /entry/near/39.9361%2C-120.906/filter/category_id=1?unit=km;distance=10;sort_order=ASC;page=1;order_by=distance;address=95971;limit=20 HTTP/1.1" 200 6310 "-" "Mozilla/5.0 (compatible; AhrefsBot/5.0; +http://ahrefs.com/robot/)"
37.228.106.99 - - [26/Aug/2014:06:50:08 -0600] "GET /entry/18992/reviews HTTP/1.1" 200 3082 "-" "Opera/9.80 (Android; Opera Mini/7.5.33725/35.3997; U; en) Presto/2.8.119 Version/11.10"
157.55.39.70 - - [26/Aug/2014:06:50:24 -0600] "GET /user/8199 HTTP/1.1" 200 3170 "-" "Mozilla/5.0 (compatible; bingbot/2.0; +http://www.bing.com/bingbot.htm)"
66.249.69.161 - - [26/Aug/2014:06:50:26 -0600] "GET /entry-images/11658/11658-7931-small.jpg HTTP/1.1" 200 11934 "-" "Googlebot-Image/1.0"
68.180.225.35 - - [26/Aug/2014:06:50:30 -0600] "GET /entry/3839 HTTP/1.1" 200 5872 "-" "Mozilla/5.0 (compatible; Yahoo! Slurp; http://help.yahoo.com/help/us/ysearch/slurp)"
66.249.91.166 - - [26/Aug/2014:06:50:30 -0600] "GET /region/159.rss HTTP/1.1" 200 296868 "-" "Feedfetcher-Google; (+http://www.google.com/feedfetcher.html; 1 subscribers; feed-id=12496659926325981181)"
37.58.100.142 - - [26/Aug/2014:06:50:32 -0600] "GET /entry/near/18.1798%2C-66.1136/filter/veg_level=2?unit=mile;distance=50;sort_order=DESC;page=1;order_by=how_veg;address=00957;limit=20 HTTP/1.1" 200 8965 "-" "Mozilla/5.0 (compatible; AhrefsBot/5.0; +http://ahrefs.com/robot/)"
66.249.69.193 - - [26/Aug/2014:06:50:33 -0600] "GET /entry/19749/reviews HTTP/1.1" 200 3065 "-" "Mozilla/5.0 (compatible; Googlebot/2.1; +http://www.google.com/bot.html)"
54.221.221.21 - - [26/Aug/2014:06:50:37 -0600] "GET /region/273.rss HTTP/1.1" 200 1342980 "-" "R6_FeedFetcher(www.radian6.com/crawler)"
54.221.203.243 - - [26/Aug/2014:06:50:41 -0600] "GET /region/273.rss HTTP/1.1" 200 1342980 "-" "R6_FeedFetcher(www.radian6.com/crawler)"
37.58.100.142 - - [26/Aug/2014:06:50:41 -0600] "GET /entry/near/30.3872%2C-97.7055/filter?unit=mile;distance=25;sort_order=ASC;page=;order_by=distance;address=78708;limit= HTTP/1.1" 200 9058 "-" "Mozilla/5.0 (compatible; AhrefsBot/5.0; +http://ahrefs.com/robot/)"
66.249.69.193 - - [26/Aug/2014:06:50:44 -0600] "GET /entry/near/42.4089,-74.3923/filter?unit=mile;distance=25;sort_order=ASC;page=;order_by=distance;address=12076;limit= HTTP/1.1" 200 6805 "-" "Mozilla/5.0 (compatible; Googlebot/2.1; +http://www.google.com/bot.html)"
157.55.39.71 - - [26/Aug/2014:06:50:54 -0600] "GET /entry/11006 HTTP/1.1" 200 4661 "-" "Mozilla/5.0 (compatible; bingbot/2.0; +http://www.bing.com/bingbot.htm)"
65.19.138.33 - - [26/Aug/2014:06:51:02 -0600] "GET /region/13/recent.atom HTTP/1.1" 200 20558 "-" "Feedly/1.0 (+http://www.feedly.com/fetcher.html; like FeedFetcher-Google)"
195.2.240.103 - - [26/Aug/2014:06:51:12 -0600] "GET /region/2190/map HTTP/1.1" 200 86070 "-" "Mozilla/5.0 (Windows NT 6.1; WOW64; rv:26.1) Gecko/20100101 Firefox/26.0"
68.180.225.35 - - [26/Aug/2014:06:51:15 -0600] "GET /entry/15333 HTTP/1.1" 200 5039 "-" "Mozilla/5.0 (compatible; Yahoo! Slurp; http://help.yahoo.com/help/us/ysearch/slurp)"
66.249.69.161 - - [26/Aug/2014:06:51:17 -0600] "GET /entry/near/41.3142,-87.0331/filter?unit=mile;distance=25;sort_order=ASC;page=;order_by=distance;address=46347;limit= HTTP/1.1" 200 8595 "-" "Mozilla/5.0 (compatible; Googlebot/2.1; +http://www.google.com/bot.html)"
157.55.39.70 - - [26/Aug/2014:06:51:24 -0600] "GET /region/537/stats HTTP/1.1" 200 3391 "-" "Mozilla/5.0 (compatible; bingbot/2.0; +http://www.bing.com/bingbot.htm)"
66.249.69.177 - - [26/Aug/2014:06:51:41 -0600] "GET /entry/19666/reviews HTTP/1.1" 200 3073 "-" "Mozilla/5.0 (compatible; Googlebot/2.1; +http://www.google.com/bot.html)"
202.46.49.73 - - [26/Aug/2014:06:51:44 -0600] "GET / HTTP/1.1" 200 10098 "-" "Mozilla/4.0 (compatible; MSIE 7.0; Windows NT 6.0)"
37.58.100.142 - - [26/Aug/2014:06:51:45 -0600] "GET /entry/near/18.0131%2C-66.6144/map/category_id=1?unit=km;distance=10;address=00716 HTTP/1.1" 200 7020 "-" "Mozilla/5.0 (compatible; AhrefsBot/5.0; +http://ahrefs.com/robot/)"
66.249.69.193 - - [26/Aug/2014:06:51:49 -0600] "GET /entry/near/42.6783,-88.2662/filter?unit=mile;distance=25;sort_order=ASC;page=;order_by=distance;address=53105;limit= HTTP/1.1" 200 8945 "-" "Mozilla/5.0 (compatible; Googlebot/2.1; +http://www.google.com/bot.html)"
66.249.69.161 - - [26/Aug/2014:06:51:50 -0600] "GET /region/778.rss HTTP/1.1" 200 33810 "-" "Mozilla/5.0 (compatible; Googlebot/2.1; +http://www.google.com/bot.html)"
157.55.39.71 - - [26/Aug/2014:06:51:54 -0600] "GET /region/2445.rss HTTP/1.1" 200 4995 "-" "Mozilla/5.0 (compatible; bingbot/2.0; +http://www.bing.com/bingbot.htm)"
68.180.225.35 - - [26/Aug/2014:06:52:00 -0600] "GET /entry/4421 HTTP/1.1" 200 6555 "-" "Mozilla/5.0 (compatible; Yahoo! Slurp; http://help.yahoo.com/help/us/ysearch/slurp)"
119.63.193.194 - - [26/Aug/2014:06:52:18 -0600] "GET / HTTP/1.1" 200 10098 "-" "Mozilla/4.0 (compatible; MSIE 7.0; Windows NT 6.0)"
37.58.100.142 - - [26/Aug/2014:06:52:20 -0600] "GET /entry/near/13.4751%2C-144.748/filter?unit=km;distance=10;sort_order=ASC;page=1;order_by=distance;address=96910;limit=20 HTTP/1.1" 200 6209 "-" "Mozilla/5.0 (compatible; AhrefsBot/5.0; +http://ahrefs.com/robot/)"
66.249.69.177 - - [26/Aug/2014:06:52:22 -0600] "GET /entry/near/43.1727,-76.1301/filter?unit=mile;distance=25;sort_order=ASC;page=;order_by=distance;address=13041;limit= HTTP/1.1" 200 7953 "-" "Mozilla/5.0 (compatible; Googlebot/2.1; +http://www.google.com/bot.html)"
157.55.39.70 - - [26/Aug/2014:06:52:24 -0600] "GET /entry/5688/reviews HTTP/1.1" 200 3316 "-" "Mozilla/5.0 (compatible; bingbot/2.0; +http://www.bing.com/bingbot.htm)"
72.23.36.154 - - [26/Aug/2014:06:52:39 -0600] "GET /region/159/filter?sort_order=DESC;page=1;order_by=how_veg HTTP/1.1" 200 9479 "-" "Mozilla/5.0 (Macintosh; Intel Mac OS X 10_5_8) AppleWebKit/534.50.2 (KHTML, like Gecko) Version/5.0.6 Safari/533.22.3"
72.23.36.154 - - [26/Aug/2014:06:52:39 -0600] "GET /7b0744/css/vegguide-combined.css HTTP/1.1" 200 20810 "-" "Mozilla/5.0 (Macintosh; Intel Mac OS X 10_5_8) AppleWebKit/534.50.2 (KHTML, like Gecko) Version/5.0.6 Safari/533.22.3"
72.23.36.154 - - [26/Aug/2014:06:52:39 -0600] "GET /7b0744/js/vegguide-combined.js HTTP/1.1" 200 94167 "-" "Mozilla/5.0 (Macintosh; Intel Mac OS X 10_5_8) AppleWebKit/534.50.2 (KHTML, like Gecko) Version/5.0.6 Safari/533.22.3"
72.23.36.154 - - [26/Aug/2014:06:52:40 -0600] "GET /images/transparent.gif HTTP/1.1" 200 49 "-" "Mozilla/5.0 (Macintosh; Intel Mac OS X 10_5_8) AppleWebKit/534.50.2 (KHTML, like Gecko) Version/5.0.6 Safari/533.22.3"
72.23.36.154 - - [26/Aug/2014:06:52:40 -0600] "GET /images/vegguide-logo.png HTTP/1.1" 200 20540 "-" "Mozilla/5.0 (Macintosh; Intel Mac OS X 10_5_8) AppleWebKit/534.50.2 (KHTML, like Gecko) Version/5.0.6 Safari/533.22.3"
72.23.36.154 - - [26/Aug/2014:06:52:40 -0600] "GET /images/loader.gif HTTP/1.1" 200 3208 "-" "Mozilla/5.0 (Macintosh; Intel Mac OS X 10_5_8) AppleWebKit/534.50.2 (KHTML, like Gecko) Version/5.0.6 Safari/533.22.3"
72.23.36.154 - - [26/Aug/2014:06:52:40 -0600] "GET /images/close-button.png HTTP/1.1" 200 693 "-" "Mozilla/5.0 (Macintosh; Intel Mac OS X 10_5_8) AppleWebKit/534.50.2 (KHTML, like Gecko) Version/5.0.6 Safari/533.22.3"
72.23.36.154 - - [26/Aug/2014:06:52:40 -0600] "GET /7b0744/images/sort-none.gif HTTP/1.1" 200 79 "-" "Mozilla/5.0 (Macintosh; Intel Mac OS X 10_5_8) AppleWebKit/534.50.2 (KHTML, like Gecko) Version/5.0.6 Safari/533.22.3"
72.23.36.154 - - [26/Aug/2014:06:52:40 -0600] "GET /7b0744/images/ratings/green-0-00.png HTTP/1.1" 200 791 "-" "Mozilla/5.0 (Macintosh; Intel Mac OS X 10_5_8) AppleWebKit/534.50.2 (KHTML, like Gecko) Version/5.0.6 Safari/533.22.3"
72.23.36.154 - - [26/Aug/2014:06:52:40 -0600] "GET /7b0744/images/sort-down.gif HTTP/1.1" 200 84 "-" "Mozilla/5.0 (Macintosh; Intel Mac OS X 10_5_8) AppleWebKit/534.50.2 (KHTML, like Gecko) Version/5.0.6 Safari/533.22.3"
72.23.36.154 - - [26/Aug/2014:06:52:40 -0600] "GET /7b0744/images/ratings/green-4-00.png HTTP/1.1" 200 1221 "-" "Mozilla/5.0 (Macintosh; Intel Mac OS X 10_5_8) AppleWebKit/534.50.2 (KHTML, like Gecko) Version/5.0.6 Safari/533.22.3"
72.23.36.154 - - [26/Aug/2014:06:52:40 -0600] "GET /7b0744/images/ratings/green-4-25.png HTTP/1.1" 200 896 "-" "Mozilla/5.0 (Macintosh; Intel Mac OS X 10_5_8) AppleWebKit/534.50.2 (KHTML, like Gecko) Version/5.0.6 Safari/533.22.3"
72.23.36.154 - - [26/Aug/2014:06:52:40 -0600] "GET /7b0744/images/ratings/green-4-50.png HTTP/1.1" 200 878 "-" "Mozilla/5.0 (Macintosh; Intel Mac OS X 10_5_8) AppleWebKit/534.50.2 (KHTML, like Gecko) Version/5.0.6 Safari/533.22.3"
72.23.36.154 - - [26/Aug/2014:06:52:40 -0600] "GET /images/thl-logo.png HTTP/1.1" 200 2925 "-" "Mozilla/5.0 (Macintosh; Intel Mac OS X 10_5_8) AppleWebKit/534.50.2 (KHTML, like Gecko) Version/5.0.6 Safari/533.22.3"
72.23.36.154 - - [26/Aug/2014:06:52:40 -0600] "GET /images/caa-logo.png HTTP/1.1" 200 10681 "-" "Mozilla/5.0 (Macintosh; Intel Mac OS X 10_5_8) AppleWebKit/534.50.2 (KHTML, like Gecko) Version/5.0.6 Safari/533.22.3"
72.23.36.154 - - [26/Aug/2014:06:52:40 -0600] "GET /images/peta-logo.jpg HTTP/1.1" 200 14774 "-" "Mozilla/5.0 (Macintosh; Intel Mac OS X 10_5_8) AppleWebKit/534.50.2 (KHTML, like Gecko) Version/5.0.6 Safari/533.22.3"
72.23.36.154 - - [26/Aug/2014:06:52:40 -0600] "GET /images/cok-logo.png HTTP/1.1" 200 8577 "-" "Mozilla/5.0 (Macintosh; Intel Mac OS X 10_5_8) AppleWebKit/534.50.2 (KHTML, like Gecko) Version/5.0.6 Safari/533.22.3"
72.23.36.154 - - [26/Aug/2014:06:52:40 -0600] "GET /images/fs-logo.png HTTP/1.1" 200 10293 "-" "Mozilla/5.0 (Macintosh; Intel Mac OS X 10_5_8) AppleWebKit/534.50.2 (KHTML, like Gecko) Version/5.0.6 Safari/533.22.3"
72.23.36.154 - - [26/Aug/2014:06:52:41 -0600] "GET /images/vo-logo.gif HTTP/1.1" 200 1553 "-" "Mozilla/5.0 (Macintosh; Intel Mac OS X 10_5_8) AppleWebKit/534.50.2 (KHTML, like Gecko) Version/5.0.6 Safari/533.22.3"
72.23.36.154 - - [26/Aug/2014:06:52:42 -0600] "GET /images/favicon.ico HTTP/1.1" 200 1022 "-" "Mozilla/5.0 (Macintosh; Intel Mac OS X 10_5_8) AppleWebKit/534.50.2 (KHTML, like Gecko) Version/5.0.6 Safari/533.22.3"
68.180.225.35 - - [26/Aug/2014:06:52:45 -0600] "GET /entry/5513 HTTP/1.1" 200 5640 "-" "Mozilla/5.0 (compatible; Yahoo! Slurp; http://help.yahoo.com/help/us/ysearch/slurp)"
66.249.69.161 - - [26/Aug/2014:06:52:50 -0600] "GET /entry/19755/reviews HTTP/1.1" 200 3094 "-" "Mozilla/5.0 (compatible; Googlebot/2.1; +http://www.google.com/bot.html)"
79.161.0.72 - - [26/Aug/2014:06:52:51 -0600] "GET /region/56 HTTP/1.1" 200 8919 "-" "Mozilla/5.0 (Macintosh; Intel Mac OS X 10_9_4) AppleWebKit/537.78.2 (KHTML, like Gecko) Version/7.0.6 Safari/537.78.2"
79.161.0.72 - - [26/Aug/2014:06:52:51 -0600] "GET /7b0744/css/vegguide-combined.css HTTP/1.1" 200 20810 "-" "Mozilla/5.0 (Macintosh; Intel Mac OS X 10_9_4) AppleWebKit/537.78.2 (KHTML, like Gecko) Version/7.0.6 Safari/537.78.2"
79.161.0.72 - - [26/Aug/2014:06:52:52 -0600] "GET /7b0744/js/vegguide-combined.js HTTP/1.1" 200 94167 "-" "Mozilla/5.0 (Macintosh; Intel Mac OS X 10_9_4) AppleWebKit/537.78.2 (KHTML, like Gecko) Version/7.0.6 Safari/537.78.2"
79.161.0.72 - - [26/Aug/2014:06:52:52 -0600] "GET /images/loader.gif HTTP/1.1" 200 3208 "-" "Mozilla/5.0 (Macintosh; Intel Mac OS X 10_9_4) AppleWebKit/537.78.2 (KHTML, like Gecko) Version/7.0.6 Safari/537.78.2"
79.161.0.72 - - [26/Aug/2014:06:52:52 -0600] "GET /images/transparent.gif HTTP/1.1" 200 49 "-" "Mozilla/5.0 (Macintosh; Intel Mac OS X 10_9_4) AppleWebKit/537.78.2 (KHTML, like Gecko) Version/7.0.6 Safari/537.78.2"
79.161.0.72 - - [26/Aug/2014:06:52:52 -0600] "GET /images/vegguide-logo.png HTTP/1.1" 200 20540 "-" "Mozilla/5.0 (Macintosh; Intel Mac OS X 10_9_4) AppleWebKit/537.78.2 (KHTML, like Gecko) Version/7.0.6 Safari/537.78.2"
79.161.0.72 - - [26/Aug/2014:06:52:52 -0600] "GET /7b0744/images/ratings/green-3-00.png HTTP/1.1" 200 1105 "-" "Mozilla/5.0 (Macintosh; Intel Mac OS X 10_9_4) AppleWebKit/537.78.2 (KHTML, like Gecko) Version/7.0.6 Safari/537.78.2"
79.161.0.72 - - [26/Aug/2014:06:52:52 -0600] "GET /7b0744/images/ratings/green-4-00.png HTTP/1.1" 200 1221 "-" "Mozilla/5.0 (Macintosh; Intel Mac OS X 10_9_4) AppleWebKit/537.78.2 (KHTML, like Gecko) Version/7.0.6 Safari/537.78.2"
79.161.0.72 - - [26/Aug/2014:06:52:52 -0600] "GET /7b0744/images/ratings/green-3-25.png HTTP/1.1" 200 1320 "-" "Mozilla/5.0 (Macintosh; Intel Mac OS X 10_9_4) AppleWebKit/537.78.2 (KHTML, like Gecko) Version/7.0.6 Safari/537.78.2"
79.161.0.72 - - [26/Aug/2014:06:52:52 -0600] "GET /7b0744/images/sort-up.gif HTTP/1.1" 200 84 "-" "Mozilla/5.0 (Macintosh; Intel Mac OS X 10_9_4) AppleWebKit/537.78.2 (KHTML, like Gecko) Version/7.0.6 Safari/537.78.2"
79.161.0.72 - - [26/Aug/2014:06:52:52 -0600] "GET /images/close-button.png HTTP/1.1" 200 693 "-" "Mozilla/5.0 (Macintosh; Intel Mac OS X 10_9_4) AppleWebKit/537.78.2 (KHTML, like Gecko) Version/7.0.6 Safari/537.78.2"
79.161.0.72 - - [26/Aug/2014:06:52:52 -0600] "GET /7b0744/images/sort-none.gif HTTP/1.1" 200 79 "-" "Mozilla/5.0 (Macintosh; Intel Mac OS X 10_9_4) AppleWebKit/537.78.2 (KHTML, like Gecko) Version/7.0.6 Safari/537.78.2"
79.161.0.72 - - [26/Aug/2014:06:52:52 -0600] "GET /7b0744/images/ratings/green-0-00.png HTTP/1.1" 200 791 "-" "Mozilla/5.0 (Macintosh; Intel Mac OS X 10_9_4) AppleWebKit/537.78.2 (KHTML, like Gecko) Version/7.0.6 Safari/537.78.2"
79.161.0.72 - - [26/Aug/2014:06:52:52 -0600] "GET /7b0744/images/ratings/green-3-50.png HTTP/1.1" 200 1283 "-" "Mozilla/5.0 (Macintosh; Intel Mac OS X 10_9_4) AppleWebKit/537.78.2 (KHTML, like Gecko) Version/7.0.6 Safari/537.78.2"
79.161.0.72 - - [26/Aug/2014:06:52:52 -0600] "GET /7b0744/images/ratings/green-4-25.png HTTP/1.1" 200 896 "-" "Mozilla/5.0 (Macintosh; Intel Mac OS X 10_9_4) AppleWebKit/537.78.2 (KHTML, like Gecko) Version/7.0.6 Safari/537.78.2"
79.161.0.72 - - [26/Aug/2014:06:52:52 -0600] "GET /7b0744/images/ratings/green-3-75.png HTTP/1.1" 200 1263 "-" "Mozilla/5.0 (Macintosh; Intel Mac OS X 10_9_4) AppleWebKit/537.78.2 (KHTML, like Gecko) Version/7.0.6 Safari/537.78.2"
79.161.0.72 - - [26/Aug/2014:06:52:52 -0600] "GET /images/caa-logo.png HTTP/1.1" 200 10681 "-" "Mozilla/5.0 (Macintosh; Intel Mac OS X 10_9_4) AppleWebKit/537.78.2 (KHTML, like Gecko) Version/7.0.6 Safari/537.78.2"
79.161.0.72 - - [26/Aug/2014:06:52:52 -0600] "GET /images/thl-logo.png HTTP/1.1" 200 2925 "-" "Mozilla/5.0 (Macintosh; Intel Mac OS X 10_9_4) AppleWebKit/537.78.2 (KHTML, like Gecko) Version/7.0.6 Safari/537.78.2"
79.161.0.72 - - [26/Aug/2014:06:52:53 -0600] "GET /images/peta-logo.jpg HTTP/1.1" 200 14774 "-" "Mozilla/5.0 (Macintosh; Intel Mac OS X 10_9_4) AppleWebKit/537.78.2 (KHTML, like Gecko) Version/7.0.6 Safari/537.78.2"
79.161.0.72 - - [26/Aug/2014:06:52:53 -0600] "GET /images/cok-logo.png HTTP/1.1" 200 8577 "-" "Mozilla/5.0 (Macintosh; Intel Mac OS X 10_9_4) AppleWebKit/537.78.2 (KHTML, like Gecko) Version/7.0.6 Safari/537.78.2"
79.161.0.72 - - [26/Aug/2014:06:52:53 -0600] "GET /images/fs-logo.png HTTP/1.1" 200 10293 "-" "Mozilla/5.0 (Macintosh; Intel Mac OS X 10_9_4) AppleWebKit/537.78.2 (KHTML, like Gecko) Version/7.0.6 Safari/537.78.2"
79.161.0.72 - - [26/Aug/2014:06:52:53 -0600] "GET /images/vo-logo.gif HTTP/1.1" 200 1553 "-" "Mozilla/5.0 (Macintosh; Intel Mac OS X 10_9_4) AppleWebKit/537.78.2 (KHTML, like Gecko) Version/7.0.6 Safari/537.78.2"
79.161.0.72 - - [26/Aug/2014:06:52:53 -0600] "GET /images/favicon.ico HTTP/1.1" 200 1022 "-" "Mozilla/5.0 (Macintosh; Intel Mac OS X 10_9_4) AppleWebKit/537.78.2 (KHTML, like Gecko) Version/7.0.6 Safari/537.78.2"
157.55.39.71 - - [26/Aug/2014:06:52:54 -0600] "GET /entry/18213 HTTP/1.1" 200 4802 "-" "Mozilla/5.0 (compatible; bingbot/2.0; +http://www.bing.com/bingbot.htm)"
66.249.69.193 - - [26/Aug/2014:06:52:57 -0600] "GET /region/252.rss HTTP/1.1" 200 186188 "-" "Mozilla/5.0 (compatible; Googlebot/2.1; +http://www.google.com/bot.html)"
37.58.100.142 - - [26/Aug/2014:06:52:58 -0600] "GET /entry/near/13.4751%2C-144.748/map?unit=km;distance=50;address=96910 HTTP/1.1" 200 3269 "-" "Mozilla/5.0 (compatible; AhrefsBot/5.0; +http://ahrefs.com/robot/)"
37.58.100.142 - - [26/Aug/2014:06:53:03 -0600] "GET /entry/near/18.0422%2C-67.0563/filter?unit=mile;distance=25;sort_order=ASC;page=;order_by=distance;address=00667;limit= HTTP/1.1" 200 7238 "-" "Mozilla/5.0 (compatible; AhrefsBot/5.0; +http://ahrefs.com/robot/)"
100.43.90.11 - - [26/Aug/2014:06:53:16 -0600] "GET /entry/13772 HTTP/1.1" 200 4423 "-" "Mozilla/5.0 (compatible; YandexBot/3.0; +http://yandex.com/bots)"
188.121.41.53 - - [26/Aug/2014:06:53:19 -0600] "GET /search/by-lat-long/57.4503927,-6.2849752/filter/category_id=1;category_id=2;category_id=3;category_id=4;category_id=5;category_id=6;category_id=7;category_id=8;category_id=9?limit=10;unit=km;distance=10 HTTP/1.1" 200 3772 "-" "-"
157.55.39.70 - - [26/Aug/2014:06:53:24 -0600] "GET /region/1011/entry_form HTTP/1.1" 302 338 "-" "Mozilla/5.0 (compatible; bingbot/2.0; +http://www.bing.com/bingbot.htm)"
87.253.132.203 - - [26/Aug/2014:06:53:26 -0600] "HEAD /region/60.rss HTTP/1.1" 200 0 "-" "Owlin Bot v. 3.0"
37.58.100.142 - - [26/Aug/2014:06:53:27 -0600] "GET /entry/7628/review_form HTTP/1.1" 302 338 "-" "Mozilla/5.0 (compatible; AhrefsBot/5.0; +http://ahrefs.com/robot/)"
157.55.39.147 - - [26/Aug/2014:06:53:27 -0600] "GET /region/2890/printable HTTP/1.1" 301 178 "-" "Mozilla/5.0 (compatible; bingbot/2.0; +http://www.bing.com/bingbot.htm)"
68.180.225.35 - - [26/Aug/2014:06:53:30 -0600] "GET /entry/14835 HTTP/1.1" 200 4447 "-" "Mozilla/5.0 (compatible; Yahoo! Slurp; http://help.yahoo.com/help/us/ysearch/slurp)"
66.249.69.139 - - [26/Aug/2014:06:53:34 -0600] "GET /site/recent.atom?reviews_only=1 HTTP/1.1" 200 12772 "-" "Mozilla/5.0 (compatible; Googlebot/2.1; +http://www.google.com/bot.html)"
37.58.100.142 - - [26/Aug/2014:06:53:37 -0600] "GET /entry/near/41.3409%2C-73.2344/filter?unit=mile;distance=25;sort_order=ASC;page=;order_by=distance;address=06468;limit= HTTP/1.1" 200 8924 "-" "Mozilla/5.0 (compatible; AhrefsBot/5.0; +http://ahrefs.com/robot/)"
183.60.212.148 - - [26/Aug/2014:06:53:54 -0600] "GET /region/315 HTTP/1.1" 200 9011 "-" "Mozilla/5.0 (compatible; EasouSpider; +http://www.easou.com/search/spider.html)"
157.55.39.71 - - [26/Aug/2014:06:53:54 -0600] "GET /entry/14981 HTTP/1.1" 200 4531 "-" "Mozilla/5.0 (compatible; bingbot/2.0; +http://www.bing.com/bingbot.htm)"
62.210.215.100 - - [26/Aug/2014:06:53:55 -0600] "GET /region/2/recent.rss HTTP/1.1" 200 20229 "-" "Mozilla/5.0 (X11; Linux i686) AppleWebKit/537.36 (KHTML, like Gecko) Chrome/30.0.1599.66 Safari/537.36"
131.253.24.73 - - [26/Aug/2014:06:53:58 -0600] "GET /region/320 HTTP/1.1" 200 8184 "-" "Mozilla/5.0 (compatible; MSIE 9.0; Windows NT 6.0; Trident/5.0;  Trident/5.0)"
188.121.41.53 - - [26/Aug/2014:06:53:59 -0600] "GET /search/by-lat-long/42.246866,12.752743/filter/category_id=1;category_id=2;category_id=3;category_id=4;category_id=5;category_id=6;category_id=7;category_id=8;category_id=9?limit=10;unit=km;distance=10 HTTP/1.1" 200 340 "-" "-"
66.249.69.193 - - [26/Aug/2014:06:53:59 -0600] "GET /entry/19593/reviews HTTP/1.1" 200 3086 "-" "Mozilla/5.0 (compatible; Googlebot/2.1; +http://www.google.com/bot.html)"
131.253.24.73 - - [26/Aug/2014:06:54:00 -0600] "GET /7b0744/css/vegguide-combined.css HTTP/1.1" 200 20810 "-" "Mozilla/5.0 (compatible; MSIE 9.0; Windows NT 6.0; Trident/5.0;  Trident/5.0)"
131.253.24.73 - - [26/Aug/2014:06:54:01 -0600] "GET /7b0744/js/vegguide-combined.js HTTP/1.1" 200 94167 "-" "Mozilla/5.0 (compatible; MSIE 9.0; Windows NT 6.0; Trident/5.0;  Trident/5.0)"
176.126.47.114 - - [26/Aug/2014:06:54:05 -0600] "GET /entry/14775 HTTP/1.1" 200 4450 "-" "Mozilla/5.0 (Macintosh; Intel Mac OS X 10_9_4) AppleWebKit/537.36 (KHTML, like Gecko) Chrome/36.0.1985.143 Safari/537.36"
176.126.47.114 - - [26/Aug/2014:06:54:05 -0600] "GET /7b0744/css/vegguide-combined.css HTTP/1.1" 200 20810 "-" "Mozilla/5.0 (Macintosh; Intel Mac OS X 10_9_4) AppleWebKit/537.36 (KHTML, like Gecko) Chrome/36.0.1985.143 Safari/537.36"
176.126.47.114 - - [26/Aug/2014:06:54:05 -0600] "GET /images/vegguide-logo.png HTTP/1.1" 200 20540 "-" "Mozilla/5.0 (Macintosh; Intel Mac OS X 10_9_4) AppleWebKit/537.36 (KHTML, like Gecko) Chrome/36.0.1985.143 Safari/537.36"
176.126.47.114 - - [26/Aug/2014:06:54:06 -0600] "GET /7b0744/js/vegguide-combined.js HTTP/1.1" 200 94167 "-" "Mozilla/5.0 (Macintosh; Intel Mac OS X 10_9_4) AppleWebKit/537.36 (KHTML, like Gecko) Chrome/36.0.1985.143 Safari/537.36"
176.126.47.114 - - [26/Aug/2014:06:54:06 -0600] "GET /images/close-button.png HTTP/1.1" 200 693 "-" "Mozilla/5.0 (Macintosh; Intel Mac OS X 10_9_4) AppleWebKit/537.36 (KHTML, like Gecko) Chrome/36.0.1985.143 Safari/537.36"
176.126.47.114 - - [26/Aug/2014:06:54:06 -0600] "GET /7b0744/images/ratings/green-0-00.png HTTP/1.1" 200 791 "-" "Mozilla/5.0 (Macintosh; Intel Mac OS X 10_9_4) AppleWebKit/537.36 (KHTML, like Gecko) Chrome/36.0.1985.143 Safari/537.36"
176.126.47.114 - - [26/Aug/2014:06:54:06 -0600] "GET /images/upload-an-image.png HTTP/1.1" 200 7026 "-" "Mozilla/5.0 (Macintosh; Intel Mac OS X 10_9_4) AppleWebKit/537.36 (KHTML, like Gecko) Chrome/36.0.1985.143 Safari/537.36"
176.126.47.114 - - [26/Aug/2014:06:54:06 -0600] "GET /images/caa-logo.png HTTP/1.1" 200 10681 "-" "Mozilla/5.0 (Macintosh; Intel Mac OS X 10_9_4) AppleWebKit/537.36 (KHTML, like Gecko) Chrome/36.0.1985.143 Safari/537.36"
176.126.47.114 - - [26/Aug/2014:06:54:06 -0600] "GET /images/thl-logo.png HTTP/1.1" 200 2925 "-" "Mozilla/5.0 (Macintosh; Intel Mac OS X 10_9_4) AppleWebKit/537.36 (KHTML, like Gecko) Chrome/36.0.1985.143 Safari/537.36"
176.126.47.114 - - [26/Aug/2014:06:54:06 -0600] "GET /images/peta-logo.jpg HTTP/1.1" 200 14774 "-" "Mozilla/5.0 (Macintosh; Intel Mac OS X 10_9_4) AppleWebKit/537.36 (KHTML, like Gecko) Chrome/36.0.1985.143 Safari/537.36"
176.126.47.114 - - [26/Aug/2014:06:54:06 -0600] "GET /images/cok-logo.png HTTP/1.1" 200 8577 "-" "Mozilla/5.0 (Macintosh; Intel Mac OS X 10_9_4) AppleWebKit/537.36 (KHTML, like Gecko) Chrome/36.0.1985.143 Safari/537.36"
176.126.47.114 - - [26/Aug/2014:06:54:06 -0600] "GET /images/fs-logo.png HTTP/1.1" 200 10293 "-" "Mozilla/5.0 (Macintosh; Intel Mac OS X 10_9_4) AppleWebKit/537.36 (KHTML, like Gecko) Chrome/36.0.1985.143 Safari/537.36"
176.126.47.114 - - [26/Aug/2014:06:54:06 -0600] "GET /images/red-bullet.png HTTP/1.1" 200 231 "-" "Mozilla/5.0 (Macintosh; Intel Mac OS X 10_9_4) AppleWebKit/537.36 (KHTML, like Gecko) Chrome/36.0.1985.143 Safari/537.36"
176.126.47.114 - - [26/Aug/2014:06:54:06 -0600] "GET /images/vo-logo.gif HTTP/1.1" 200 1553 "-" "Mozilla/5.0 (Macintosh; Intel Mac OS X 10_9_4) AppleWebKit/537.36 (KHTML, like Gecko) Chrome/36.0.1985.143 Safari/537.36"
176.126.47.114 - - [26/Aug/2014:06:54:07 -0600] "GET /images/loader.gif HTTP/1.1" 200 3208 "-" "Mozilla/5.0 (Macintosh; Intel Mac OS X 10_9_4) AppleWebKit/537.36 (KHTML, like Gecko) Chrome/36.0.1985.143 Safari/537.36"
176.126.47.114 - - [26/Aug/2014:06:54:07 -0600] "GET /images/transparent.gif HTTP/1.1" 200 49 "-" "Mozilla/5.0 (Macintosh; Intel Mac OS X 10_9_4) AppleWebKit/537.36 (KHTML, like Gecko) Chrome/36.0.1985.143 Safari/537.36"
176.126.47.114 - - [26/Aug/2014:06:54:07 -0600] "GET /images/ratings/blue-1-00.png HTTP/1.1" 200 1037 "-" "Mozilla/5.0 (Macintosh; Intel Mac OS X 10_9_4) AppleWebKit/537.36 (KHTML, like Gecko) Chrome/36.0.1985.143 Safari/537.36"
176.126.47.114 - - [26/Aug/2014:06:54:07 -0600] "GET /images/ratings/blue-2-00.png HTTP/1.1" 200 1375 "-" "Mozilla/5.0 (Macintosh; Intel Mac OS X 10_9_4) AppleWebKit/537.36 (KHTML, like Gecko) Chrome/36.0.1985.143 Safari/537.36"
176.126.47.114 - - [26/Aug/2014:06:54:07 -0600] "GET /images/ratings/blue-3-00.png HTTP/1.1" 200 1416 "-" "Mozilla/5.0 (Macintosh; Intel Mac OS X 10_9_4) AppleWebKit/537.36 (KHTML, like Gecko) Chrome/36.0.1985.143 Safari/537.36"
176.126.47.114 - - [26/Aug/2014:06:54:07 -0600] "GET /images/ratings/blue-4-00.png HTTP/1.1" 200 1375 "-" "Mozilla/5.0 (Macintosh; Intel Mac OS X 10_9_4) AppleWebKit/537.36 (KHTML, like Gecko) Chrome/36.0.1985.143 Safari/537.36"
176.126.47.114 - - [26/Aug/2014:06:54:07 -0600] "GET /images/ratings/blue-5-00.png HTTP/1.1" 200 1198 "-" "Mozilla/5.0 (Macintosh; Intel Mac OS X 10_9_4) AppleWebKit/537.36 (KHTML, like Gecko) Chrome/36.0.1985.143 Safari/537.36"
176.126.47.114 - - [26/Aug/2014:06:54:07 -0600] "GET /images/favicon.ico HTTP/1.1" 200 1022 "-" "Mozilla/5.0 (Macintosh; Intel Mac OS X 10_9_4) AppleWebKit/537.36 (KHTML, like Gecko) Chrome/36.0.1985.143 Safari/537.36"
68.180.225.35 - - [26/Aug/2014:06:54:15 -0600] "GET /entry/16433/reviews HTTP/1.1" 200 3847 "-" "Mozilla/5.0 (compatible; Yahoo! Slurp; http://help.yahoo.com/help/us/ysearch/slurp)"
66.249.69.193 - - [26/Aug/2014:06:54:25 -0600] "GET /robots.txt HTTP/1.1" 200 151 "-" "Mozilla/5.0 (compatible; Googlebot/2.1; +http://www.google.com/bot.html)"
157.55.39.147 - - [26/Aug/2014:06:54:25 -0600] "GET /region/166/printable/veg_level=2 HTTP/1.1" 200 8442 "-" "Mozilla/5.0 (compatible; bingbot/2.0; +http://www.bing.com/bingbot.htm)"
23.239.8.38 - - [26/Aug/2014:06:54:31 -0600] "GET / HTTP/1.1" 301 178 "-" "check_http/v1.4.15 (nagios-plugins 1.4.15)"
23.239.8.38 - - [26/Aug/2014:06:54:31 -0600] "GET / HTTP/1.1" 200 10098 "-" "check_http/v1.4.15 (nagios-plugins 1.4.15)"
174.37.205.76 - - [26/Aug/2014:06:54:35 -0600] "GET /site/recent.atom HTTP/1.1" 200 20526 "-" "Mozilla/5.0 (X11; U; Linux x86_64; en-US; rv:1.9.0.19; aggregator:Spinn3r (Spinn3r 3.1); http://spinn3r.com/robot) Gecko/2010040121 Firefox/3.0.19"
199.21.99.207 - - [26/Aug/2014:06:54:44 -0600] "GET /61db66/images/ratings/green-1-00.png HTTP/1.1" 200 1118 "-" "Mozilla/5.0 (compatible; YandexImages/3.0; +http://yandex.com/bots)"
93.104.56.141 - - [26/Aug/2014:06:54:46 -0600] "GET /region/291 HTTP/1.1" 200 8628 "-" "Mozilla/5.0 (Windows NT 6.1; WOW64; rv:31.0) Gecko/20100101 Firefox/31.0"
93.104.56.141 - - [26/Aug/2014:06:54:47 -0600] "GET /7b0744/css/vegguide-combined.css HTTP/1.1" 200 20810 "-" "Mozilla/5.0 (Windows NT 6.1; WOW64; rv:31.0) Gecko/20100101 Firefox/31.0"
93.104.56.141 - - [26/Aug/2014:06:54:47 -0600] "GET /images/favicon.ico HTTP/1.1" 200 1022 "-" "Mozilla/5.0 (Windows NT 6.1; WOW64; rv:31.0) Gecko/20100101 Firefox/31.0"
93.104.56.141 - - [26/Aug/2014:06:54:48 -0600] "GET /7b0744/js/vegguide-combined.js HTTP/1.1" 200 94167 "-" "Mozilla/5.0 (Windows NT 6.1; WOW64; rv:31.0) Gecko/20100101 Firefox/31.0"
93.104.56.141 - - [26/Aug/2014:06:54:49 -0600] "GET /images/close-button.png HTTP/1.1" 200 693 "-" "Mozilla/5.0 (Windows NT 6.1; WOW64; rv:31.0) Gecko/20100101 Firefox/31.0"
93.104.56.141 - - [26/Aug/2014:06:54:49 -0600] "GET /images/vegguide-logo.png HTTP/1.1" 200 20540 "-" "Mozilla/5.0 (Windows NT 6.1; WOW64; rv:31.0) Gecko/20100101 Firefox/31.0"
93.104.56.141 - - [26/Aug/2014:06:54:49 -0600] "GET /7b0744/images/ratings/green-3-25.png HTTP/1.1" 200 1320 "-" "Mozilla/5.0 (Windows NT 6.1; WOW64; rv:31.0) Gecko/20100101 Firefox/31.0"
93.104.56.141 - - [26/Aug/2014:06:54:49 -0600] "GET /7b0744/images/ratings/green-0-00.png HTTP/1.1" 200 791 "-" "Mozilla/5.0 (Windows NT 6.1; WOW64; rv:31.0) Gecko/20100101 Firefox/31.0"
93.104.56.141 - - [26/Aug/2014:06:54:49 -0600] "GET /7b0744/images/sort-up.gif HTTP/1.1" 200 84 "-" "Mozilla/5.0 (Windows NT 6.1; WOW64; rv:31.0) Gecko/20100101 Firefox/31.0"
93.104.56.141 - - [26/Aug/2014:06:54:49 -0600] "GET /7b0744/images/sort-none.gif HTTP/1.1" 200 79 "-" "Mozilla/5.0 (Windows NT 6.1; WOW64; rv:31.0) Gecko/20100101 Firefox/31.0"
93.104.56.141 - - [26/Aug/2014:06:54:49 -0600] "GET /7b0744/images/ratings/green-3-50.png HTTP/1.1" 200 1283 "-" "Mozilla/5.0 (Windows NT 6.1; WOW64; rv:31.0) Gecko/20100101 Firefox/31.0"
93.104.56.141 - - [26/Aug/2014:06:54:49 -0600] "GET /7b0744/images/ratings/green-4-25.png HTTP/1.1" 200 896 "-" "Mozilla/5.0 (Windows NT 6.1; WOW64; rv:31.0) Gecko/20100101 Firefox/31.0"
93.104.56.141 - - [26/Aug/2014:06:54:49 -0600] "GET /7b0744/images/ratings/green-4-00.png HTTP/1.1" 200 1221 "-" "Mozilla/5.0 (Windows NT 6.1; WOW64; rv:31.0) Gecko/20100101 Firefox/31.0"
93.104.56.141 - - [26/Aug/2014:06:54:49 -0600] "GET /images/caa-logo.png HTTP/1.1" 200 10681 "-" "Mozilla/5.0 (Windows NT 6.1; WOW64; rv:31.0) Gecko/20100101 Firefox/31.0"
93.104.56.141 - - [26/Aug/2014:06:54:49 -0600] "GET /7b0744/images/ratings/green-4-50.png HTTP/1.1" 200 878 "-" "Mozilla/5.0 (Windows NT 6.1; WOW64; rv:31.0) Gecko/20100101 Firefox/31.0"
93.104.56.141 - - [26/Aug/2014:06:54:49 -0600] "GET /images/thl-logo.png HTTP/1.1" 200 2925 "-" "Mozilla/5.0 (Windows NT 6.1; WOW64; rv:31.0) Gecko/20100101 Firefox/31.0"
93.104.56.141 - - [26/Aug/2014:06:54:49 -0600] "GET /images/peta-logo.jpg HTTP/1.1" 200 14774 "-" "Mozilla/5.0 (Windows NT 6.1; WOW64; rv:31.0) Gecko/20100101 Firefox/31.0"
93.104.56.141 - - [26/Aug/2014:06:54:49 -0600] "GET /images/cok-logo.png HTTP/1.1" 200 8577 "-" "Mozilla/5.0 (Windows NT 6.1; WOW64; rv:31.0) Gecko/20100101 Firefox/31.0"
93.104.56.141 - - [26/Aug/2014:06:54:49 -0600] "GET /images/fs-logo.png HTTP/1.1" 200 10293 "-" "Mozilla/5.0 (Windows NT 6.1; WOW64; rv:31.0) Gecko/20100101 Firefox/31.0"
93.104.56.141 - - [26/Aug/2014:06:54:49 -0600] "GET /images/vo-logo.gif HTTP/1.1" 200 1553 "-" "Mozilla/5.0 (Windows NT 6.1; WOW64; rv:31.0) Gecko/20100101 Firefox/31.0"
93.104.56.141 - - [26/Aug/2014:06:54:49 -0600] "GET /images/loader.gif HTTP/1.1" 200 3208 "-" "Mozilla/5.0 (Windows NT 6.1; WOW64; rv:31.0) Gecko/20100101 Firefox/31.0"
93.104.56.141 - - [26/Aug/2014:06:54:49 -0600] "GET /images/transparent.gif HTTP/1.1" 200 49 "-" "Mozilla/5.0 (Windows NT 6.1; WOW64; rv:31.0) Gecko/20100101 Firefox/31.0"
157.55.39.5 - - [26/Aug/2014:06:54:54 -0600] "GET /entry/20249 HTTP/1.1" 200 5530 "-" "Mozilla/5.0 (compatible; bingbot/2.0; +http://www.bing.com/bingbot.htm)"
68.180.225.35 - - [26/Aug/2014:06:55:00 -0600] "GET /region/1918/recent.rss HTTP/1.1" 200 4978 "-" "Mozilla/5.0 (compatible; Yahoo! Slurp; http://help.yahoo.com/help/us/ysearch/slurp)"
66.249.69.161 - - [26/Aug/2014:06:55:08 -0600] "GET /entry/19599/reviews HTTP/1.1" 200 3082 "-" "Mozilla/5.0 (compatible; Googlebot/2.1; +http://www.google.com/bot.html)"
66.249.69.177 - - [26/Aug/2014:06:55:14 -0600] "GET /region/1331.rss HTTP/1.1" 200 42899 "-" "Mozilla/5.0 (compatible; Googlebot/2.1; +http://www.google.com/bot.html)"
37.58.100.142 - - [26/Aug/2014:06:55:24 -0600] "GET /entry/517 HTTP/1.1" 200 6092 "-" "Mozilla/5.0 (compatible; AhrefsBot/5.0; +http://ahrefs.com/robot/)"
207.46.13.94 - - [26/Aug/2014:06:55:24 -0600] "GET /entry/5044 HTTP/1.1" 200 4320 "-" "Mozilla/5.0 (compatible; bingbot/2.0; +http://www.bing.com/bingbot.htm)"
66.249.69.161 - - [26/Aug/2014:06:55:26 -0600] "GET /entry/near/45.1416,-89.1512/filter?unit=mile;distance=50;sort_order=ASC;page=1;order_by=distance;address=54409;limit=20 HTTP/1.1" 200 7035 "-" "Mozilla/5.0 (compatible; Googlebot/2.1; +http://www.google.com/bot.html)"
94.228.34.203 - - [26/Aug/2014:06:55:30 -0600] "GET /robots.txt HTTP/1.1" 200 151 "-" "magpie-crawler/1.1 (U; Linux amd64; en-GB; +http://www.brandwatch.net)"
94.228.34.203 - - [26/Aug/2014:06:55:34 -0600] "GET /site.rss HTTP/1.1" 200 772858 "-" "magpie-crawler/1.1 (U; Linux amd64; en-GB; +http://www.brandwatch.net)"
66.249.69.161 - - [26/Aug/2014:06:55:43 -0600] "GET /entry-images/9428/9428-5543-small.jpg HTTP/1.1" 200 637074 "-" "Googlebot-Image/1.0"
68.180.225.35 - - [26/Aug/2014:06:55:45 -0600] "GET /entry/1342 HTTP/1.1" 200 4980 "-" "Mozilla/5.0 (compatible; Yahoo! Slurp; http://help.yahoo.com/help/us/ysearch/slurp)"
207.46.13.94 - - [26/Aug/2014:06:55:54 -0600] "GET /entry/18995 HTTP/1.1" 200 4321 "-" "Mozilla/5.0 (compatible; bingbot/2.0; +http://www.bing.com/bingbot.htm)"
66.249.69.193 - - [26/Aug/2014:06:56:00 -0600] "GET /entry/near/40.9515,-87.2983/filter?unit=mile;distance=25;sort_order=DESC;page=1;order_by=rating;address=47964;limit=20 HTTP/1.1" 200 6230 "-" "Mozilla/5.0 (compatible; Googlebot/2.1; +http://www.google.com/bot.html)"
37.58.100.142 - - [26/Aug/2014:06:56:11 -0600] "GET /entry/near/42.0145%2C-73.8988/map/category_id=1?unit=mile;distance=2;address=12504 HTTP/1.1" 200 3347 "-" "Mozilla/5.0 (compatible; AhrefsBot/5.0; +http://ahrefs.com/robot/)"
183.60.213.53 - - [26/Aug/2014:06:56:12 -0600] "GET /entry/12450/map HTTP/1.1" 200 3575 "-" "Mozilla/5.0 (compatible; EasouSpider; +http://www.easou.com/search/spider.html)"
66.249.69.161 - - [26/Aug/2014:06:56:17 -0600] "GET /entry/11015/map HTTP/1.1" 200 3576 "-" "Mozilla/5.0 (compatible; Googlebot/2.1; +http://www.google.com/bot.html)"
37.58.100.142 - - [26/Aug/2014:06:56:23 -0600] "GET /entry/13187 HTTP/1.1" 200 4559 "-" "Mozilla/5.0 (compatible; AhrefsBot/5.0; +http://ahrefs.com/robot/)"
157.55.39.70 - - [26/Aug/2014:06:56:24 -0600] "GET /entry/60 HTTP/1.1" 200 6064 "-" "Mozilla/5.0 (compatible; bingbot/2.0; +http://www.bing.com/bingbot.htm)"
37.58.100.142 - - [26/Aug/2014:06:56:24 -0600] "GET /entry/12602 HTTP/1.1" 200 6564 "-" "Mozilla/5.0 (compatible; AhrefsBot/5.0; +http://ahrefs.com/robot/)"
66.249.69.161 - - [26/Aug/2014:06:56:26 -0600] "GET /entry/near/44.0808,-74.7031/filter?unit=mile;distance=10;sort_order=ASC;page=1;order_by=distance;address=12847;limit=20 HTTP/1.1" 200 6214 "-" "Mozilla/5.0 (compatible; Googlebot/2.1; +http://www.google.com/bot.html)"
94.23.13.207 - - [26/Aug/2014:06:56:27 -0600] "GET /region/13/recent.atom HTTP/1.1" 200 20558 "-" "FeedHQ/0.2 (https://github.com/feedhq/feedhq; 1 subscriber; https://github.com/feedhq/feedhq/wiki/fetcher; like FeedFetcher-Google)"
68.180.225.35 - - [26/Aug/2014:06:56:30 -0600] "GET /entry/20114/reviews HTTP/1.1" 200 3629 "-" "Mozilla/5.0 (compatible; Yahoo! Slurp; http://help.yahoo.com/help/us/ysearch/slurp)"
83.30.145.139 - - [26/Aug/2014:06:56:49 -0600] "GET /region/254 HTTP/1.1" 200 8437 "-" "Mozilla/5.0 (Windows NT 6.1; rv:2.0b7pre) Gecko/20100921 Firefox/4.0b7pre"
157.55.39.71 - - [26/Aug/2014:06:56:54 -0600] "GET /entry/18705 HTTP/1.1" 200 4846 "-" "Mozilla/5.0 (compatible; bingbot/2.0; +http://www.bing.com/bingbot.htm)"
66.249.69.177 - - [26/Aug/2014:06:57:09 -0600] "GET /entry/near/34.2848,-82.22/filter/category_id=1?unit=mile;distance=25;address=29653 HTTP/1.1" 200 6692 "-" "Mozilla/5.0 (compatible; Googlebot/2.1; +http://www.google.com/bot.html)"
68.180.225.35 - - [26/Aug/2014:06:57:15 -0600] "GET /entry/8611 HTTP/1.1" 200 4721 "-" "Mozilla/5.0 (compatible; Yahoo! Slurp; http://help.yahoo.com/help/us/ysearch/slurp)"
173.192.238.58 - - [26/Aug/2014:06:57:16 -0600] "GET / HTTP/1.1" 200 4107 "-" "Mozilla/5.0 (X11; U; Linux x86_64; en-US; rv:1.9.0.19; aggregator:Spinn3r (Spinn3r 3.1); http://spinn3r.com/robot) Gecko/2010040121 Firefox/3.0.19"
37.58.100.142 - - [26/Aug/2014:06:57:20 -0600] "GET /entry/17108 HTTP/1.1" 200 4501 "-" "Mozilla/5.0 (compatible; AhrefsBot/5.0; +http://ahrefs.com/robot/)"
157.55.39.70 - - [26/Aug/2014:06:57:24 -0600] "GET /entry/8480 HTTP/1.1" 200 6285 "-" "Mozilla/5.0 (compatible; bingbot/2.0; +http://www.bing.com/bingbot.htm)"
66.249.69.193 - - [26/Aug/2014:06:57:25 -0600] "GET /entry/13027/map HTTP/1.1" 200 3546 "-" "Mozilla/5.0 (compatible; Googlebot/2.1; +http://www.google.com/bot.html)"
66.249.69.177 - - [26/Aug/2014:06:57:27 -0600] "GET /entry/near/41.3358,-95.9726/filter?unit=mile;distance=5;sort_order=ASC;page=1;order_by=distance;address=68112;limit=20 HTTP/1.1" 200 7061 "-" "Mozilla/5.0 (compatible; Googlebot/2.1; +http://www.google.com/bot.html)"
131.253.24.55 - - [26/Aug/2014:06:57:32 -0600] "GET /region/130 HTTP/1.1" 200 9683 "-" "Mozilla/5.0 (compatible; MSIE 9.0; Windows NT 6.0; Trident/5.0;  Trident/5.0)"
131.253.24.55 - - [26/Aug/2014:06:57:34 -0600] "GET /7b0744/css/vegguide-combined.css HTTP/1.1" 200 20810 "-" "Mozilla/5.0 (compatible; MSIE 9.0; Windows NT 6.0; Trident/5.0;  Trident/5.0)"
131.253.24.55 - - [26/Aug/2014:06:57:35 -0600] "GET /7b0744/js/vegguide-combined.js HTTP/1.1" 200 94167 "-" "Mozilla/5.0 (compatible; MSIE 9.0; Windows NT 6.0; Trident/5.0;  Trident/5.0)"
195.2.240.103 - - [26/Aug/2014:06:57:45 -0600] "GET /entry/397 HTTP/1.1" 200 12144 "-" "Mozilla/5.0 (Windows NT 6.1; WOW64; rv:26.1) Gecko/20100101 Firefox/26.0"
195.2.240.103 - - [26/Aug/2014:06:57:46 -0600] "GET /entry/708 HTTP/1.1" 200 17070 "-" "Mozilla/5.0 (Windows NT 6.1; WOW64; rv:26.1) Gecko/20100101 Firefox/26.0"
157.55.39.5 - - [26/Aug/2014:06:57:54 -0600] "GET /site/clone_entry_form?vendor_id=20246 HTTP/1.1" 302 338 "-" "Mozilla/5.0 (compatible; bingbot/2.0; +http://www.bing.com/bingbot.htm)"
4.35.150.131 - - [26/Aug/2014:06:58:00 -0600] "GET /site/recent.atom HTTP/1.1" 200 20526 "-" "Apple-PubSub/65.28"
66.249.69.161 - - [26/Aug/2014:06:58:00 -0600] "GET /entry/near/38.2008,-84.8721/filter/category_id=1?unit=mile;distance=25;address=40621 HTTP/1.1" 200 7575 "-" "Mozilla/5.0 (compatible; Googlebot/2.1; +http://www.google.com/bot.html)"
68.180.225.35 - - [26/Aug/2014:06:58:00 -0600] "GET /entry/3542 HTTP/1.1" 200 5674 "-" "Mozilla/5.0 (compatible; Yahoo! Slurp; http://help.yahoo.com/help/us/ysearch/slurp)"
198.204.244.179 - - [26/Aug/2014:06:58:06 -0600] "GET /region/107.rss HTTP/1.1" 200 910272 "-" "Opera/9.80 (Windows NT 6.2; Win64; x64) Presto/2.12.388 Version/12.16"
37.58.100.142 - - [26/Aug/2014:06:58:07 -0600] "GET /entry/3516/edit_form HTTP/1.1" 302 338 "-" "Mozilla/5.0 (compatible; AhrefsBot/5.0; +http://ahrefs.com/robot/)"
65.55.215.255 - - [26/Aug/2014:06:58:11 -0600] "GET /region/154 HTTP/1.1" 200 8938 "-" "Mozilla/5.0 (compatible; MSIE 9.0; Windows NT 6.0; Trident/5.0;  Trident/5.0)"
65.55.215.255 - - [26/Aug/2014:06:58:13 -0600] "GET /7b0744/css/vegguide-combined.css HTTP/1.1" 200 20810 "-" "Mozilla/5.0 (compatible; MSIE 9.0; Windows NT 6.0; Trident/5.0;  Trident/5.0)"
65.55.215.255 - - [26/Aug/2014:06:58:13 -0600] "GET /7b0744/js/vegguide-combined.js HTTP/1.1" 200 94167 "-" "Mozilla/5.0 (compatible; MSIE 9.0; Windows NT 6.0; Trident/5.0;  Trident/5.0)"
188.121.41.53 - - [26/Aug/2014:06:58:21 -0600] "GET /search/by-lat-long/-31.741936,-60.531997/filter/category_id=1;category_id=2;category_id=3;category_id=4;category_id=5;category_id=6;category_id=7;category_id=8;category_id=9?limit=10;unit=km;distance=10 HTTP/1.1" 200 342 "-" "-"
157.55.39.70 - - [26/Aug/2014:06:58:24 -0600] "GET /entry/12157 HTTP/1.1" 200 5225 "-" "Mozilla/5.0 (compatible; bingbot/2.0; +http://www.bing.com/bingbot.htm)"
144.76.32.135 - - [26/Aug/2014:06:58:28 -0600] "GET /site/recent.rss HTTP/1.1" 200 20227 "-" "Mozilla/5.0 (X11; compatible; semantic-visions.com crawler; HTTPClient 3.1)"
144.76.32.135 - - [26/Aug/2014:06:58:28 -0600] "GET /entry/20252 HTTP/1.1" 200 4599 "-" "Mozilla/5.0 (X11; compatible; semantic-visions.com crawler; HTTPClient 3.1)"
144.76.32.135 - - [26/Aug/2014:06:58:28 -0600] "GET /entry/20244 HTTP/1.1" 200 4562 "-" "Mozilla/5.0 (X11; compatible; semantic-visions.com crawler; HTTPClient 3.1)"
144.76.32.135 - - [26/Aug/2014:06:58:29 -0600] "GET /entry/20243 HTTP/1.1" 200 4560 "-" "Mozilla/5.0 (X11; compatible; semantic-visions.com crawler; HTTPClient 3.1)"
144.76.32.135 - - [26/Aug/2014:06:58:29 -0600] "GET /entry/18343/reviews HTTP/1.1" 200 3507 "-" "Mozilla/5.0 (X11; compatible; semantic-visions.com crawler; HTTPClient 3.1)"
37.58.100.151 - - [26/Aug/2014:06:58:34 -0600] "GET /site/recent.rss HTTP/1.1" 200 20267 "-" "Mozilla/5.0 (compatible; AhrefsBot/5.0; +http://ahrefs.com/robot/)"
66.249.69.161 - - [26/Aug/2014:06:58:34 -0600] "GET /entry/12088/map HTTP/1.1" 200 3584 "-" "Mozilla/5.0 (compatible; Googlebot/2.1; +http://www.google.com/bot.html)"
144.76.37.210 - - [26/Aug/2014:06:58:38 -0600] "GET /site/recent.rss HTTP/1.1" 200 20227 "-" "SilverReader/1.0; http://silverreader.com"
183.60.212.148 - - [26/Aug/2014:06:58:41 -0600] "GET /entry/3945/edit_form HTTP/1.1" 302 338 "-" "Mozilla/5.0 (compatible; EasouSpider; +http://www.easou.com/search/spider.html)"
188.121.41.53 - - [26/Aug/2014:06:58:45 -0600] "GET /search/by-lat-long/41.5936835,-74.7321862/filter/category_id=1;category_id=2;category_id=3;category_id=4;category_id=5;category_id=6;category_id=7;category_id=8;category_id=9?limit=10;unit=km;distance=10 HTTP/1.1" 200 343 "-" "-"
68.180.225.35 - - [26/Aug/2014:06:58:45 -0600] "GET /region/101/filter?sort_order=ASC;page=5;order_by=name;limit=20 HTTP/1.1" 200 7850 "-" "Mozilla/5.0 (compatible; Yahoo! Slurp; http://help.yahoo.com/help/us/ysearch/slurp)"
157.55.39.71 - - [26/Aug/2014:06:58:54 -0600] "GET /entry/9693/edit_hours_form HTTP/1.1" 302 338 "-" "Mozilla/5.0 (compatible; bingbot/2.0; +http://www.bing.com/bingbot.htm)"
50.204.20.212 - - [26/Aug/2014:06:58:57 -0600] "GET /entry-images/3030/3030-1473-small.jpg HTTP/1.1" 200 20748 "-" "Mozilla/5.0 (Windows NT 6.1; WOW64) AppleWebKit/537.36 (KHTML, like Gecko) Chrome/36.0.1985.143 Safari/537.36"
37.58.100.142 - - [26/Aug/2014:06:58:58 -0600] "GET /vendor/view.html?vendor_id=452 HTTP/1.1" 301 178 "-" "Mozilla/5.0 (compatible; AhrefsBot/5.0; +http://ahrefs.com/robot/)"
142.166.68.36 - - [26/Aug/2014:06:59:15 -0600] "GET /region/52.rss HTTP/1.1" 200 4768311 "-" "R6_FeedFetcher(www.radian6.com/crawler)"
78.84.55.217 - - [26/Aug/2014:06:59:16 -0600] "GET /region/2331/map/veg_level=2 HTTP/1.1" 200 4336 "-" "Mozilla/5.0 (Windows NT 6.1; WOW64) AppleWebKit/537.36 (KHTML, like Gecko) Chrome/34.0.1847.137 Safari/537.36"
78.84.55.217 - - [26/Aug/2014:06:59:17 -0600] "GET /7b0744/css/vegguide-combined.css HTTP/1.1" 200 20810 "-" "Mozilla/5.0 (Windows NT 6.1; WOW64) AppleWebKit/537.36 (KHTML, like Gecko) Chrome/34.0.1847.137 Safari/537.36"
78.84.55.217 - - [26/Aug/2014:06:59:18 -0600] "GET /images/vegguide-logo.png HTTP/1.1" 200 20540 "-" "Mozilla/5.0 (Windows NT 6.1; WOW64) AppleWebKit/537.36 (KHTML, like Gecko) Chrome/34.0.1847.137 Safari/537.36"
78.84.55.217 - - [26/Aug/2014:06:59:18 -0600] "GET /images/close-button.png HTTP/1.1" 200 693 "-" "Mozilla/5.0 (Windows NT 6.1; WOW64) AppleWebKit/537.36 (KHTML, like Gecko) Chrome/34.0.1847.137 Safari/537.36"
78.84.55.217 - - [26/Aug/2014:06:59:18 -0600] "GET /7b0744/images/map-icons/restaurant3.png HTTP/1.1" 200 846 "-" "Mozilla/5.0 (Windows NT 6.1; WOW64) AppleWebKit/537.36 (KHTML, like Gecko) Chrome/34.0.1847.137 Safari/537.36"
78.84.55.217 - - [26/Aug/2014:06:59:18 -0600] "GET /7b0744/images/map-icons/restaurant5.png HTTP/1.1" 200 826 "-" "Mozilla/5.0 (Windows NT 6.1; WOW64) AppleWebKit/537.36 (KHTML, like Gecko) Chrome/34.0.1847.137 Safari/537.36"
78.84.55.217 - - [26/Aug/2014:06:59:18 -0600] "GET /7b0744/images/map-icons/restaurant2.png HTTP/1.1" 200 833 "-" "Mozilla/5.0 (Windows NT 6.1; WOW64) AppleWebKit/537.36 (KHTML, like Gecko) Chrome/34.0.1847.137 Safari/537.36"
78.84.55.217 - - [26/Aug/2014:06:59:18 -0600] "GET /7b0744/images/map-icons/restaurant1.png HTTP/1.1" 200 837 "-" "Mozilla/5.0 (Windows NT 6.1; WOW64) AppleWebKit/537.36 (KHTML, like Gecko) Chrome/34.0.1847.137 Safari/537.36"
78.84.55.217 - - [26/Aug/2014:06:59:18 -0600] "GET /7b0744/images/map-icons/grocery.png HTTP/1.1" 200 1100 "-" "Mozilla/5.0 (Windows NT 6.1; WOW64) AppleWebKit/537.36 (KHTML, like Gecko) Chrome/34.0.1847.137 Safari/537.36"
78.84.55.217 - - [26/Aug/2014:06:59:18 -0600] "GET /7b0744/images/map-icons/restaurant.png HTTP/1.1" 200 1071 "-" "Mozilla/5.0 (Windows NT 6.1; WOW64) AppleWebKit/537.36 (KHTML, like Gecko) Chrome/34.0.1847.137 Safari/537.36"
78.84.55.217 - - [26/Aug/2014:06:59:18 -0600] "GET /7b0744/images/map-icons/catering.png HTTP/1.1" 200 1094 "-" "Mozilla/5.0 (Windows NT 6.1; WOW64) AppleWebKit/537.36 (KHTML, like Gecko) Chrome/34.0.1847.137 Safari/537.36"
78.84.55.217 - - [26/Aug/2014:06:59:18 -0600] "GET /7b0744/images/map-icons/organization.png HTTP/1.1" 200 1224 "-" "Mozilla/5.0 (Windows NT 6.1; WOW64) AppleWebKit/537.36 (KHTML, like Gecko) Chrome/34.0.1847.137 Safari/537.36"
78.84.55.217 - - [26/Aug/2014:06:59:18 -0600] "GET /7b0744/images/map-icons/coffee.png HTTP/1.1" 200 973 "-" "Mozilla/5.0 (Windows NT 6.1; WOW64) AppleWebKit/537.36 (KHTML, like Gecko) Chrome/34.0.1847.137 Safari/537.36"
78.84.55.217 - - [26/Aug/2014:06:59:18 -0600] "GET /7b0744/images/map-icons/bar.png HTTP/1.1" 200 1143 "-" "Mozilla/5.0 (Windows NT 6.1; WOW64) AppleWebKit/537.36 (KHTML, like Gecko) Chrome/34.0.1847.137 Safari/537.36"
78.84.55.217 - - [26/Aug/2014:06:59:18 -0600] "GET /7b0744/js/vegguide-combined.js HTTP/1.1" 200 94167 "-" "Mozilla/5.0 (Windows NT 6.1; WOW64) AppleWebKit/537.36 (KHTML, like Gecko) Chrome/34.0.1847.137 Safari/537.36"
78.84.55.217 - - [26/Aug/2014:06:59:18 -0600] "GET /7b0744/images/map-icons/general_store.png HTTP/1.1" 200 891 "-" "Mozilla/5.0 (Windows NT 6.1; WOW64) AppleWebKit/537.36 (KHTML, like Gecko) Chrome/34.0.1847.137 Safari/537.36"
78.84.55.217 - - [26/Aug/2014:06:59:18 -0600] "GET /7b0744/images/map-icons/food_court.png HTTP/1.1" 200 1425 "-" "Mozilla/5.0 (Windows NT 6.1; WOW64) AppleWebKit/537.36 (KHTML, like Gecko) Chrome/34.0.1847.137 Safari/537.36"
78.84.55.217 - - [26/Aug/2014:06:59:19 -0600] "GET /7b0744/images/map-icons/lodging.png HTTP/1.1" 200 1255 "-" "Mozilla/5.0 (Windows NT 6.1; WOW64) AppleWebKit/537.36 (KHTML, like Gecko) Chrome/34.0.1847.137 Safari/537.36"
78.84.55.217 - - [26/Aug/2014:06:59:19 -0600] "GET /images/caa-logo.png HTTP/1.1" 200 10681 "-" "Mozilla/5.0 (Windows NT 6.1; WOW64) AppleWebKit/537.36 (KHTML, like Gecko) Chrome/34.0.1847.137 Safari/537.36"
78.84.55.217 - - [26/Aug/2014:06:59:19 -0600] "GET /images/thl-logo.png HTTP/1.1" 200 2925 "-" "Mozilla/5.0 (Windows NT 6.1; WOW64) AppleWebKit/537.36 (KHTML, like Gecko) Chrome/34.0.1847.137 Safari/537.36"
78.84.55.217 - - [26/Aug/2014:06:59:19 -0600] "GET /7b0744/images/map-icons/other.png HTTP/1.1" 200 1663 "-" "Mozilla/5.0 (Windows NT 6.1; WOW64) AppleWebKit/537.36 (KHTML, like Gecko) Chrome/34.0.1847.137 Safari/537.36"
78.84.55.217 - - [26/Aug/2014:06:59:19 -0600] "GET /images/peta-logo.jpg HTTP/1.1" 200 14774 "-" "Mozilla/5.0 (Windows NT 6.1; WOW64) AppleWebKit/537.36 (KHTML, like Gecko) Chrome/34.0.1847.137 Safari/537.36"
78.84.55.217 - - [26/Aug/2014:06:59:19 -0600] "GET /images/cok-logo.png HTTP/1.1" 200 8577 "-" "Mozilla/5.0 (Windows NT 6.1; WOW64) AppleWebKit/537.36 (KHTML, like Gecko) Chrome/34.0.1847.137 Safari/537.36"
78.84.55.217 - - [26/Aug/2014:06:59:19 -0600] "GET /images/fs-logo.png HTTP/1.1" 200 10293 "-" "Mozilla/5.0 (Windows NT 6.1; WOW64) AppleWebKit/537.36 (KHTML, like Gecko) Chrome/34.0.1847.137 Safari/537.36"
78.84.55.217 - - [26/Aug/2014:06:59:19 -0600] "GET /images/vo-logo.gif HTTP/1.1" 200 1553 "-" "Mozilla/5.0 (Windows NT 6.1; WOW64) AppleWebKit/537.36 (KHTML, like Gecko) Chrome/34.0.1847.137 Safari/537.36"
78.84.55.217 - - [26/Aug/2014:06:59:19 -0600] "GET /images/loader.gif HTTP/1.1" 200 3208 "-" "Mozilla/5.0 (Windows NT 6.1; WOW64) AppleWebKit/537.36 (KHTML, like Gecko) Chrome/34.0.1847.137 Safari/537.36"
78.84.55.217 - - [26/Aug/2014:06:59:19 -0600] "GET /images/transparent.gif HTTP/1.1" 200 49 "-" "Mozilla/5.0 (Windows NT 6.1; WOW64) AppleWebKit/537.36 (KHTML, like Gecko) Chrome/34.0.1847.137 Safari/537.36"
66.249.69.193 - - [26/Aug/2014:06:59:20 -0600] "GET /entry/near/39.5921,-89.4245/map?unit=mile;distance=25;address=62517 HTTP/1.1" 200 13102 "-" "Mozilla/5.0 (iPhone; CPU iPhone OS 6_0 like Mac OS X) AppleWebKit/536.26 (KHTML, like Gecko) Version/6.0 Mobile/10A5376e Safari/8536.25 (compatible; Googlebot/2.1; +http://www.google.com/bot.html)"
157.55.39.70 - - [26/Aug/2014:06:59:24 -0600] "GET /entry/2649 HTTP/1.1" 200 6795 "-" "Mozilla/5.0 (compatible; bingbot/2.0; +http://www.bing.com/bingbot.htm)"
78.84.55.217 - - [26/Aug/2014:06:59:29 -0600] "GET /images/map-icons/restaurant3.png HTTP/1.1" 200 846 "-" "Mozilla/5.0 (Windows NT 6.1; WOW64) AppleWebKit/537.36 (KHTML, like Gecko) Chrome/34.0.1847.137 Safari/537.36"
68.180.225.35 - - [26/Aug/2014:06:59:30 -0600] "GET /entry/14231 HTTP/1.1" 200 4746 "-" "Mozilla/5.0 (compatible; Yahoo! Slurp; http://help.yahoo.com/help/us/ysearch/slurp)"
23.239.8.38 - - [26/Aug/2014:06:59:31 -0600] "GET / HTTP/1.1" 301 178 "-" "check_http/v1.4.15 (nagios-plugins 1.4.15)"
23.239.8.38 - - [26/Aug/2014:06:59:31 -0600] "GET / HTTP/1.1" 200 10098 "-" "check_http/v1.4.15 (nagios-plugins 1.4.15)"
