68.180.225.35 - - [26/Aug/2014:07:29:30 -0600] "GET /region/1063/filter/category_id=1 HTTP/1.1" 200 4368 "-" "Mozilla/5.0 (compatible; Yahoo! Slurp; http://help.yahoo.com/help/us/ysearch/slurp)"
23.239.8.38 - - [26/Aug/2014:07:29:31 -0600] "GET / HTTP/1.1" 301 178 "-" "check_http/v1.4.15 (nagios-plugins 1.4.15)"
23.239.8.38 - - [26/Aug/2014:07:29:31 -0600] "GET / HTTP/1.1" 200 10098 "-" "check_http/v1.4.15 (nagios-plugins 1.4.15)"
66.249.69.193 - - [26/Aug/2014:07:29:31 -0600] "GET /entry/505/map HTTP/1.1" 200 3572 "-" "Mozilla/5.0 (compatible; Googlebot/2.1; +http://www.google.com/bot.html)"
66.249.69.161 - - [26/Aug/2014:07:29:33 -0600] "GET /entry/near/40.4116,-75.7609/printable?unit=mile;distance=25;address=18056 HTTP/1.1" 200 7656 "-" "Mozilla/5.0 (compatible; Googlebot/2.1; +http://www.google.com/bot.html)"
37.58.100.142 - - [26/Aug/2014:07:29:39 -0600] "GET /user/10802 HTTP/1.1" 200 3321 "-" "Mozilla/5.0 (compatible; AhrefsBot/5.0; +http://ahrefs.com/robot/)"
66.249.69.177 - - [26/Aug/2014:07:29:45 -0600] "GET /region/366.rss HTTP/1.1" 200 39757 "-" "Mozilla/5.0 (compatible; Googlebot/2.1; +http://www.google.com/bot.html)"
24.123.0.84 - - [26/Aug/2014:07:29:48 -0600] "GET /region/130/filter?sort_order=ASC;page=3;order_by=name;limit=20 HTTP/1.1" 200 9685 "-" "Mozilla/5.0 (Windows NT 5.1) AppleWebKit/537.36 (KHTML, like Gecko) Chrome/36.0.1985.143 Safari/537.36"
157.55.39.237 - - [26/Aug/2014:07:29:54 -0600] "GET /entry/14751/reviews HTTP/1.1" 200 4667 "-" "Mozilla/5.0 (compatible; bingbot/2.0; +http://www.bing.com/bingbot.htm)"
199.30.20.1 - - [26/Aug/2014:07:29:55 -0600] "GET /entry-images/3671/3671-1956-small.jpg HTTP/1.1" 200 67437 "-" "msnbot-media/1.1 (+http://search.msn.com/msnbot.htm)"
24.123.0.84 - - [26/Aug/2014:07:30:07 -0600] "GET /region/130/filter?sort_order=ASC;page=4;order_by=name;limit=20 HTTP/1.1" 200 10046 "-" "Mozilla/5.0 (Windows NT 5.1) AppleWebKit/537.36 (KHTML, like Gecko) Chrome/36.0.1985.143 Safari/537.36"
24.123.0.84 - - [26/Aug/2014:07:30:07 -0600] "GET /7b0744/images/ratings/green-3-75.png HTTP/1.1" 200 1263 "-" "Mozilla/5.0 (Windows NT 5.1) AppleWebKit/537.36 (KHTML, like Gecko) Chrome/36.0.1985.143 Safari/537.36"
66.249.91.182 - - [26/Aug/2014:07:30:13 -0600] "GET /region/98/recent.atom HTTP/1.1" 200 20711 "-" "Feedfetcher-Google; (+http://www.google.com/feedfetcher.html; 1 subscribers; feed-id=14274911952349865285)"
68.180.225.35 - - [26/Aug/2014:07:30:15 -0600] "GET /entry/13250 HTTP/1.1" 200 4545 "-" "Mozilla/5.0 (compatible; Yahoo! Slurp; http://help.yahoo.com/help/us/ysearch/slurp)"
192.249.1.131 - - [26/Aug/2014:07:30:24 -0600] "GET /region/466 HTTP/1.1" 200 8640 "-" "Mozilla/5.0 (Macintosh; Intel Mac OS X 10_9_4) AppleWebKit/537.77.4 (KHTML, like Gecko) Version/7.0.5 Safari/537.77.4"
192.249.1.131 - - [26/Aug/2014:07:30:24 -0600] "GET /7b0744/css/vegguide-combined.css HTTP/1.1" 200 20810 "-" "Mozilla/5.0 (Macintosh; Intel Mac OS X 10_9_4) AppleWebKit/537.77.4 (KHTML, like Gecko) Version/7.0.5 Safari/537.77.4"
192.249.1.131 - - [26/Aug/2014:07:30:24 -0600] "GET /7b0744/js/vegguide-combined.js HTTP/1.1" 200 94167 "-" "Mozilla/5.0 (Macintosh; Intel Mac OS X 10_9_4) AppleWebKit/537.77.4 (KHTML, like Gecko) Version/7.0.5 Safari/537.77.4"
192.249.1.131 - - [26/Aug/2014:07:30:24 -0600] "GET /images/loader.gif HTTP/1.1" 200 3208 "-" "Mozilla/5.0 (Macintosh; Intel Mac OS X 10_9_4) AppleWebKit/537.77.4 (KHTML, like Gecko) Version/7.0.5 Safari/537.77.4"
192.249.1.131 - - [26/Aug/2014:07:30:24 -0600] "GET /images/transparent.gif HTTP/1.1" 200 49 "-" "Mozilla/5.0 (Macintosh; Intel Mac OS X 10_9_4) AppleWebKit/537.77.4 (KHTML, like Gecko) Version/7.0.5 Safari/537.77.4"
192.249.1.131 - - [26/Aug/2014:07:30:24 -0600] "GET /images/vegguide-logo.png HTTP/1.1" 200 20540 "-" "Mozilla/5.0 (Macintosh; Intel Mac OS X 10_9_4) AppleWebKit/537.77.4 (KHTML, like Gecko) Version/7.0.5 Safari/537.77.4"
192.249.1.131 - - [26/Aug/2014:07:30:24 -0600] "GET /7b0744/images/ratings/green-4-25.png HTTP/1.1" 200 896 "-" "Mozilla/5.0 (Macintosh; Intel Mac OS X 10_9_4) AppleWebKit/537.77.4 (KHTML, like Gecko) Version/7.0.5 Safari/537.77.4"
192.249.1.131 - - [26/Aug/2014:07:30:24 -0600] "GET /7b0744/images/ratings/green-0-00.png HTTP/1.1" 200 791 "-" "Mozilla/5.0 (Macintosh; Intel Mac OS X 10_9_4) AppleWebKit/537.77.4 (KHTML, like Gecko) Version/7.0.5 Safari/537.77.4"
192.249.1.131 - - [26/Aug/2014:07:30:24 -0600] "GET /7b0744/images/ratings/green-4-00.png HTTP/1.1" 200 1221 "-" "Mozilla/5.0 (Macintosh; Intel Mac OS X 10_9_4) AppleWebKit/537.77.4 (KHTML, like Gecko) Version/7.0.5 Safari/537.77.4"
192.249.1.131 - - [26/Aug/2014:07:30:24 -0600] "GET /images/close-button.png HTTP/1.1" 200 693 "-" "Mozilla/5.0 (Macintosh; Intel Mac OS X 10_9_4) AppleWebKit/537.77.4 (KHTML, like Gecko) Version/7.0.5 Safari/537.77.4"
192.249.1.131 - - [26/Aug/2014:07:30:24 -0600] "GET /7b0744/images/sort-up.gif HTTP/1.1" 200 84 "-" "Mozilla/5.0 (Macintosh; Intel Mac OS X 10_9_4) AppleWebKit/537.77.4 (KHTML, like Gecko) Version/7.0.5 Safari/537.77.4"
192.249.1.131 - - [26/Aug/2014:07:30:24 -0600] "GET /7b0744/images/sort-none.gif HTTP/1.1" 200 79 "-" "Mozilla/5.0 (Macintosh; Intel Mac OS X 10_9_4) AppleWebKit/537.77.4 (KHTML, like Gecko) Version/7.0.5 Safari/537.77.4"
192.249.1.131 - - [26/Aug/2014:07:30:25 -0600] "GET /7b0744/images/ratings/green-4-50.png HTTP/1.1" 200 878 "-" "Mozilla/5.0 (Macintosh; Intel Mac OS X 10_9_4) AppleWebKit/537.77.4 (KHTML, like Gecko) Version/7.0.5 Safari/537.77.4"
192.249.1.131 - - [26/Aug/2014:07:30:25 -0600] "GET /images/caa-logo.png HTTP/1.1" 200 10681 "-" "Mozilla/5.0 (Macintosh; Intel Mac OS X 10_9_4) AppleWebKit/537.77.4 (KHTML, like Gecko) Version/7.0.5 Safari/537.77.4"
192.249.1.131 - - [26/Aug/2014:07:30:25 -0600] "GET /images/thl-logo.png HTTP/1.1" 200 2925 "-" "Mozilla/5.0 (Macintosh; Intel Mac OS X 10_9_4) AppleWebKit/537.77.4 (KHTML, like Gecko) Version/7.0.5 Safari/537.77.4"
192.249.1.131 - - [26/Aug/2014:07:30:25 -0600] "GET /images/peta-logo.jpg HTTP/1.1" 200 14774 "-" "Mozilla/5.0 (Macintosh; Intel Mac OS X 10_9_4) AppleWebKit/537.77.4 (KHTML, like Gecko) Version/7.0.5 Safari/537.77.4"
192.249.1.131 - - [26/Aug/2014:07:30:25 -0600] "GET /images/cok-logo.png HTTP/1.1" 200 8577 "-" "Mozilla/5.0 (Macintosh; Intel Mac OS X 10_9_4) AppleWebKit/537.77.4 (KHTML, like Gecko) Version/7.0.5 Safari/537.77.4"
192.249.1.131 - - [26/Aug/2014:07:30:25 -0600] "GET /images/fs-logo.png HTTP/1.1" 200 10293 "-" "Mozilla/5.0 (Macintosh; Intel Mac OS X 10_9_4) AppleWebKit/537.77.4 (KHTML, like Gecko) Version/7.0.5 Safari/537.77.4"
192.249.1.131 - - [26/Aug/2014:07:30:25 -0600] "GET /images/vo-logo.gif HTTP/1.1" 200 1553 "-" "Mozilla/5.0 (Macintosh; Intel Mac OS X 10_9_4) AppleWebKit/537.77.4 (KHTML, like Gecko) Version/7.0.5 Safari/537.77.4"
192.249.1.131 - - [26/Aug/2014:07:30:25 -0600] "GET /images/favicon.ico HTTP/1.1" 200 1022 "-" "Mozilla/5.0 (Macintosh; Intel Mac OS X 10_9_4) AppleWebKit/537.77.4 (KHTML, like Gecko) Version/7.0.5 Safari/537.77.4"
157.55.39.237 - - [26/Aug/2014:07:30:26 -0600] "GET /entry/near/41.7491%2C-72.8875/filter?unit=mile;distance=25;sort_order=ASC;page=;order_by=distance;address=06085 HTTP/1.1" 200 8636 "-" "Mozilla/5.0 (compatible; bingbot/2.0; +http://www.bing.com/bingbot.htm)"
74.6.254.104 - - [26/Aug/2014:07:30:28 -0600] "GET /region/37/recent.rss HTTP/1.1" 200 21358 "-" "Mozilla/5.0 (compatible; Yahoo! Slurp; http://help.yahoo.com/help/us/ysearch/slurp)"
24.123.0.84 - - [26/Aug/2014:07:30:33 -0600] "GET /region/130/filter?sort_order=ASC;page=5;order_by=name;limit=20 HTTP/1.1" 200 9878 "-" "Mozilla/5.0 (Windows NT 5.1) AppleWebKit/537.36 (KHTML, like Gecko) Chrome/36.0.1985.143 Safari/537.36"
24.158.63.170 - - [26/Aug/2014:07:30:34 -0600] "GET /region/252 HTTP/1.1" 200 9652 "-" "Mozilla/5.0 (Windows NT 6.1; WOW64; Trident/7.0; FunWebProducts; yie11; rv:11.0) like Gecko"
24.158.63.170 - - [26/Aug/2014:07:30:34 -0600] "GET /7b0744/css/vegguide-combined.css HTTP/1.1" 200 20810 "-" "Mozilla/5.0 (Windows NT 6.1; WOW64; Trident/7.0; FunWebProducts; yie11; rv:11.0) like Gecko"
24.158.63.170 - - [26/Aug/2014:07:30:34 -0600] "GET /7b0744/images/sort-none.gif HTTP/1.1" 200 79 "-" "Mozilla/5.0 (Windows NT 6.1; WOW64; Trident/7.0; FunWebProducts; yie11; rv:11.0) like Gecko"
24.158.63.170 - - [26/Aug/2014:07:30:34 -0600] "GET /images/close-button.png HTTP/1.1" 200 693 "-" "Mozilla/5.0 (Windows NT 6.1; WOW64; Trident/7.0; FunWebProducts; yie11; rv:11.0) like Gecko"
24.158.63.170 - - [26/Aug/2014:07:30:34 -0600] "GET /images/vegguide-logo.png HTTP/1.1" 200 20540 "-" "Mozilla/5.0 (Windows NT 6.1; WOW64; Trident/7.0; FunWebProducts; yie11; rv:11.0) like Gecko"
24.158.63.170 - - [26/Aug/2014:07:30:34 -0600] "GET /7b0744/images/ratings/green-4-25.png HTTP/1.1" 200 896 "-" "Mozilla/5.0 (Windows NT 6.1; WOW64; Trident/7.0; FunWebProducts; yie11; rv:11.0) like Gecko"
24.158.63.170 - - [26/Aug/2014:07:30:34 -0600] "GET /7b0744/images/ratings/green-4-00.png HTTP/1.1" 200 1221 "-" "Mozilla/5.0 (Windows NT 6.1; WOW64; Trident/7.0; FunWebProducts; yie11; rv:11.0) like Gecko"
24.158.63.170 - - [26/Aug/2014:07:30:34 -0600] "GET /7b0744/images/ratings/green-0-00.png HTTP/1.1" 200 791 "-" "Mozilla/5.0 (Windows NT 6.1; WOW64; Trident/7.0; FunWebProducts; yie11; rv:11.0) like Gecko"
24.158.63.170 - - [26/Aug/2014:07:30:34 -0600] "GET /7b0744/images/ratings/green-3-75.png HTTP/1.1" 200 1263 "-" "Mozilla/5.0 (Windows NT 6.1; WOW64; Trident/7.0; FunWebProducts; yie11; rv:11.0) like Gecko"
24.158.63.170 - - [26/Aug/2014:07:30:34 -0600] "GET /7b0744/images/sort-up.gif HTTP/1.1" 200 84 "-" "Mozilla/5.0 (Windows NT 6.1; WOW64; Trident/7.0; FunWebProducts; yie11; rv:11.0) like Gecko"
24.158.63.170 - - [26/Aug/2014:07:30:34 -0600] "GET /7b0744/images/ratings/green-3-25.png HTTP/1.1" 200 1320 "-" "Mozilla/5.0 (Windows NT 6.1; WOW64; Trident/7.0; FunWebProducts; yie11; rv:11.0) like Gecko"
24.158.63.170 - - [26/Aug/2014:07:30:34 -0600] "GET /7b0744/images/ratings/green-3-00.png HTTP/1.1" 200 1105 "-" "Mozilla/5.0 (Windows NT 6.1; WOW64; Trident/7.0; FunWebProducts; yie11; rv:11.0) like Gecko"
24.158.63.170 - - [26/Aug/2014:07:30:34 -0600] "GET /7b0744/images/ratings/green-4-50.png HTTP/1.1" 200 878 "-" "Mozilla/5.0 (Windows NT 6.1; WOW64; Trident/7.0; FunWebProducts; yie11; rv:11.0) like Gecko"
24.158.63.170 - - [26/Aug/2014:07:30:34 -0600] "GET /7b0744/images/ratings/green-4-75.png HTTP/1.1" 200 845 "-" "Mozilla/5.0 (Windows NT 6.1; WOW64; Trident/7.0; FunWebProducts; yie11; rv:11.0) like Gecko"
24.158.63.170 - - [26/Aug/2014:07:30:34 -0600] "GET /images/caa-logo.png HTTP/1.1" 200 10681 "-" "Mozilla/5.0 (Windows NT 6.1; WOW64; Trident/7.0; FunWebProducts; yie11; rv:11.0) like Gecko"
24.158.63.170 - - [26/Aug/2014:07:30:34 -0600] "GET /images/thl-logo.png HTTP/1.1" 200 2925 "-" "Mozilla/5.0 (Windows NT 6.1; WOW64; Trident/7.0; FunWebProducts; yie11; rv:11.0) like Gecko"
24.158.63.170 - - [26/Aug/2014:07:30:34 -0600] "GET /7b0744/js/vegguide-combined.js HTTP/1.1" 200 94167 "-" "Mozilla/5.0 (Windows NT 6.1; WOW64; Trident/7.0; FunWebProducts; yie11; rv:11.0) like Gecko"
24.158.63.170 - - [26/Aug/2014:07:30:34 -0600] "GET /images/peta-logo.jpg HTTP/1.1" 200 14774 "-" "Mozilla/5.0 (Windows NT 6.1; WOW64; Trident/7.0; FunWebProducts; yie11; rv:11.0) like Gecko"
24.158.63.170 - - [26/Aug/2014:07:30:34 -0600] "GET /images/cok-logo.png HTTP/1.1" 200 8577 "-" "Mozilla/5.0 (Windows NT 6.1; WOW64; Trident/7.0; FunWebProducts; yie11; rv:11.0) like Gecko"
24.158.63.170 - - [26/Aug/2014:07:30:34 -0600] "GET /images/fs-logo.png HTTP/1.1" 200 10293 "-" "Mozilla/5.0 (Windows NT 6.1; WOW64; Trident/7.0; FunWebProducts; yie11; rv:11.0) like Gecko"
24.158.63.170 - - [26/Aug/2014:07:30:34 -0600] "GET /images/vo-logo.gif HTTP/1.1" 200 1553 "-" "Mozilla/5.0 (Windows NT 6.1; WOW64; Trident/7.0; FunWebProducts; yie11; rv:11.0) like Gecko"
24.158.63.170 - - [26/Aug/2014:07:30:34 -0600] "GET /images/loader.gif HTTP/1.1" 200 3208 "-" "Mozilla/5.0 (Windows NT 6.1; WOW64; Trident/7.0; FunWebProducts; yie11; rv:11.0) like Gecko"
24.158.63.170 - - [26/Aug/2014:07:30:34 -0600] "GET /images/transparent.gif HTTP/1.1" 200 49 "-" "Mozilla/5.0 (Windows NT 6.1; WOW64; Trident/7.0; FunWebProducts; yie11; rv:11.0) like Gecko"
24.158.63.170 - - [26/Aug/2014:07:30:36 -0600] "GET /images/favicon.ico HTTP/1.1" 200 1022 "-" "Mozilla/5.0 (Windows NT 6.1; Win64; x64; Trident/7.0; yie11; rv:11.0) like Gecko"
66.249.69.177 - - [26/Aug/2014:07:30:40 -0600] "GET /entry/16898/map HTTP/1.1" 200 3575 "-" "Mozilla/5.0 (compatible; Googlebot/2.1; +http://www.google.com/bot.html)"
66.249.69.193 - - [26/Aug/2014:07:30:41 -0600] "GET /entry/near/33.8614,-84.5382/filter/veg_level=2?unit=mile;distance=25;sort_order=DESC;page=1;order_by=how_veg;address=30082;limit=20 HTTP/1.1" 200 9079 "-" "Mozilla/5.0 (compatible; Googlebot/2.1; +http://www.google.com/bot.html)"
157.55.39.237 - - [26/Aug/2014:07:30:54 -0600] "GET /entry/18442 HTTP/1.1" 200 4524 "-" "Mozilla/5.0 (compatible; bingbot/2.0; +http://www.bing.com/bingbot.htm)"
66.249.69.177 - - [26/Aug/2014:07:30:59 -0600] "GET /entry/near/44.0167,-75.8/filter?unit=mile;distance=10;sort_order=ASC;page=1;order_by=distance;address=13602;limit=20 HTTP/1.1" 200 6614 "-" "Mozilla/5.0 (compatible; Googlebot/2.1; +http://www.google.com/bot.html)"
68.180.225.35 - - [26/Aug/2014:07:31:00 -0600] "GET /entry/near/40.2902%2C-76.9631/filter?unit=mile;distance=25;sort_order=ASC;page=;order_by=distance;address=17025;limit= HTTP/1.1" 200 8872 "-" "Mozilla/5.0 (compatible; Yahoo! Slurp; http://help.yahoo.com/help/us/ysearch/slurp)"
66.249.69.123 - - [26/Aug/2014:07:31:04 -0600] "GET /region/113.rss HTTP/1.1" 200 201792 "-" "Mozilla/5.0 (compatible; Googlebot/2.1; +http://www.google.com/bot.html)"
188.121.41.53 - - [26/Aug/2014:07:31:14 -0600] "GET /search/by-lat-long/46.177587,14.47575/filter/category_id=1;category_id=2;category_id=3;category_id=4;category_id=5;category_id=6;category_id=7;category_id=8;category_id=9?limit=10;unit=km;distance=10 HTTP/1.1" 200 339 "-" "-"
178.154.120.23 - - [26/Aug/2014:07:31:14 -0600] "GET /images/red-bullet.png HTTP/1.1" 200 231 "-" "Mozilla/5.0 (Linux; Android 4.2.1; ZP990 Build/JOP40D) AppleWebKit/537.36 (KHTML, like Gecko) Chrome/35.0.1916.138 Mobile Safari/537.36 OPR/22.0.1485.78487"
66.249.69.139 - - [26/Aug/2014:07:31:15 -0600] "GET /user/11246 HTTP/1.1" 200 3245 "-" "Mozilla/5.0 (compatible; Googlebot/2.1; +http://www.google.com/bot.html)"
157.55.39.237 - - [26/Aug/2014:07:31:24 -0600] "GET /entry/3747 HTTP/1.1" 200 5589 "-" "Mozilla/5.0 (compatible; bingbot/2.0; +http://www.bing.com/bingbot.htm)"
66.249.69.161 - - [26/Aug/2014:07:31:33 -0600] "GET /region/2298/printable/category_id=1 HTTP/1.1" 200 547 "-" "Mozilla/5.0 (compatible; Googlebot/2.1; +http://www.google.com/bot.html)"
183.60.214.53 - - [26/Aug/2014:07:31:34 -0600] "GET /region/584 HTTP/1.1" 200 4427 "-" "Mozilla/5.0 (compatible; EasouSpider; +http://www.easou.com/search/spider.html)"
123.125.71.108 - - [26/Aug/2014:07:31:40 -0600] "GET /user/186/entries HTTP/1.1" 200 5665 "-" "Mozilla/5.0 (compatible; Baiduspider/2.0; +http://www.baidu.com/search/spider.html)"
65.19.138.34 - - [26/Aug/2014:07:31:41 -0600] "GET /region/136/recent.rss?entries_only=1 HTTP/1.1" 200 9052 "-" "Feedly/1.0 (+http://www.feedly.com/fetcher.html; like FeedFetcher-Google)"
68.180.225.35 - - [26/Aug/2014:07:31:45 -0600] "GET /entry/2447 HTTP/1.1" 200 5366 "-" "Mozilla/5.0 (compatible; Yahoo! Slurp; http://help.yahoo.com/help/us/ysearch/slurp)"
66.249.69.193 - - [26/Aug/2014:07:31:45 -0600] "GET /region/8/comment_form HTTP/1.1" 302 338 "-" "Mozilla/5.0 (iPhone; CPU iPhone OS 6_0 like Mac OS X) AppleWebKit/536.26 (KHTML, like Gecko) Version/6.0 Mobile/10A5376e Safari/8536.25 (compatible; Googlebot/2.1; +http://www.google.com/bot.html)"
199.30.20.2 - - [26/Aug/2014:07:31:48 -0600] "GET /entry-images/1016/1016-16-small.jpg HTTP/1.1" 200 7868 "-" "msnbot-media/1.1 (+http://search.msn.com/msnbot.htm)"
66.249.69.177 - - [26/Aug/2014:07:31:49 -0600] "GET /entry/19580/reviews HTTP/1.1" 200 3070 "-" "Mozilla/5.0 (compatible; Googlebot/2.1; +http://www.google.com/bot.html)"
188.121.41.53 - - [26/Aug/2014:07:31:51 -0600] "GET /search/by-lat-long/-0.747,-78.907/filter/category_id=1;category_id=2;category_id=3;category_id=4;category_id=5;category_id=6;category_id=7;category_id=8;category_id=9?limit=10;unit=km;distance=10 HTTP/1.1" 200 335 "-" "-"
157.55.39.237 - - [26/Aug/2014:07:31:54 -0600] "GET /entry/18567 HTTP/1.1" 200 4580 "-" "Mozilla/5.0 (compatible; bingbot/2.0; +http://www.bing.com/bingbot.htm)"
183.60.212.148 - - [26/Aug/2014:07:31:54 -0600] "GET /entry/8422 HTTP/1.1" 200 6041 "-" "Mozilla/5.0 (compatible; EasouSpider; +http://www.easou.com/search/spider.html)"
202.46.63.161 - - [26/Aug/2014:07:31:55 -0600] "GET /entry/11500 HTTP/1.1" 200 12121 "-" "Mozilla/5.0 (Windows NT 6.1; WOW64; rv:22.0) Gecko/20100101 Firefox/22.0"
188.121.41.53 - - [26/Aug/2014:07:32:10 -0600] "GET /search/by-lat-long/52.457134,13.54022/filter/category_id=1;category_id=2;category_id=3;category_id=4;category_id=5;category_id=6;category_id=7;category_id=8;category_id=9?limit=10;unit=km;distance=10 HTTP/1.1" 200 28081 "-" "-"
132.79.13.15 - - [26/Aug/2014:07:32:10 -0600] "GET /entry/5983 HTTP/1.1" 200 6030 "-" "Mozilla/5.0 (compatible; MSIE 9.0; Windows NT 6.1; Trident/5.0)"
132.79.13.15 - - [26/Aug/2014:07:32:11 -0600] "GET /7b0744/css/vegguide-combined.css HTTP/1.1" 200 20810 "-" "Mozilla/5.0 (compatible; MSIE 9.0; Windows NT 6.1; Trident/5.0)"
132.79.13.15 - - [26/Aug/2014:07:32:11 -0600] "GET /7b0744/images/ratings/green-4-00.png HTTP/1.1" 200 1221 "-" "Mozilla/5.0 (compatible; MSIE 9.0; Windows NT 6.1; Trident/5.0)"
132.79.13.15 - - [26/Aug/2014:07:32:11 -0600] "GET /images/close-button.png HTTP/1.1" 200 693 "-" "Mozilla/5.0 (compatible; MSIE 9.0; Windows NT 6.1; Trident/5.0)"
132.79.13.15 - - [26/Aug/2014:07:32:11 -0600] "GET /7b0744/images/ratings/green-3-00.png HTTP/1.1" 200 1105 "-" "Mozilla/5.0 (compatible; MSIE 9.0; Windows NT 6.1; Trident/5.0)"
132.79.13.15 - - [26/Aug/2014:07:32:11 -0600] "GET /images/vegguide-logo.png HTTP/1.1" 200 20540 "-" "Mozilla/5.0 (compatible; MSIE 9.0; Windows NT 6.1; Trident/5.0)"
132.79.13.15 - - [26/Aug/2014:07:32:11 -0600] "GET /user-images/4145-small.png HTTP/1.1" 200 5528 "-" "Mozilla/5.0 (compatible; MSIE 9.0; Windows NT 6.1; Trident/5.0)"
132.79.13.15 - - [26/Aug/2014:07:32:11 -0600] "GET /7b0744/js/vegguide-combined.js HTTP/1.1" 200 94167 "-" "Mozilla/5.0 (compatible; MSIE 9.0; Windows NT 6.1; Trident/5.0)"
132.79.13.15 - - [26/Aug/2014:07:32:11 -0600] "GET /entry-images/5983/5983-4262-small.jpg HTTP/1.1" 200 23322 "-" "Mozilla/5.0 (compatible; MSIE 9.0; Windows NT 6.1; Trident/5.0)"
132.79.13.15 - - [26/Aug/2014:07:32:11 -0600] "GET /entry-images/5983/5983-4263-mini.jpg HTTP/1.1" 200 47097 "-" "Mozilla/5.0 (compatible; MSIE 9.0; Windows NT 6.1; Trident/5.0)"
132.79.13.15 - - [26/Aug/2014:07:32:11 -0600] "GET /images/caa-logo.png HTTP/1.1" 200 10681 "-" "Mozilla/5.0 (compatible; MSIE 9.0; Windows NT 6.1; Trident/5.0)"
132.79.13.15 - - [26/Aug/2014:07:32:11 -0600] "GET /images/thl-logo.png HTTP/1.1" 200 2925 "-" "Mozilla/5.0 (compatible; MSIE 9.0; Windows NT 6.1; Trident/5.0)"
132.79.13.15 - - [26/Aug/2014:07:32:11 -0600] "GET /images/peta-logo.jpg HTTP/1.1" 200 14774 "-" "Mozilla/5.0 (compatible; MSIE 9.0; Windows NT 6.1; Trident/5.0)"
132.79.13.15 - - [26/Aug/2014:07:32:11 -0600] "GET /images/cok-logo.png HTTP/1.1" 200 8577 "-" "Mozilla/5.0 (compatible; MSIE 9.0; Windows NT 6.1; Trident/5.0)"
132.79.13.15 - - [26/Aug/2014:07:32:11 -0600] "GET /images/fs-logo.png HTTP/1.1" 200 10293 "-" "Mozilla/5.0 (compatible; MSIE 9.0; Windows NT 6.1; Trident/5.0)"
132.79.13.15 - - [26/Aug/2014:07:32:13 -0600] "GET /images/red-bullet.png HTTP/1.1" 200 231 "-" "Mozilla/5.0 (compatible; MSIE 9.0; Windows NT 6.1; Trident/5.0)"
132.79.13.15 - - [26/Aug/2014:07:32:13 -0600] "GET /images/favicon.ico HTTP/1.1" 200 1022 "-" "Mozilla/5.0 (compatible; MSIE 9.0; Windows NT 6.1; Trident/5.0)"
132.79.13.15 - - [26/Aug/2014:07:32:13 -0600] "GET /images/ratings/blue-5-00.png HTTP/1.1" 200 1198 "-" "Mozilla/5.0 (compatible; MSIE 9.0; Windows NT 6.1; Trident/5.0)"
132.79.13.15 - - [26/Aug/2014:07:32:13 -0600] "GET /images/ratings/blue-4-00.png HTTP/1.1" 200 1375 "-" "Mozilla/5.0 (compatible; MSIE 9.0; Windows NT 6.1; Trident/5.0)"
132.79.13.15 - - [26/Aug/2014:07:32:13 -0600] "GET /images/ratings/blue-2-00.png HTTP/1.1" 200 1375 "-" "Mozilla/5.0 (compatible; MSIE 9.0; Windows NT 6.1; Trident/5.0)"
132.79.13.15 - - [26/Aug/2014:07:32:13 -0600] "GET /images/ratings/blue-3-00.png HTTP/1.1" 200 1416 "-" "Mozilla/5.0 (compatible; MSIE 9.0; Windows NT 6.1; Trident/5.0)"
132.79.13.15 - - [26/Aug/2014:07:32:13 -0600] "GET /images/ratings/blue-1-00.png HTTP/1.1" 200 1037 "-" "Mozilla/5.0 (compatible; MSIE 9.0; Windows NT 6.1; Trident/5.0)"
66.249.69.177 - - [26/Aug/2014:07:32:17 -0600] "GET /region/187/filter HTTP/1.1" 200 4667 "-" "Mozilla/5.0 (compatible; Googlebot/2.1; +http://www.google.com/bot.html)"
37.58.100.142 - - [26/Aug/2014:07:32:19 -0600] "GET /entry/near/38.8437%2C-76.9312/filter?unit=mile;distance=25;sort_order=ASC;page=;order_by=distance;address=20389;limit= HTTP/1.1" 200 8857 "-" "Mozilla/5.0 (compatible; AhrefsBot/5.0; +http://ahrefs.com/robot/)"
66.249.91.182 - - [26/Aug/2014:07:32:22 -0600] "GET /region/110/recent.rss HTTP/1.1" 200 18806 "-" "Feedfetcher-Google; (+http://www.google.com/feedfetcher.html; 1 subscribers; feed-id=17613137966264929474)"
157.55.39.237 - - [26/Aug/2014:07:32:24 -0600] "GET /user/4131 HTTP/1.1" 200 3344 "-" "Mozilla/5.0 (compatible; bingbot/2.0; +http://www.bing.com/bingbot.htm)"
68.180.225.35 - - [26/Aug/2014:07:32:30 -0600] "GET /region/2257 HTTP/1.1" 200 3136 "-" "Mozilla/5.0 (compatible; Yahoo! Slurp; http://help.yahoo.com/help/us/ysearch/slurp)"
66.249.91.182 - - [26/Aug/2014:07:32:33 -0600] "GET /location/most_recent.rss?location_id=268 HTTP/1.1" 301 178 "-" "Feedfetcher-Google; (+http://www.google.com/feedfetcher.html; 1 subscribers; feed-id=5625755148786394550)"
66.249.91.182 - - [26/Aug/2014:07:32:34 -0600] "GET /region/268/recent.rss HTTP/1.1" 200 22521 "-" "Feedfetcher-Google; (+http://www.google.com/feedfetcher.html; 1 subscribers; feed-id=5625755148786394550)"
37.58.100.142 - - [26/Aug/2014:07:32:35 -0600] "GET /region/1233/map/category_id=1 HTTP/1.1" 200 4364 "-" "Mozilla/5.0 (compatible; AhrefsBot/5.0; +http://ahrefs.com/robot/)"
66.249.69.177 - - [26/Aug/2014:07:32:37 -0600] "GET /entry-images/2907/2907-1325-small.jpg HTTP/1.1" 200 9673 "-" "Googlebot-Image/1.0"
50.0.32.180 - - [26/Aug/2014:07:32:42 -0600] "GET /favicon.ico HTTP/1.1" 200 1022 "-" "Mozilla/5.0 (Macintosh; Intel Mac OS X 10_9_1) AppleWebKit/537.73.11 (KHTML, like Gecko) Version/7.0.1 Safari/537.73.11"
144.83.16.102 - - [26/Aug/2014:07:32:49 -0600] "GET /region/1503 HTTP/1.1" 200 21081 "-" "Mozilla/5.0 (Macintosh; Intel Mac OS X 10.9; rv:27.0) Gecko/20100101 Firefox/27.0"
144.83.16.102 - - [26/Aug/2014:07:32:49 -0600] "GET /7b0744/css/vegguide-combined.css HTTP/1.1" 200 20810 "-" "Mozilla/5.0 (Macintosh; Intel Mac OS X 10.9; rv:27.0) Gecko/20100101 Firefox/27.0"
144.83.16.102 - - [26/Aug/2014:07:32:49 -0600] "GET /images/favicon.ico HTTP/1.1" 200 1022 "-" "Mozilla/5.0 (Macintosh; Intel Mac OS X 10.9; rv:27.0) Gecko/20100101 Firefox/27.0"
144.83.16.102 - - [26/Aug/2014:07:32:49 -0600] "GET /7b0744/js/vegguide-combined.js HTTP/1.1" 200 94167 "-" "Mozilla/5.0 (Macintosh; Intel Mac OS X 10.9; rv:27.0) Gecko/20100101 Firefox/27.0"
144.83.16.102 - - [26/Aug/2014:07:32:49 -0600] "GET /images/vo-logo.gif HTTP/1.1" 200 1553 "-" "Mozilla/5.0 (Macintosh; Intel Mac OS X 10.9; rv:27.0) Gecko/20100101 Firefox/27.0"
144.83.16.102 - - [26/Aug/2014:07:32:50 -0600] "GET /images/transparent.gif HTTP/1.1" 200 49 "-" "Mozilla/5.0 (Macintosh; Intel Mac OS X 10.9; rv:27.0) Gecko/20100101 Firefox/27.0"
144.83.16.102 - - [26/Aug/2014:07:32:50 -0600] "GET /images/fs-logo.png HTTP/1.1" 200 10293 "-" "Mozilla/5.0 (Macintosh; Intel Mac OS X 10.9; rv:27.0) Gecko/20100101 Firefox/27.0"
144.83.16.102 - - [26/Aug/2014:07:32:50 -0600] "GET /7b0744/images/ratings/green-4-25.png HTTP/1.1" 200 896 "-" "Mozilla/5.0 (Macintosh; Intel Mac OS X 10.9; rv:27.0) Gecko/20100101 Firefox/27.0"
144.83.16.102 - - [26/Aug/2014:07:32:50 -0600] "GET /images/caa-logo.png HTTP/1.1" 200 10681 "-" "Mozilla/5.0 (Macintosh; Intel Mac OS X 10.9; rv:27.0) Gecko/20100101 Firefox/27.0"
144.83.16.102 - - [26/Aug/2014:07:32:50 -0600] "GET /images/loader.gif HTTP/1.1" 200 3208 "-" "Mozilla/5.0 (Macintosh; Intel Mac OS X 10.9; rv:27.0) Gecko/20100101 Firefox/27.0"
144.83.16.102 - - [26/Aug/2014:07:32:50 -0600] "GET /images/cok-logo.png HTTP/1.1" 200 8577 "-" "Mozilla/5.0 (Macintosh; Intel Mac OS X 10.9; rv:27.0) Gecko/20100101 Firefox/27.0"
144.83.16.102 - - [26/Aug/2014:07:32:50 -0600] "GET /images/close-button.png HTTP/1.1" 200 693 "-" "Mozilla/5.0 (Macintosh; Intel Mac OS X 10.9; rv:27.0) Gecko/20100101 Firefox/27.0"
144.83.16.102 - - [26/Aug/2014:07:32:50 -0600] "GET /7b0744/images/sort-up.gif HTTP/1.1" 200 84 "-" "Mozilla/5.0 (Macintosh; Intel Mac OS X 10.9; rv:27.0) Gecko/20100101 Firefox/27.0"
144.83.16.102 - - [26/Aug/2014:07:32:50 -0600] "GET /images/thl-logo.png HTTP/1.1" 200 2925 "-" "Mozilla/5.0 (Macintosh; Intel Mac OS X 10.9; rv:27.0) Gecko/20100101 Firefox/27.0"
144.83.16.102 - - [26/Aug/2014:07:32:50 -0600] "GET /7b0744/images/ratings/green-0-00.png HTTP/1.1" 200 791 "-" "Mozilla/5.0 (Macintosh; Intel Mac OS X 10.9; rv:27.0) Gecko/20100101 Firefox/27.0"
144.83.16.102 - - [26/Aug/2014:07:32:50 -0600] "GET /7b0744/images/ratings/green-2-75.png HTTP/1.1" 200 1246 "-" "Mozilla/5.0 (Macintosh; Intel Mac OS X 10.9; rv:27.0) Gecko/20100101 Firefox/27.0"
144.83.16.102 - - [26/Aug/2014:07:32:50 -0600] "GET /images/peta-logo.jpg HTTP/1.1" 200 14774 "-" "Mozilla/5.0 (Macintosh; Intel Mac OS X 10.9; rv:27.0) Gecko/20100101 Firefox/27.0"
144.83.16.102 - - [26/Aug/2014:07:32:50 -0600] "GET /7b0744/images/sort-none.gif HTTP/1.1" 200 79 "-" "Mozilla/5.0 (Macintosh; Intel Mac OS X 10.9; rv:27.0) Gecko/20100101 Firefox/27.0"
144.83.16.102 - - [26/Aug/2014:07:32:50 -0600] "GET /images/vegguide-logo.png HTTP/1.1" 200 20540 "-" "Mozilla/5.0 (Macintosh; Intel Mac OS X 10.9; rv:27.0) Gecko/20100101 Firefox/27.0"
63.66.64.247 - - [26/Aug/2014:07:32:52 -0600] "GET /region/538 HTTP/1.1" 200 5167 "-" "Mozilla/4.0 (compatible; MSIE 7.0; Windows NT 6.1; WOW64; Trident/5.0; SLCC2; .NET CLR 2.0.50727; .NET CLR 3.5.30729; .NET CLR 3.0.30729; Media Center PC 6.0; .NET CLR 1.1.4322; InfoPath.3; .NET4.0C; .NET4.0E)"
63.66.64.247 - - [26/Aug/2014:07:32:53 -0600] "GET /7b0744/css/vegguide-combined.css HTTP/1.1" 200 20810 "-" "Mozilla/4.0 (compatible; MSIE 7.0; Windows NT 6.1; WOW64; Trident/5.0; SLCC2; .NET CLR 2.0.50727; .NET CLR 3.5.30729; .NET CLR 3.0.30729; Media Center PC 6.0; .NET CLR 1.1.4322; InfoPath.3; .NET4.0C; .NET4.0E)"
63.66.64.247 - - [26/Aug/2014:07:32:53 -0600] "GET /7b0744/js/vegguide-combined.js HTTP/1.1" 200 94167 "-" "Mozilla/4.0 (compatible; MSIE 7.0; Windows NT 6.1; WOW64; Trident/5.0; SLCC2; .NET CLR 2.0.50727; .NET CLR 3.5.30729; .NET CLR 3.0.30729; Media Center PC 6.0; .NET CLR 1.1.4322; InfoPath.3; .NET4.0C; .NET4.0E)"
63.66.64.247 - - [26/Aug/2014:07:32:53 -0600] "GET /7b0744/images/sort-up.gif HTTP/1.1" 200 84 "-" "Mozilla/4.0 (compatible; MSIE 7.0; Windows NT 6.1; WOW64; Trident/5.0; SLCC2; .NET CLR 2.0.50727; .NET CLR 3.5.30729; .NET CLR 3.0.30729; Media Center PC 6.0; .NET CLR 1.1.4322; InfoPath.3; .NET4.0C; .NET4.0E)"
63.66.64.247 - - [26/Aug/2014:07:32:53 -0600] "GET /7b0744/images/sort-none.gif HTTP/1.1" 200 79 "-" "Mozilla/4.0 (compatible; MSIE 7.0; Windows NT 6.1; WOW64; Trident/5.0; SLCC2; .NET CLR 2.0.50727; .NET CLR 3.5.30729; .NET CLR 3.0.30729; Media Center PC 6.0; .NET CLR 1.1.4322; InfoPath.3; .NET4.0C; .NET4.0E)"
63.66.64.247 - - [26/Aug/2014:07:32:53 -0600] "GET /7b0744/images/ratings/green-0-00.png HTTP/1.1" 200 791 "-" "Mozilla/4.0 (compatible; MSIE 7.0; Windows NT 6.1; WOW64; Trident/5.0; SLCC2; .NET CLR 2.0.50727; .NET CLR 3.5.30729; .NET CLR 3.0.30729; Media Center PC 6.0; .NET CLR 1.1.4322; InfoPath.3; .NET4.0C; .NET4.0E)"
63.66.64.247 - - [26/Aug/2014:07:32:53 -0600] "GET /7b0744/images/ratings/green-4-25.png HTTP/1.1" 200 896 "-" "Mozilla/4.0 (compatible; MSIE 7.0; Windows NT 6.1; WOW64; Trident/5.0; SLCC2; .NET CLR 2.0.50727; .NET CLR 3.5.30729; .NET CLR 3.0.30729; Media Center PC 6.0; .NET CLR 1.1.4322; InfoPath.3; .NET4.0C; .NET4.0E)"
63.66.64.247 - - [26/Aug/2014:07:32:53 -0600] "GET /7b0744/images/ratings/green-4-00.png HTTP/1.1" 200 1221 "-" "Mozilla/4.0 (compatible; MSIE 7.0; Windows NT 6.1; WOW64; Trident/5.0; SLCC2; .NET CLR 2.0.50727; .NET CLR 3.5.30729; .NET CLR 3.0.30729; Media Center PC 6.0; .NET CLR 1.1.4322; InfoPath.3; .NET4.0C; .NET4.0E)"
157.55.39.148 - - [26/Aug/2014:07:32:54 -0600] "GET /region/440 HTTP/1.1" 200 8582 "-" "Mozilla/5.0 (compatible; bingbot/2.0; +http://www.bing.com/bingbot.htm)"
63.66.64.247 - - [26/Aug/2014:07:32:54 -0600] "GET /images/transparent.gif HTTP/1.1" 200 49 "-" "Mozilla/4.0 (compatible; MSIE 7.0; Windows NT 6.1; WOW64; Trident/5.0; SLCC2; .NET CLR 2.0.50727; .NET CLR 3.5.30729; .NET CLR 3.0.30729; Media Center PC 6.0; .NET CLR 1.1.4322; InfoPath.3; .NET4.0C; .NET4.0E)"
178.132.219.11 - - [26/Aug/2014:07:32:57 -0600] "GET /entry/13753 HTTP/1.1" 200 4359 "-" "Mozilla/5.0 (Windows NT 5.1) AppleWebKit/537.36 (KHTML, like Gecko) Chrome/32.0.1700.107 Safari/537.36"
178.132.219.11 - - [26/Aug/2014:07:32:57 -0600] "GET /7b0744/css/vegguide-combined.css HTTP/1.1" 200 20810 "-" "Mozilla/5.0 (Windows NT 5.1) AppleWebKit/537.36 (KHTML, like Gecko) Chrome/32.0.1700.107 Safari/537.36"
178.132.219.11 - - [26/Aug/2014:07:32:57 -0600] "GET /images/vegguide-logo.png HTTP/1.1" 200 20540 "-" "Mozilla/5.0 (Windows NT 5.1) AppleWebKit/537.36 (KHTML, like Gecko) Chrome/32.0.1700.107 Safari/537.36"
66.249.69.161 - - [26/Aug/2014:07:32:58 -0600] "GET /region/1249/feeds HTTP/1.1" 200 3351 "-" "Mozilla/5.0 (compatible; Googlebot/2.1; +http://www.google.com/bot.html)"
178.132.219.11 - - [26/Aug/2014:07:32:58 -0600] "GET /images/close-button.png HTTP/1.1" 200 693 "-" "Mozilla/5.0 (Windows NT 5.1) AppleWebKit/537.36 (KHTML, like Gecko) Chrome/32.0.1700.107 Safari/537.36"
178.132.219.11 - - [26/Aug/2014:07:32:58 -0600] "GET /7b0744/images/ratings/green-0-00.png HTTP/1.1" 200 791 "-" "Mozilla/5.0 (Windows NT 5.1) AppleWebKit/537.36 (KHTML, like Gecko) Chrome/32.0.1700.107 Safari/537.36"
178.132.219.11 - - [26/Aug/2014:07:32:59 -0600] "GET /7b0744/js/vegguide-combined.js HTTP/1.1" 200 94167 "-" "Mozilla/5.0 (Windows NT 5.1) AppleWebKit/537.36 (KHTML, like Gecko) Chrome/32.0.1700.107 Safari/537.36"
178.132.219.11 - - [26/Aug/2014:07:32:59 -0600] "GET /images/upload-an-image.png HTTP/1.1" 200 7026 "-" "Mozilla/5.0 (Windows NT 5.1) AppleWebKit/537.36 (KHTML, like Gecko) Chrome/32.0.1700.107 Safari/537.36"
178.132.219.11 - - [26/Aug/2014:07:32:59 -0600] "GET /images/caa-logo.png HTTP/1.1" 200 10681 "-" "Mozilla/5.0 (Windows NT 5.1) AppleWebKit/537.36 (KHTML, like Gecko) Chrome/32.0.1700.107 Safari/537.36"
178.132.219.11 - - [26/Aug/2014:07:32:59 -0600] "GET /images/thl-logo.png HTTP/1.1" 200 2925 "-" "Mozilla/5.0 (Windows NT 5.1) AppleWebKit/537.36 (KHTML, like Gecko) Chrome/32.0.1700.107 Safari/537.36"
178.132.219.11 - - [26/Aug/2014:07:32:59 -0600] "GET /images/peta-logo.jpg HTTP/1.1" 200 14774 "-" "Mozilla/5.0 (Windows NT 5.1) AppleWebKit/537.36 (KHTML, like Gecko) Chrome/32.0.1700.107 Safari/537.36"
178.132.219.11 - - [26/Aug/2014:07:32:59 -0600] "GET /images/cok-logo.png HTTP/1.1" 200 8577 "-" "Mozilla/5.0 (Windows NT 5.1) AppleWebKit/537.36 (KHTML, like Gecko) Chrome/32.0.1700.107 Safari/537.36"
178.132.219.11 - - [26/Aug/2014:07:32:59 -0600] "GET /images/vo-logo.gif HTTP/1.1" 200 1553 "-" "Mozilla/5.0 (Windows NT 5.1) AppleWebKit/537.36 (KHTML, like Gecko) Chrome/32.0.1700.107 Safari/537.36"
178.132.219.11 - - [26/Aug/2014:07:32:59 -0600] "GET /images/fs-logo.png HTTP/1.1" 200 10293 "-" "Mozilla/5.0 (Windows NT 5.1) AppleWebKit/537.36 (KHTML, like Gecko) Chrome/32.0.1700.107 Safari/537.36"
178.132.219.11 - - [26/Aug/2014:07:32:59 -0600] "GET /images/loader.gif HTTP/1.1" 200 3208 "-" "Mozilla/5.0 (Windows NT 5.1) AppleWebKit/537.36 (KHTML, like Gecko) Chrome/32.0.1700.107 Safari/537.36"
178.132.219.11 - - [26/Aug/2014:07:32:59 -0600] "GET /images/transparent.gif HTTP/1.1" 200 49 "-" "Mozilla/5.0 (Windows NT 5.1) AppleWebKit/537.36 (KHTML, like Gecko) Chrome/32.0.1700.107 Safari/537.36"
178.132.219.11 - - [26/Aug/2014:07:32:59 -0600] "GET /images/red-bullet.png HTTP/1.1" 200 231 "-" "Mozilla/5.0 (Windows NT 5.1) AppleWebKit/537.36 (KHTML, like Gecko) Chrome/32.0.1700.107 Safari/537.36"
178.132.219.11 - - [26/Aug/2014:07:33:00 -0600] "GET /images/ratings/blue-1-00.png HTTP/1.1" 200 1037 "-" "Mozilla/5.0 (Windows NT 5.1) AppleWebKit/537.36 (KHTML, like Gecko) Chrome/32.0.1700.107 Safari/537.36"
178.132.219.11 - - [26/Aug/2014:07:33:00 -0600] "GET /images/ratings/blue-2-00.png HTTP/1.1" 200 1375 "-" "Mozilla/5.0 (Windows NT 5.1) AppleWebKit/537.36 (KHTML, like Gecko) Chrome/32.0.1700.107 Safari/537.36"
178.132.219.11 - - [26/Aug/2014:07:33:00 -0600] "GET /images/ratings/blue-3-00.png HTTP/1.1" 200 1416 "-" "Mozilla/5.0 (Windows NT 5.1) AppleWebKit/537.36 (KHTML, like Gecko) Chrome/32.0.1700.107 Safari/537.36"
178.132.219.11 - - [26/Aug/2014:07:33:00 -0600] "GET /images/ratings/blue-4-00.png HTTP/1.1" 200 1375 "-" "Mozilla/5.0 (Windows NT 5.1) AppleWebKit/537.36 (KHTML, like Gecko) Chrome/32.0.1700.107 Safari/537.36"
178.132.219.11 - - [26/Aug/2014:07:33:00 -0600] "GET /images/ratings/blue-5-00.png HTTP/1.1" 200 1198 "-" "Mozilla/5.0 (Windows NT 5.1) AppleWebKit/537.36 (KHTML, like Gecko) Chrome/32.0.1700.107 Safari/537.36"
178.132.219.11 - - [26/Aug/2014:07:33:00 -0600] "GET /images/favicon.ico HTTP/1.1" 200 1022 "-" "Mozilla/5.0 (Windows NT 5.1) AppleWebKit/537.36 (KHTML, like Gecko) Chrome/32.0.1700.107 Safari/537.36"
178.132.219.11 - - [26/Aug/2014:07:33:01 -0600] "GET /favicon.ico HTTP/1.1" 200 1022 "-" "Mozilla/5.0 (compatible; Google Desktop/5.9.1005.12335; http://desktop.google.com/)"
144.83.16.102 - - [26/Aug/2014:07:33:04 -0600] "GET /entry/17685 HTTP/1.1" 200 13938 "-" "Mozilla/5.0 (Macintosh; Intel Mac OS X 10.9; rv:27.0) Gecko/20100101 Firefox/27.0"
144.83.16.102 - - [26/Aug/2014:07:33:05 -0600] "GET /7b0744/images/diner_s_club.png HTTP/1.1" 200 1436 "-" "Mozilla/5.0 (Macintosh; Intel Mac OS X 10.9; rv:27.0) Gecko/20100101 Firefox/27.0"
144.83.16.102 - - [26/Aug/2014:07:33:05 -0600] "GET /7b0744/images/visa.png HTTP/1.1" 200 1404 "-" "Mozilla/5.0 (Macintosh; Intel Mac OS X 10.9; rv:27.0) Gecko/20100101 Firefox/27.0"
144.83.16.102 - - [26/Aug/2014:07:33:05 -0600] "GET /7b0744/images/discover.png HTTP/1.1" 200 1527 "-" "Mozilla/5.0 (Macintosh; Intel Mac OS X 10.9; rv:27.0) Gecko/20100101 Firefox/27.0"
144.83.16.102 - - [26/Aug/2014:07:33:05 -0600] "GET /7b0744/images/mastercard.png HTTP/1.1" 200 1753 "-" "Mozilla/5.0 (Macintosh; Intel Mac OS X 10.9; rv:27.0) Gecko/20100101 Firefox/27.0"
144.83.16.102 - - [26/Aug/2014:07:33:05 -0600] "GET /entry-images/17685/17685-7421-small.jpg HTTP/1.1" 200 7420 "-" "Mozilla/5.0 (Macintosh; Intel Mac OS X 10.9; rv:27.0) Gecko/20100101 Firefox/27.0"
144.83.16.102 - - [26/Aug/2014:07:33:05 -0600] "GET /7b0744/images/american_express.png HTTP/1.1" 200 1219 "-" "Mozilla/5.0 (Macintosh; Intel Mac OS X 10.9; rv:27.0) Gecko/20100101 Firefox/27.0"
144.83.16.102 - - [26/Aug/2014:07:33:05 -0600] "GET /images/red-bullet.png HTTP/1.1" 200 231 "-" "Mozilla/5.0 (Macintosh; Intel Mac OS X 10.9; rv:27.0) Gecko/20100101 Firefox/27.0"
144.83.16.102 - - [26/Aug/2014:07:33:05 -0600] "GET /images/ratings/blue-2-00.png HTTP/1.1" 200 1375 "-" "Mozilla/5.0 (Macintosh; Intel Mac OS X 10.9; rv:27.0) Gecko/20100101 Firefox/27.0"
144.83.16.102 - - [26/Aug/2014:07:33:05 -0600] "GET /images/ratings/blue-4-00.png HTTP/1.1" 200 1375 "-" "Mozilla/5.0 (Macintosh; Intel Mac OS X 10.9; rv:27.0) Gecko/20100101 Firefox/27.0"
144.83.16.102 - - [26/Aug/2014:07:33:05 -0600] "GET /images/ratings/blue-5-00.png HTTP/1.1" 200 1198 "-" "Mozilla/5.0 (Macintosh; Intel Mac OS X 10.9; rv:27.0) Gecko/20100101 Firefox/27.0"
144.83.16.102 - - [26/Aug/2014:07:33:05 -0600] "GET /images/ratings/blue-1-00.png HTTP/1.1" 200 1037 "-" "Mozilla/5.0 (Macintosh; Intel Mac OS X 10.9; rv:27.0) Gecko/20100101 Firefox/27.0"
144.83.16.102 - - [26/Aug/2014:07:33:05 -0600] "GET /images/ratings/blue-3-00.png HTTP/1.1" 200 1416 "-" "Mozilla/5.0 (Macintosh; Intel Mac OS X 10.9; rv:27.0) Gecko/20100101 Firefox/27.0"
37.58.100.142 - - [26/Aug/2014:07:33:06 -0600] "GET /user/3805 HTTP/1.1" 200 3236 "-" "Mozilla/5.0 (compatible; AhrefsBot/5.0; +http://ahrefs.com/robot/)"
68.180.225.35 - - [26/Aug/2014:07:33:15 -0600] "GET /entry/10283/images_form HTTP/1.1" 302 338 "-" "Mozilla/5.0 (compatible; Yahoo! Slurp; http://help.yahoo.com/help/us/ysearch/slurp)"
157.55.39.70 - - [26/Aug/2014:07:33:24 -0600] "GET /entry/17652 HTTP/1.1" 200 5067 "-" "Mozilla/5.0 (compatible; bingbot/2.0; +http://www.bing.com/bingbot.htm)"
37.58.100.142 - - [26/Aug/2014:07:33:31 -0600] "GET /entry/near/32.8919%2C-95.5298/filter?unit=km;distance=10;sort_order=DESC;page=1;order_by=rating;address=75497;limit=20 HTTP/1.1" 200 6228 "-" "Mozilla/5.0 (compatible; AhrefsBot/5.0; +http://ahrefs.com/robot/)"
157.55.39.71 - - [26/Aug/2014:07:33:54 -0600] "GET / HTTP/1.1" 200 3915 "-" "Mozilla/5.0 (compatible; bingbot/2.0; +http://www.bing.com/bingbot.htm)"
68.180.225.35 - - [26/Aug/2014:07:34:00 -0600] "GET /entry/988 HTTP/1.1" 200 5420 "-" "Mozilla/5.0 (compatible; Yahoo! Slurp; http://help.yahoo.com/help/us/ysearch/slurp)"
199.30.20.2 - - [26/Aug/2014:07:34:01 -0600] "GET /entry-images/17772/17772-7453-mini.jpg HTTP/1.1" 200 4569 "-" "msnbot-media/1.1 (+http://search.msn.com/msnbot.htm)"
66.249.69.161 - - [26/Aug/2014:07:34:07 -0600] "GET /entry/14257/reviews HTTP/1.1" 200 3101 "-" "Mozilla/5.0 (compatible; Googlebot/2.1; +http://www.google.com/bot.html)"
193.90.120.50 - - [26/Aug/2014:07:34:08 -0600] "GET /entry/13432 HTTP/1.1" 200 15399 "-" "Mozilla/5.0 (compatible; MSIE 9.0; Windows NT 6.1; WOW64; Trident/5.0)"
37.58.100.142 - - [26/Aug/2014:07:34:09 -0600] "GET /entry/near/37.7214%2C-89.1916/filter?unit=mile;distance=25;sort_order=ASC;page=;order_by=distance;address=62902;limit= HTTP/1.1" 200 7755 "-" "Mozilla/5.0 (compatible; AhrefsBot/5.0; +http://ahrefs.com/robot/)"
194.0.59.52 - - [26/Aug/2014:07:34:10 -0600] "GET /site/recent.rss HTTP/1.1" 200 20227 "-" "Bloglovin/1.0 (http://www.bloglovin.com; 1 subscribers)"
207.46.13.94 - - [26/Aug/2014:07:34:23 -0600] "GET /entry/7128/map HTTP/1.1" 200 3588 "-" "Mozilla/5.0 (compatible; bingbot/2.0; +http://www.bing.com/bingbot.htm)"
66.249.69.177 - - [26/Aug/2014:07:34:28 -0600] "GET /region/338.rss HTTP/1.1" 200 296707 "-" "Mozilla/5.0 (compatible; Googlebot/2.1; +http://www.google.com/bot.html)"
23.239.8.38 - - [26/Aug/2014:07:34:31 -0600] "GET / HTTP/1.1" 301 178 "-" "check_http/v1.4.15 (nagios-plugins 1.4.15)"
23.239.8.38 - - [26/Aug/2014:07:34:31 -0600] "GET / HTTP/1.1" 200 10098 "-" "check_http/v1.4.15 (nagios-plugins 1.4.15)"
37.58.100.142 - - [26/Aug/2014:07:34:36 -0600] "GET /entry/near/37.1473%2C-122.129/filter?unit=mile;distance=25;sort_order=ASC;page=;order_by=distance;address=95006;limit= HTTP/1.1" 200 8814 "-" "Mozilla/5.0 (compatible; AhrefsBot/5.0; +http://ahrefs.com/robot/)"
37.58.100.142 - - [26/Aug/2014:07:34:36 -0600] "GET /entry/91 HTTP/1.1" 200 5734 "-" "Mozilla/5.0 (compatible; AhrefsBot/5.0; +http://ahrefs.com/robot/)"
23.21.82.184 - - [26/Aug/2014:07:34:41 -0600] "GET /region/67.rss HTTP/1.1" 200 742085 "-" "RSSGraffiti"
37.58.100.142 - - [26/Aug/2014:07:34:43 -0600] "GET /region/1029 HTTP/1.1" 200 4917 "-" "Mozilla/5.0 (compatible; AhrefsBot/5.0; +http://ahrefs.com/robot/)"
68.180.225.35 - - [26/Aug/2014:07:34:45 -0600] "GET /entry/7565 HTTP/1.1" 200 6778 "-" "Mozilla/5.0 (compatible; Yahoo! Slurp; http://help.yahoo.com/help/us/ysearch/slurp)"
37.58.100.142 - - [26/Aug/2014:07:34:46 -0600] "GET /entry/near/41.8792%2C-87.7222/filter?unit=mile;distance=25;sort_order=ASC;page=;order_by=distance;address=60624;limit= HTTP/1.1" 200 9004 "-" "Mozilla/5.0 (compatible; AhrefsBot/5.0; +http://ahrefs.com/robot/)"
37.58.100.142 - - [26/Aug/2014:07:34:48 -0600] "GET /entry/13595 HTTP/1.1" 200 4609 "-" "Mozilla/5.0 (compatible; AhrefsBot/5.0; +http://ahrefs.com/robot/)"
157.55.39.71 - - [26/Aug/2014:07:34:54 -0600] "GET / HTTP/1.1" 200 3915 "-" "Mozilla/5.0 (compatible; bingbot/2.0; +http://www.bing.com/bingbot.htm)"
199.21.99.207 - - [26/Aug/2014:07:34:55 -0600] "GET /entry-images/11877/11877-4789-small.png HTTP/1.1" 304 0 "-" "Mozilla/5.0 (compatible; YandexImages/3.0; +http://yandex.com/bots)"
66.249.69.193 - - [26/Aug/2014:07:35:05 -0600] "GET /region/91.rss HTTP/1.1" 200 156195 "-" "Mozilla/5.0 (compatible; Googlebot/2.1; +http://www.google.com/bot.html)"
183.60.212.148 - - [26/Aug/2014:07:35:11 -0600] "GET /entry/2573/map HTTP/1.1" 200 3593 "-" "Mozilla/5.0 (compatible; EasouSpider; +http://www.easou.com/search/spider.html)"
66.249.69.161 - - [26/Aug/2014:07:35:15 -0600] "GET /entry/19615/reviews HTTP/1.1" 200 3079 "-" "Mozilla/5.0 (compatible; Googlebot/2.1; +http://www.google.com/bot.html)"
207.46.13.94 - - [26/Aug/2014:07:35:24 -0600] "GET /entry/677 HTTP/1.1" 200 6454 "-" "Mozilla/5.0 (compatible; bingbot/2.0; +http://www.bing.com/bingbot.htm)"
68.180.225.35 - - [26/Aug/2014:07:35:30 -0600] "GET /region/10 HTTP/1.1" 200 10065 "-" "Mozilla/5.0 (compatible; Yahoo! Slurp; http://help.yahoo.com/help/us/ysearch/slurp)"
37.58.100.142 - - [26/Aug/2014:07:35:35 -0600] "GET /entry/near/21.3206%2C-157.813/filter?unit=mile;distance=25;sort_order=ASC;page=;order_by=distance;address=96848;limit= HTTP/1.1" 200 8484 "-" "Mozilla/5.0 (compatible; AhrefsBot/5.0; +http://ahrefs.com/robot/)"
183.60.212.148 - - [26/Aug/2014:07:35:39 -0600] "GET /entry/423 HTTP/1.1" 200 4434 "-" "Mozilla/5.0 (compatible; EasouSpider; +http://www.easou.com/search/spider.html)"
207.46.13.94 - - [26/Aug/2014:07:35:54 -0600] "GET /entry/20246/map HTTP/1.1" 200 3583 "-" "Mozilla/5.0 (compatible; bingbot/2.0; +http://www.bing.com/bingbot.htm)"
200.54.231.226 - - [26/Aug/2014:07:36:08 -0600] "GET /entry/8001 HTTP/1.1" 200 4776 "-" "Mozilla/5.0 (Macintosh; Intel Mac OS X 10_6_8) AppleWebKit/537.36 (KHTML, like Gecko) Chrome/36.0.1985.143 Safari/537.36"
200.54.231.226 - - [26/Aug/2014:07:36:09 -0600] "GET /7b0744/css/vegguide-combined.css HTTP/1.1" 200 20810 "-" "Mozilla/5.0 (Macintosh; Intel Mac OS X 10_6_8) AppleWebKit/537.36 (KHTML, like Gecko) Chrome/36.0.1985.143 Safari/537.36"
200.54.231.226 - - [26/Aug/2014:07:36:09 -0600] "GET /images/vegguide-logo.png HTTP/1.1" 200 20540 "-" "Mozilla/5.0 (Macintosh; Intel Mac OS X 10_6_8) AppleWebKit/537.36 (KHTML, like Gecko) Chrome/36.0.1985.143 Safari/537.36"
200.54.231.226 - - [26/Aug/2014:07:36:09 -0600] "GET /images/close-button.png HTTP/1.1" 200 693 "-" "Mozilla/5.0 (Macintosh; Intel Mac OS X 10_6_8) AppleWebKit/537.36 (KHTML, like Gecko) Chrome/36.0.1985.143 Safari/537.36"
200.54.231.226 - - [26/Aug/2014:07:36:09 -0600] "GET /7b0744/images/ratings/green-0-00.png HTTP/1.1" 200 791 "-" "Mozilla/5.0 (Macintosh; Intel Mac OS X 10_6_8) AppleWebKit/537.36 (KHTML, like Gecko) Chrome/36.0.1985.143 Safari/537.36"
200.54.231.226 - - [26/Aug/2014:07:36:09 -0600] "GET /images/upload-an-image.png HTTP/1.1" 200 7026 "-" "Mozilla/5.0 (Macintosh; Intel Mac OS X 10_6_8) AppleWebKit/537.36 (KHTML, like Gecko) Chrome/36.0.1985.143 Safari/537.36"
200.54.231.226 - - [26/Aug/2014:07:36:09 -0600] "GET /images/caa-logo.png HTTP/1.1" 200 10681 "-" "Mozilla/5.0 (Macintosh; Intel Mac OS X 10_6_8) AppleWebKit/537.36 (KHTML, like Gecko) Chrome/36.0.1985.143 Safari/537.36"
200.54.231.226 - - [26/Aug/2014:07:36:11 -0600] "GET /images/thl-logo.png HTTP/1.1" 200 2925 "-" "Mozilla/5.0 (Macintosh; Intel Mac OS X 10_6_8) AppleWebKit/537.36 (KHTML, like Gecko) Chrome/36.0.1985.143 Safari/537.36"
200.54.231.226 - - [26/Aug/2014:07:36:12 -0600] "GET /images/peta-logo.jpg HTTP/1.1" 200 14774 "-" "Mozilla/5.0 (Macintosh; Intel Mac OS X 10_6_8) AppleWebKit/537.36 (KHTML, like Gecko) Chrome/36.0.1985.143 Safari/537.36"
68.180.225.35 - - [26/Aug/2014:07:36:15 -0600] "GET /region/522/stats HTTP/1.1" 200 3076 "-" "Mozilla/5.0 (compatible; Yahoo! Slurp; http://help.yahoo.com/help/us/ysearch/slurp)"
200.54.231.226 - - [26/Aug/2014:07:36:15 -0600] "GET /images/cok-logo.png HTTP/1.1" 200 8577 "-" "Mozilla/5.0 (Macintosh; Intel Mac OS X 10_6_8) AppleWebKit/537.36 (KHTML, like Gecko) Chrome/36.0.1985.143 Safari/537.36"
200.54.231.226 - - [26/Aug/2014:07:36:17 -0600] "GET /images/fs-logo.png HTTP/1.1" 200 10293 "-" "Mozilla/5.0 (Macintosh; Intel Mac OS X 10_6_8) AppleWebKit/537.36 (KHTML, like Gecko) Chrome/36.0.1985.143 Safari/537.36"
200.54.231.226 - - [26/Aug/2014:07:36:18 -0600] "GET /images/vo-logo.gif HTTP/1.1" 200 1553 "-" "Mozilla/5.0 (Macintosh; Intel Mac OS X 10_6_8) AppleWebKit/537.36 (KHTML, like Gecko) Chrome/36.0.1985.143 Safari/537.36"
123.125.71.48 - - [26/Aug/2014:07:36:23 -0600] "GET / HTTP/1.1" 200 4039 "-" "Mozilla/5.0 (compatible; Baiduspider/2.0; +http://www.baidu.com/search/spider.html)"
157.55.39.70 - - [26/Aug/2014:07:36:24 -0600] "GET /entry/5815 HTTP/1.1" 200 5283 "-" "Mozilla/5.0 (compatible; bingbot/2.0; +http://www.bing.com/bingbot.htm)"
66.249.69.193 - - [26/Aug/2014:07:36:24 -0600] "GET /entry/19653/reviews HTTP/1.1" 200 3085 "-" "Mozilla/5.0 (compatible; Googlebot/2.1; +http://www.google.com/bot.html)"
61.135.190.224 - - [26/Aug/2014:07:36:25 -0600] "GET / HTTP/1.1" 200 4012 "-" "Mozilla/5.0 (Windows; U; Windows NT 5.1; zh-CN; rv:1.9.2.15) Gecko/20110303 Firefox/3.6.15"
61.135.190.224 - - [26/Aug/2014:07:36:26 -0600] "GET /7b0744/js/vegguide-combined.js HTTP/1.1" 200 94167 "-" "Mozilla/5.0 (Windows; U; Windows NT 5.1; zh-CN; rv:1.9.2.15) Gecko/20110303 Firefox/3.6.15"
131.253.24.89 - - [26/Aug/2014:07:36:31 -0600] "GET /region/116 HTTP/1.1" 200 9976 "-" "Mozilla/5.0 (compatible; MSIE 9.0; Windows NT 6.0; Trident/5.0;  Trident/5.0)"
131.253.24.89 - - [26/Aug/2014:07:36:33 -0600] "GET /7b0744/css/vegguide-combined.css HTTP/1.1" 200 20810 "-" "Mozilla/5.0 (compatible; MSIE 9.0; Windows NT 6.0; Trident/5.0;  Trident/5.0)"
131.253.24.89 - - [26/Aug/2014:07:36:33 -0600] "GET /7b0744/js/vegguide-combined.js HTTP/1.1" 200 94167 "-" "Mozilla/5.0 (compatible; MSIE 9.0; Windows NT 6.0; Trident/5.0;  Trident/5.0)"
37.58.100.142 - - [26/Aug/2014:07:36:40 -0600] "GET /entry/near/44.3731%2C-71.6159/filter?unit=mile;distance=25;sort_order=ASC;page=;order_by=distance;address=03598;limit= HTTP/1.1" 200 7082 "-" "Mozilla/5.0 (compatible; AhrefsBot/5.0; +http://ahrefs.com/robot/)"
183.60.214.53 - - [26/Aug/2014:07:36:50 -0600] "GET /entry/17171 HTTP/1.1" 200 5635 "-" "Mozilla/5.0 (compatible; EasouSpider; +http://www.easou.com/search/spider.html)"
189.43.48.13 - - [26/Aug/2014:07:36:51 -0600] "GET /favicon.ico HTTP/1.1" 301 178 "-" "Mozilla/5.0 (Windows NT 6.1; WOW64; Trident/7.0; MAFSJS; rv:11.0) like Gecko"
189.43.48.13 - - [26/Aug/2014:07:36:52 -0600] "GET /favicon.ico HTTP/1.1" 200 1022 "-" "Mozilla/5.0 (Windows NT 6.1; WOW64; Trident/7.0; MAFSJS; rv:11.0) like Gecko"
157.55.39.71 - - [26/Aug/2014:07:36:54 -0600] "GET /entry/6035 HTTP/1.1" 200 4412 "-" "Mozilla/5.0 (compatible; bingbot/2.0; +http://www.bing.com/bingbot.htm)"
66.249.69.161 - - [26/Aug/2014:07:36:56 -0600] "GET /location/most_recent.rss?location_id=99 HTTP/1.1" 301 178 "-" "Mozilla/5.0 (compatible; Googlebot/2.1; +http://www.google.com/bot.html)"
174.226.2.66 - - [26/Aug/2014:07:36:57 -0600] "GET /entry/4447 HTTP/1.1" 200 6339 "-" "Mozilla/5.0 (iPhone; CPU iPhone OS 6_1_3 like Mac OS X) AppleWebKit/536.26 (KHTML, like Gecko) Version/6.0 Mobile/10B329 Safari/8536.25"
66.249.69.161 - - [26/Aug/2014:07:36:57 -0600] "GET /region/99/recent.rss HTTP/1.1" 200 21399 "-" "Mozilla/5.0 (compatible; Googlebot/2.1; +http://www.google.com/bot.html)"
174.226.2.66 - - [26/Aug/2014:07:36:57 -0600] "GET /images/red-bullet.png HTTP/1.1" 200 231 "-" "Mozilla/5.0 (iPhone; CPU iPhone OS 6_1_3 like Mac OS X) AppleWebKit/536.26 (KHTML, like Gecko) Version/6.0 Mobile/10B329 Safari/8536.25"
174.226.2.66 - - [26/Aug/2014:07:36:58 -0600] "GET /7b0744/images/ratings/green-5-00.png HTTP/1.1" 200 689 "-" "Mozilla/5.0 (iPhone; CPU iPhone OS 6_1_3 like Mac OS X) AppleWebKit/536.26 (KHTML, like Gecko) Version/6.0 Mobile/10B329 Safari/8536.25"
174.226.2.66 - - [26/Aug/2014:07:36:58 -0600] "GET /entry-images/4447/4447-4649-mini.jpg HTTP/1.1" 200 32385 "-" "Mozilla/5.0 (iPhone; CPU iPhone OS 6_1_3 like Mac OS X) AppleWebKit/536.26 (KHTML, like Gecko) Version/6.0 Mobile/10B329 Safari/8536.25"
174.226.2.66 - - [26/Aug/2014:07:36:58 -0600] "GET /user-images/4145-small.png HTTP/1.1" 200 5528 "-" "Mozilla/5.0 (iPhone; CPU iPhone OS 6_1_3 like Mac OS X) AppleWebKit/536.26 (KHTML, like Gecko) Version/6.0 Mobile/10B329 Safari/8536.25"
174.226.2.66 - - [26/Aug/2014:07:36:58 -0600] "GET /entry-images/4447/4447-4648-small.jpg HTTP/1.1" 200 59334 "-" "Mozilla/5.0 (iPhone; CPU iPhone OS 6_1_3 like Mac OS X) AppleWebKit/536.26 (KHTML, like Gecko) Version/6.0 Mobile/10B329 Safari/8536.25"
68.180.225.35 - - [26/Aug/2014:07:37:00 -0600] "GET /entry/11103 HTTP/1.1" 200 5418 "-" "Mozilla/5.0 (compatible; Yahoo! Slurp; http://help.yahoo.com/help/us/ysearch/slurp)"
174.226.2.66 - - [26/Aug/2014:07:37:00 -0600] "GET /images/ratings/blue-1-00.png HTTP/1.1" 200 1037 "-" "Mozilla/5.0 (iPhone; CPU iPhone OS 6_1_3 like Mac OS X) AppleWebKit/536.26 (KHTML, like Gecko) Version/6.0 Mobile/10B329 Safari/8536.25"
174.226.2.66 - - [26/Aug/2014:07:37:00 -0600] "GET /images/ratings/blue-2-00.png HTTP/1.1" 200 1375 "-" "Mozilla/5.0 (iPhone; CPU iPhone OS 6_1_3 like Mac OS X) AppleWebKit/536.26 (KHTML, like Gecko) Version/6.0 Mobile/10B329 Safari/8536.25"
