174.226.2.66 - - [26/Aug/2014:07:37:00 -0600] "GET /images/ratings/blue-3-00.png HTTP/1.1" 200 1416 "-" "Mozilla/5.0 (iPhone; CPU iPhone OS 6_1_3 like Mac OS X) AppleWebKit/536.26 (KHTML, like Gecko) Version/6.0 Mobile/10B329 Safari/8536.25"
174.226.2.66 - - [26/Aug/2014:07:37:00 -0600] "GET /images/ratings/blue-4-00.png HTTP/1.1" 200 1375 "-" "Mozilla/5.0 (iPhone; CPU iPhone OS 6_1_3 like Mac OS X) AppleWebKit/536.26 (KHTML, like Gecko) Version/6.0 Mobile/10B329 Safari/8536.25"
174.226.2.66 - - [26/Aug/2014:07:37:00 -0600] "GET /images/ratings/blue-5-00.png HTTP/1.1" 200 1198 "-" "Mozilla/5.0 (iPhone; CPU iPhone OS 6_1_3 like Mac OS X) AppleWebKit/536.26 (KHTML, like Gecko) Version/6.0 Mobile/10B329 Safari/8536.25"
174.226.2.66 - - [26/Aug/2014:07:37:03 -0600] "GET /region/198 HTTP/1.1" 200 9020 "-" "Mozilla/5.0 (iPhone; CPU iPhone OS 6_1_3 like Mac OS X) AppleWebKit/536.26 (KHTML, like Gecko) Version/6.0 Mobile/10B329 Safari/8536.25"
200.54.231.226 - - [26/Aug/2014:07:37:16 -0600] "GET /7b0744/js/vegguide-combined.js HTTP/1.1" 200 67597 "-" "Mozilla/5.0 (Macintosh; Intel Mac OS X 10_6_8) AppleWebKit/537.36 (KHTML, like Gecko) Chrome/36.0.1985.143 Safari/537.36"
217.24.176.227 - - [26/Aug/2014:07:37:18 -0600] "GET /site/help HTTP/1.1" 200 12781 "-" "Mozilla/5.0 (Windows NT 6.1; rv:2.0b7pre) Gecko/20100921 Firefox/4.0b7pre"
217.24.176.227 - - [26/Aug/2014:07:37:18 -0600] "GET /mailman/listinfo/community HTTP/1.1" 301 178 "-" "Mozilla/5.0 (Windows NT 6.1; rv:2.0b7pre) Gecko/20100921 Firefox/4.0b7pre"
174.226.2.66 - - [26/Aug/2014:07:37:19 -0600] "GET /entry/12369 HTTP/1.1" 200 5770 "-" "Mozilla/5.0 (iPhone; CPU iPhone OS 6_1_3 like Mac OS X) AppleWebKit/536.26 (KHTML, like Gecko) Version/6.0 Mobile/10B329 Safari/8536.25"
174.226.2.66 - - [26/Aug/2014:07:37:20 -0600] "GET /entry-images/12369/12369-5459-small.jpg HTTP/1.1" 200 63856 "-" "Mozilla/5.0 (iPhone; CPU iPhone OS 6_1_3 like Mac OS X) AppleWebKit/536.26 (KHTML, like Gecko) Version/6.0 Mobile/10B329 Safari/8536.25"
174.226.2.66 - - [26/Aug/2014:07:37:20 -0600] "GET /7b0744/images/mastercard.png HTTP/1.1" 200 1753 "-" "Mozilla/5.0 (iPhone; CPU iPhone OS 6_1_3 like Mac OS X) AppleWebKit/536.26 (KHTML, like Gecko) Version/6.0 Mobile/10B329 Safari/8536.25"
94.153.10.27 - - [26/Aug/2014:07:37:20 -0600] "GET /region/659 HTTP/1.1" 200 36207 "-" "Mozilla/4.0 (compatible; MSIE 6.0; Windows NT 5.1; SV1; .NET CLR 1.1.4322)"
174.226.2.66 - - [26/Aug/2014:07:37:20 -0600] "GET /7b0744/images/visa.png HTTP/1.1" 200 1404 "-" "Mozilla/5.0 (iPhone; CPU iPhone OS 6_1_3 like Mac OS X) AppleWebKit/536.26 (KHTML, like Gecko) Version/6.0 Mobile/10B329 Safari/8536.25"
50.205.120.154 - - [26/Aug/2014:07:37:22 -0600] "GET /region/110 HTTP/1.1" 200 9420 "-" "Mozilla/5.0 (Windows NT 6.1; WOW64; Trident/7.0; rv:11.0) like Gecko"
50.205.120.154 - - [26/Aug/2014:07:37:22 -0600] "GET /7b0744/css/vegguide-combined.css HTTP/1.1" 200 20810 "-" "Mozilla/5.0 (Windows NT 6.1; WOW64; Trident/7.0; rv:11.0) like Gecko"
50.205.120.154 - - [26/Aug/2014:07:37:22 -0600] "GET /images/vegguide-logo.png HTTP/1.1" 200 20540 "-" "Mozilla/5.0 (Windows NT 6.1; WOW64; Trident/7.0; rv:11.0) like Gecko"
50.205.120.154 - - [26/Aug/2014:07:37:22 -0600] "GET /images/close-button.png HTTP/1.1" 200 693 "-" "Mozilla/5.0 (Windows NT 6.1; WOW64; Trident/7.0; rv:11.0) like Gecko"
50.205.120.154 - - [26/Aug/2014:07:37:22 -0600] "GET /7b0744/images/sort-up.gif HTTP/1.1" 200 84 "-" "Mozilla/5.0 (Windows NT 6.1; WOW64; Trident/7.0; rv:11.0) like Gecko"
50.205.120.154 - - [26/Aug/2014:07:37:22 -0600] "GET /7b0744/images/sort-none.gif HTTP/1.1" 200 79 "-" "Mozilla/5.0 (Windows NT 6.1; WOW64; Trident/7.0; rv:11.0) like Gecko"
50.205.120.154 - - [26/Aug/2014:07:37:22 -0600] "GET /7b0744/images/ratings/green-4-25.png HTTP/1.1" 200 896 "-" "Mozilla/5.0 (Windows NT 6.1; WOW64; Trident/7.0; rv:11.0) like Gecko"
50.205.120.154 - - [26/Aug/2014:07:37:22 -0600] "GET /7b0744/images/ratings/green-0-00.png HTTP/1.1" 200 791 "-" "Mozilla/5.0 (Windows NT 6.1; WOW64; Trident/7.0; rv:11.0) like Gecko"
50.205.120.154 - - [26/Aug/2014:07:37:22 -0600] "GET /7b0744/images/ratings/green-4-00.png HTTP/1.1" 200 1221 "-" "Mozilla/5.0 (Windows NT 6.1; WOW64; Trident/7.0; rv:11.0) like Gecko"
50.205.120.154 - - [26/Aug/2014:07:37:22 -0600] "GET /7b0744/js/vegguide-combined.js HTTP/1.1" 200 94167 "-" "Mozilla/5.0 (Windows NT 6.1; WOW64; Trident/7.0; rv:11.0) like Gecko"
50.205.120.154 - - [26/Aug/2014:07:37:22 -0600] "GET /7b0744/images/ratings/green-4-50.png HTTP/1.1" 200 878 "-" "Mozilla/5.0 (Windows NT 6.1; WOW64; Trident/7.0; rv:11.0) like Gecko"
50.205.120.154 - - [26/Aug/2014:07:37:22 -0600] "GET /7b0744/images/ratings/green-3-75.png HTTP/1.1" 200 1263 "-" "Mozilla/5.0 (Windows NT 6.1; WOW64; Trident/7.0; rv:11.0) like Gecko"
50.205.120.154 - - [26/Aug/2014:07:37:22 -0600] "GET /images/caa-logo.png HTTP/1.1" 200 10681 "-" "Mozilla/5.0 (Windows NT 6.1; WOW64; Trident/7.0; rv:11.0) like Gecko"
50.205.120.154 - - [26/Aug/2014:07:37:22 -0600] "GET /7b0744/images/ratings/green-3-50.png HTTP/1.1" 200 1283 "-" "Mozilla/5.0 (Windows NT 6.1; WOW64; Trident/7.0; rv:11.0) like Gecko"
50.205.120.154 - - [26/Aug/2014:07:37:23 -0600] "GET /images/thl-logo.png HTTP/1.1" 200 2925 "-" "Mozilla/5.0 (Windows NT 6.1; WOW64; Trident/7.0; rv:11.0) like Gecko"
50.205.120.154 - - [26/Aug/2014:07:37:23 -0600] "GET /images/peta-logo.jpg HTTP/1.1" 200 14774 "-" "Mozilla/5.0 (Windows NT 6.1; WOW64; Trident/7.0; rv:11.0) like Gecko"
50.205.120.154 - - [26/Aug/2014:07:37:23 -0600] "GET /images/cok-logo.png HTTP/1.1" 200 8577 "-" "Mozilla/5.0 (Windows NT 6.1; WOW64; Trident/7.0; rv:11.0) like Gecko"
50.205.120.154 - - [26/Aug/2014:07:37:23 -0600] "GET /images/fs-logo.png HTTP/1.1" 200 10293 "-" "Mozilla/5.0 (Windows NT 6.1; WOW64; Trident/7.0; rv:11.0) like Gecko"
50.205.120.154 - - [26/Aug/2014:07:37:23 -0600] "GET /images/vo-logo.gif HTTP/1.1" 200 1553 "-" "Mozilla/5.0 (Windows NT 6.1; WOW64; Trident/7.0; rv:11.0) like Gecko"
50.205.120.154 - - [26/Aug/2014:07:37:23 -0600] "GET /images/loader.gif HTTP/1.1" 200 3208 "-" "Mozilla/5.0 (Windows NT 6.1; WOW64; Trident/7.0; rv:11.0) like Gecko"
50.205.120.154 - - [26/Aug/2014:07:37:23 -0600] "GET /images/transparent.gif HTTP/1.1" 200 49 "-" "Mozilla/5.0 (Windows NT 6.1; WOW64; Trident/7.0; rv:11.0) like Gecko"
50.205.120.154 - - [26/Aug/2014:07:37:23 -0600] "GET /images/favicon.ico HTTP/1.1" 200 1022 "-" "Mozilla/5.0 (Windows NT 6.1; WOW64; Trident/7.0; rv:11.0) like Gecko"
157.55.39.70 - - [26/Aug/2014:07:37:24 -0600] "GET /region/2260.rss HTTP/1.1" 200 4125 "-" "Mozilla/5.0 (compatible; bingbot/2.0; +http://www.bing.com/bingbot.htm)"
94.153.10.27 - - [26/Aug/2014:07:37:25 -0600] "GET /region/659 HTTP/1.1" 200 36207 "-" "Mozilla/4.0 (compatible; MSIE 6.0; Windows NT 5.1; SV1; .NET CLR 1.1.4322)"
94.153.10.27 - - [26/Aug/2014:07:37:25 -0600] "GET /region/659 HTTP/1.1" 200 36207 "-" "Mozilla/4.0 (compatible; MSIE 6.0; Windows NT 5.1; SV1; .NET CLR 1.1.4322)"
66.249.69.161 - - [26/Aug/2014:07:37:33 -0600] "GET /region/2525/filter/category_id=1 HTTP/1.1" 200 4221 "-" "Mozilla/5.0 (compatible; Googlebot/2.1; +http://www.google.com/bot.html)"
37.58.100.142 - - [26/Aug/2014:07:37:42 -0600] "GET /entry/near/30.6114%2C-96.3549/filter?unit=mile;distance=25;sort_order=ASC;page=;order_by=distance;address=77844;limit= HTTP/1.1" 200 6210 "-" "Mozilla/5.0 (compatible; AhrefsBot/5.0; +http://ahrefs.com/robot/)"
68.180.225.35 - - [26/Aug/2014:07:37:45 -0600] "GET /region/97/feeds HTTP/1.1" 200 3340 "-" "Mozilla/5.0 (compatible; Yahoo! Slurp; http://help.yahoo.com/help/us/ysearch/slurp)"
66.249.69.161 - - [26/Aug/2014:07:37:46 -0600] "GET /site/recent.rss HTTP/1.1" 200 20227 "-" "Mozilla/5.0 (compatible; Googlebot/2.1; +http://www.google.com/bot.html)"
82.114.94.11 - - [26/Aug/2014:07:37:48 -0600] "GET /entry/14768 HTTP/1.1" 200 4709 "-" "Mozilla/5.0 (iPad; CPU OS 7_0 like Mac OS X) AppleWebKit/537.51.1 (KHTML, like Gecko) GSA/4.1.0.31802 Mobile/11A465 Safari/9537.53"
82.114.94.11 - - [26/Aug/2014:07:37:48 -0600] "GET /7b0744/css/vegguide-combined.css HTTP/1.1" 200 20810 "-" "Mozilla/5.0 (iPad; CPU OS 7_0 like Mac OS X) AppleWebKit/537.51.1 (KHTML, like Gecko) GSA/4.1.0.31802 Mobile/11A465 Safari/9537.53"
82.114.94.11 - - [26/Aug/2014:07:37:48 -0600] "GET /images/close-button.png HTTP/1.1" 200 693 "-" "Mozilla/5.0 (iPad; CPU OS 7_0 like Mac OS X) AppleWebKit/537.51.1 (KHTML, like Gecko) GSA/4.1.0.31802 Mobile/11A465 Safari/9537.53"
82.114.94.11 - - [26/Aug/2014:07:37:48 -0600] "GET /images/vegguide-logo.png HTTP/1.1" 200 20540 "-" "Mozilla/5.0 (iPad; CPU OS 7_0 like Mac OS X) AppleWebKit/537.51.1 (KHTML, like Gecko) GSA/4.1.0.31802 Mobile/11A465 Safari/9537.53"
82.114.94.11 - - [26/Aug/2014:07:37:48 -0600] "GET /7b0744/images/ratings/green-0-00.png HTTP/1.1" 200 791 "-" "Mozilla/5.0 (iPad; CPU OS 7_0 like Mac OS X) AppleWebKit/537.51.1 (KHTML, like Gecko) GSA/4.1.0.31802 Mobile/11A465 Safari/9537.53"
82.114.94.11 - - [26/Aug/2014:07:37:48 -0600] "GET /images/upload-an-image.png HTTP/1.1" 200 7026 "-" "Mozilla/5.0 (iPad; CPU OS 7_0 like Mac OS X) AppleWebKit/537.51.1 (KHTML, like Gecko) GSA/4.1.0.31802 Mobile/11A465 Safari/9537.53"
82.114.94.11 - - [26/Aug/2014:07:37:48 -0600] "GET /images/caa-logo.png HTTP/1.1" 200 10681 "-" "Mozilla/5.0 (iPad; CPU OS 7_0 like Mac OS X) AppleWebKit/537.51.1 (KHTML, like Gecko) GSA/4.1.0.31802 Mobile/11A465 Safari/9537.53"
82.114.94.11 - - [26/Aug/2014:07:37:49 -0600] "GET /images/thl-logo.png HTTP/1.1" 200 2925 "-" "Mozilla/5.0 (iPad; CPU OS 7_0 like Mac OS X) AppleWebKit/537.51.1 (KHTML, like Gecko) GSA/4.1.0.31802 Mobile/11A465 Safari/9537.53"
82.114.94.11 - - [26/Aug/2014:07:37:49 -0600] "GET /images/peta-logo.jpg HTTP/1.1" 200 14774 "-" "Mozilla/5.0 (iPad; CPU OS 7_0 like Mac OS X) AppleWebKit/537.51.1 (KHTML, like Gecko) GSA/4.1.0.31802 Mobile/11A465 Safari/9537.53"
82.114.94.11 - - [26/Aug/2014:07:37:49 -0600] "GET /images/cok-logo.png HTTP/1.1" 200 8577 "-" "Mozilla/5.0 (iPad; CPU OS 7_0 like Mac OS X) AppleWebKit/537.51.1 (KHTML, like Gecko) GSA/4.1.0.31802 Mobile/11A465 Safari/9537.53"
82.114.94.11 - - [26/Aug/2014:07:37:49 -0600] "GET /7b0744/js/vegguide-combined.js HTTP/1.1" 200 94167 "-" "Mozilla/5.0 (iPad; CPU OS 7_0 like Mac OS X) AppleWebKit/537.51.1 (KHTML, like Gecko) GSA/4.1.0.31802 Mobile/11A465 Safari/9537.53"
82.114.94.11 - - [26/Aug/2014:07:37:49 -0600] "GET /images/fs-logo.png HTTP/1.1" 200 10293 "-" "Mozilla/5.0 (iPad; CPU OS 7_0 like Mac OS X) AppleWebKit/537.51.1 (KHTML, like Gecko) GSA/4.1.0.31802 Mobile/11A465 Safari/9537.53"
82.114.94.11 - - [26/Aug/2014:07:37:49 -0600] "GET /images/vo-logo.gif HTTP/1.1" 200 1553 "-" "Mozilla/5.0 (iPad; CPU OS 7_0 like Mac OS X) AppleWebKit/537.51.1 (KHTML, like Gecko) GSA/4.1.0.31802 Mobile/11A465 Safari/9537.53"
82.114.94.11 - - [26/Aug/2014:07:37:49 -0600] "GET /images/loader.gif HTTP/1.1" 200 3208 "-" "Mozilla/5.0 (iPad; CPU OS 7_0 like Mac OS X) AppleWebKit/537.51.1 (KHTML, like Gecko) GSA/4.1.0.31802 Mobile/11A465 Safari/9537.53"
82.114.94.11 - - [26/Aug/2014:07:37:49 -0600] "GET /images/transparent.gif HTTP/1.1" 200 49 "-" "Mozilla/5.0 (iPad; CPU OS 7_0 like Mac OS X) AppleWebKit/537.51.1 (KHTML, like Gecko) GSA/4.1.0.31802 Mobile/11A465 Safari/9537.53"
82.114.94.11 - - [26/Aug/2014:07:37:49 -0600] "GET /images/red-bullet.png HTTP/1.1" 200 231 "-" "Mozilla/5.0 (iPad; CPU OS 7_0 like Mac OS X) AppleWebKit/537.51.1 (KHTML, like Gecko) GSA/4.1.0.31802 Mobile/11A465 Safari/9537.53"
82.114.94.11 - - [26/Aug/2014:07:37:50 -0600] "GET /images/ratings/blue-2-00.png HTTP/1.1" 200 1375 "-" "Mozilla/5.0 (iPad; CPU OS 7_0 like Mac OS X) AppleWebKit/537.51.1 (KHTML, like Gecko) GSA/4.1.0.31802 Mobile/11A465 Safari/9537.53"
82.114.94.11 - - [26/Aug/2014:07:37:50 -0600] "GET /images/ratings/blue-3-00.png HTTP/1.1" 200 1416 "-" "Mozilla/5.0 (iPad; CPU OS 7_0 like Mac OS X) AppleWebKit/537.51.1 (KHTML, like Gecko) GSA/4.1.0.31802 Mobile/11A465 Safari/9537.53"
82.114.94.11 - - [26/Aug/2014:07:37:50 -0600] "GET /images/ratings/blue-1-00.png HTTP/1.1" 200 1037 "-" "Mozilla/5.0 (iPad; CPU OS 7_0 like Mac OS X) AppleWebKit/537.51.1 (KHTML, like Gecko) GSA/4.1.0.31802 Mobile/11A465 Safari/9537.53"
82.114.94.11 - - [26/Aug/2014:07:37:50 -0600] "GET /images/ratings/blue-4-00.png HTTP/1.1" 200 1375 "-" "Mozilla/5.0 (iPad; CPU OS 7_0 like Mac OS X) AppleWebKit/537.51.1 (KHTML, like Gecko) GSA/4.1.0.31802 Mobile/11A465 Safari/9537.53"
82.114.94.11 - - [26/Aug/2014:07:37:50 -0600] "GET /images/ratings/blue-5-00.png HTTP/1.1" 200 1198 "-" "Mozilla/5.0 (iPad; CPU OS 7_0 like Mac OS X) AppleWebKit/537.51.1 (KHTML, like Gecko) GSA/4.1.0.31802 Mobile/11A465 Safari/9537.53"
66.249.69.161 - - [26/Aug/2014:07:37:53 -0600] "GET /entry-images/10569/10569-5945-mini.jpg HTTP/1.1" 200 52807 "-" "Googlebot-Image/1.0"
157.55.39.71 - - [26/Aug/2014:07:37:54 -0600] "GET /entry/4187 HTTP/1.1" 200 4699 "-" "Mozilla/5.0 (compatible; bingbot/2.0; +http://www.bing.com/bingbot.htm)"
37.58.100.142 - - [26/Aug/2014:07:37:58 -0600] "GET /entry/18575 HTTP/1.1" 200 5456 "-" "Mozilla/5.0 (compatible; AhrefsBot/5.0; +http://ahrefs.com/robot/)"
200.54.231.226 - - [26/Aug/2014:07:37:59 -0600] "GET /images/red-bullet.png HTTP/1.1" 200 231 "-" "Mozilla/5.0 (Macintosh; Intel Mac OS X 10_6_8) AppleWebKit/537.36 (KHTML, like Gecko) Chrome/36.0.1985.143 Safari/537.36"
194.39.218.10 - - [26/Aug/2014:07:38:00 -0600] "GET /entry/16507 HTTP/1.1" 200 4859 "-" "Mozilla/4.0 (compatible; MSIE 8.0; Windows NT 6.1; WOW64; Trident/4.0; SLCC2; .NET CLR 2.0.50727; .NET CLR 3.5.30729; .NET CLR 3.0.30729; Media Center PC 6.0; .NET4.0C; .NET4.0E; Pcy8.0.7601.17514-10552-10110-55)"
194.39.218.10 - - [26/Aug/2014:07:38:01 -0600] "GET /7b0744/css/vegguide-combined.css HTTP/1.1" 200 20810 "-" "Mozilla/4.0 (compatible; MSIE 8.0; Windows NT 6.1; WOW64; Trident/4.0; SLCC2; .NET CLR 2.0.50727; .NET CLR 3.5.30729; .NET CLR 3.0.30729; Media Center PC 6.0; .NET4.0C; .NET4.0E; Pcy8.0.7601.17514-10552-10110-55)"
194.39.218.10 - - [26/Aug/2014:07:38:01 -0600] "GET /7b0744/js/vegguide-combined.js HTTP/1.1" 200 94167 "-" "Mozilla/4.0 (compatible; MSIE 8.0; Windows NT 6.1; WOW64; Trident/4.0; SLCC2; .NET CLR 2.0.50727; .NET CLR 3.5.30729; .NET CLR 3.0.30729; Media Center PC 6.0; .NET4.0C; .NET4.0E; Pcy8.0.7601.17514-10552-10110-55)"
194.39.218.10 - - [26/Aug/2014:07:38:02 -0600] "GET /images/loader.gif HTTP/1.1" 200 3208 "-" "Mozilla/4.0 (compatible; MSIE 8.0; Windows NT 6.1; WOW64; Trident/4.0; SLCC2; .NET CLR 2.0.50727; .NET CLR 3.5.30729; .NET CLR 3.0.30729; Media Center PC 6.0; .NET4.0C; .NET4.0E; Pcy8.0.7601.17514-10552-10110-55)"
194.39.218.10 - - [26/Aug/2014:07:38:02 -0600] "GET /images/transparent.gif HTTP/1.1" 200 49 "-" "Mozilla/4.0 (compatible; MSIE 8.0; Windows NT 6.1; WOW64; Trident/4.0; SLCC2; .NET CLR 2.0.50727; .NET CLR 3.5.30729; .NET CLR 3.0.30729; Media Center PC 6.0; .NET4.0C; .NET4.0E; Pcy8.0.7601.17514-10552-10110-55)"
194.39.218.10 - - [26/Aug/2014:07:38:02 -0600] "GET /7b0744/images/ratings/green-4-25.png HTTP/1.1" 200 896 "-" "Mozilla/4.0 (compatible; MSIE 8.0; Windows NT 6.1; WOW64; Trident/4.0; SLCC2; .NET CLR 2.0.50727; .NET CLR 3.5.30729; .NET CLR 3.0.30729; Media Center PC 6.0; .NET4.0C; .NET4.0E; Pcy8.0.7601.17514-10552-10110-55)"
194.39.218.10 - - [26/Aug/2014:07:38:02 -0600] "GET /images/close-button.png HTTP/1.1" 200 693 "-" "Mozilla/4.0 (compatible; MSIE 8.0; Windows NT 6.1; WOW64; Trident/4.0; SLCC2; .NET CLR 2.0.50727; .NET CLR 3.5.30729; .NET CLR 3.0.30729; Media Center PC 6.0; .NET4.0C; .NET4.0E; Pcy8.0.7601.17514-10552-10110-55)"
194.39.218.10 - - [26/Aug/2014:07:38:02 -0600] "GET /7b0744/images/ratings/green-5-00.png HTTP/1.1" 200 689 "-" "Mozilla/4.0 (compatible; MSIE 8.0; Windows NT 6.1; WOW64; Trident/4.0; SLCC2; .NET CLR 2.0.50727; .NET CLR 3.5.30729; .NET CLR 3.0.30729; Media Center PC 6.0; .NET4.0C; .NET4.0E; Pcy8.0.7601.17514-10552-10110-55)"
194.39.218.10 - - [26/Aug/2014:07:38:02 -0600] "GET /images/upload-an-image.png HTTP/1.1" 200 7026 "-" "Mozilla/4.0 (compatible; MSIE 8.0; Windows NT 6.1; WOW64; Trident/4.0; SLCC2; .NET CLR 2.0.50727; .NET CLR 3.5.30729; .NET CLR 3.0.30729; Media Center PC 6.0; .NET4.0C; .NET4.0E; Pcy8.0.7601.17514-10552-10110-55)"
194.39.218.10 - - [26/Aug/2014:07:38:02 -0600] "GET /images/thl-logo.png HTTP/1.1" 200 2925 "-" "Mozilla/4.0 (compatible; MSIE 8.0; Windows NT 6.1; WOW64; Trident/4.0; SLCC2; .NET CLR 2.0.50727; .NET CLR 3.5.30729; .NET CLR 3.0.30729; Media Center PC 6.0; .NET4.0C; .NET4.0E; Pcy8.0.7601.17514-10552-10110-55)"
194.39.218.10 - - [26/Aug/2014:07:38:02 -0600] "GET /images/caa-logo.png HTTP/1.1" 200 10681 "-" "Mozilla/4.0 (compatible; MSIE 8.0; Windows NT 6.1; WOW64; Trident/4.0; SLCC2; .NET CLR 2.0.50727; .NET CLR 3.5.30729; .NET CLR 3.0.30729; Media Center PC 6.0; .NET4.0C; .NET4.0E; Pcy8.0.7601.17514-10552-10110-55)"
194.39.218.10 - - [26/Aug/2014:07:38:02 -0600] "GET /images/peta-logo.jpg HTTP/1.1" 200 14774 "-" "Mozilla/4.0 (compatible; MSIE 8.0; Windows NT 6.1; WOW64; Trident/4.0; SLCC2; .NET CLR 2.0.50727; .NET CLR 3.5.30729; .NET CLR 3.0.30729; Media Center PC 6.0; .NET4.0C; .NET4.0E; Pcy8.0.7601.17514-10552-10110-55)"
194.39.218.10 - - [26/Aug/2014:07:38:02 -0600] "GET /images/vegguide-logo.png HTTP/1.1" 200 20540 "-" "Mozilla/4.0 (compatible; MSIE 8.0; Windows NT 6.1; WOW64; Trident/4.0; SLCC2; .NET CLR 2.0.50727; .NET CLR 3.5.30729; .NET CLR 3.0.30729; Media Center PC 6.0; .NET4.0C; .NET4.0E; Pcy8.0.7601.17514-10552-10110-55)"
194.39.218.10 - - [26/Aug/2014:07:38:02 -0600] "GET /images/red-bullet.png HTTP/1.1" 200 231 "-" "Mozilla/4.0 (compatible; MSIE 8.0; Windows NT 6.1; WOW64; Trident/4.0; SLCC2; .NET CLR 2.0.50727; .NET CLR 3.5.30729; .NET CLR 3.0.30729; Media Center PC 6.0; .NET4.0C; .NET4.0E; Pcy8.0.7601.17514-10552-10110-55)"
194.39.218.10 - - [26/Aug/2014:07:38:02 -0600] "GET /images/cok-logo.png HTTP/1.1" 200 8577 "-" "Mozilla/4.0 (compatible; MSIE 8.0; Windows NT 6.1; WOW64; Trident/4.0; SLCC2; .NET CLR 2.0.50727; .NET CLR 3.5.30729; .NET CLR 3.0.30729; Media Center PC 6.0; .NET4.0C; .NET4.0E; Pcy8.0.7601.17514-10552-10110-55)"
194.39.218.10 - - [26/Aug/2014:07:38:02 -0600] "GET /images/fs-logo.png HTTP/1.1" 200 10293 "-" "Mozilla/4.0 (compatible; MSIE 8.0; Windows NT 6.1; WOW64; Trident/4.0; SLCC2; .NET CLR 2.0.50727; .NET CLR 3.5.30729; .NET CLR 3.0.30729; Media Center PC 6.0; .NET4.0C; .NET4.0E; Pcy8.0.7601.17514-10552-10110-55)"
194.39.218.10 - - [26/Aug/2014:07:38:02 -0600] "GET /images/vo-logo.gif HTTP/1.1" 200 1553 "-" "Mozilla/4.0 (compatible; MSIE 8.0; Windows NT 6.1; WOW64; Trident/4.0; SLCC2; .NET CLR 2.0.50727; .NET CLR 3.5.30729; .NET CLR 3.0.30729; Media Center PC 6.0; .NET4.0C; .NET4.0E; Pcy8.0.7601.17514-10552-10110-55)"
194.39.218.10 - - [26/Aug/2014:07:38:02 -0600] "GET /images/ratings/blue-2-00.png HTTP/1.1" 200 1375 "-" "Mozilla/4.0 (compatible; MSIE 8.0; Windows NT 6.1; WOW64; Trident/4.0; SLCC2; .NET CLR 2.0.50727; .NET CLR 3.5.30729; .NET CLR 3.0.30729; Media Center PC 6.0; .NET4.0C; .NET4.0E; Pcy8.0.7601.17514-10552-10110-55)"
194.39.218.10 - - [26/Aug/2014:07:38:02 -0600] "GET /images/ratings/blue-1-00.png HTTP/1.1" 200 1037 "-" "Mozilla/4.0 (compatible; MSIE 8.0; Windows NT 6.1; WOW64; Trident/4.0; SLCC2; .NET CLR 2.0.50727; .NET CLR 3.5.30729; .NET CLR 3.0.30729; Media Center PC 6.0; .NET4.0C; .NET4.0E; Pcy8.0.7601.17514-10552-10110-55)"
194.39.218.10 - - [26/Aug/2014:07:38:03 -0600] "GET /images/ratings/blue-3-00.png HTTP/1.1" 200 1416 "-" "Mozilla/4.0 (compatible; MSIE 8.0; Windows NT 6.1; WOW64; Trident/4.0; SLCC2; .NET CLR 2.0.50727; .NET CLR 3.5.30729; .NET CLR 3.0.30729; Media Center PC 6.0; .NET4.0C; .NET4.0E; Pcy8.0.7601.17514-10552-10110-55)"
194.39.218.10 - - [26/Aug/2014:07:38:03 -0600] "GET /images/ratings/blue-4-00.png HTTP/1.1" 200 1375 "-" "Mozilla/4.0 (compatible; MSIE 8.0; Windows NT 6.1; WOW64; Trident/4.0; SLCC2; .NET CLR 2.0.50727; .NET CLR 3.5.30729; .NET CLR 3.0.30729; Media Center PC 6.0; .NET4.0C; .NET4.0E; Pcy8.0.7601.17514-10552-10110-55)"
194.39.218.10 - - [26/Aug/2014:07:38:03 -0600] "GET /images/ratings/blue-5-00.png HTTP/1.1" 200 1198 "-" "Mozilla/4.0 (compatible; MSIE 8.0; Windows NT 6.1; WOW64; Trident/4.0; SLCC2; .NET CLR 2.0.50727; .NET CLR 3.5.30729; .NET CLR 3.0.30729; Media Center PC 6.0; .NET4.0C; .NET4.0E; Pcy8.0.7601.17514-10552-10110-55)"
194.39.218.10 - - [26/Aug/2014:07:38:04 -0600] "GET /static/opensearch_desc.xml HTTP/1.1" 200 411 "-" "Mozilla/4.0 (compatible; MSIE 8.0; Windows NT 6.1; WOW64; Trident/4.0; SLCC2; .NET CLR 2.0.50727; .NET CLR 3.5.30729; .NET CLR 3.0.30729; Media Center PC 6.0; .NET4.0C; .NET4.0E; Pcy8.0.7601.17514-10552-10110-55)"
194.39.218.10 - - [26/Aug/2014:07:38:04 -0600] "GET /images/favicon.ico HTTP/1.1" 200 1022 "-" "Mozilla/4.0 (compatible; MSIE 8.0; Windows NT 6.1; WOW64; Trident/4.0; SLCC2; .NET CLR 2.0.50727; .NET CLR 3.5.30729; .NET CLR 3.0.30729; Media Center PC 6.0; .NET4.0C; .NET4.0E; Pcy8.0.7601.17514-10552-10110-55)"
168.215.97.5 - - [26/Aug/2014:07:38:04 -0600] "GET /region/1212/map HTTP/1.1" 200 18256 "-" "Mozilla/4.0 (compatible; MSIE 8.0; Windows NT 5.1; Trident/4.0; .NET CLR 1.1.4322; .NET CLR 2.0.50727; InfoPath.1; .NET CLR 3.0.4506.2152; .NET CLR 3.5.30729; .NET4.0C)"
168.215.97.5 - - [26/Aug/2014:07:38:05 -0600] "GET /7b0744/js/vegguide-combined.js HTTP/1.1" 200 94167 "-" "Mozilla/4.0 (compatible; MSIE 8.0; Windows NT 5.1; Trident/4.0; .NET CLR 1.1.4322; .NET CLR 2.0.50727; InfoPath.1; .NET CLR 3.0.4506.2152; .NET CLR 3.5.30729; .NET4.0C)"
168.215.97.5 - - [26/Aug/2014:07:38:05 -0600] "GET /7b0744/css/vegguide-combined.css HTTP/1.1" 200 20810 "-" "Mozilla/4.0 (compatible; MSIE 8.0; Windows NT 5.1; Trident/4.0; .NET CLR 1.1.4322; .NET CLR 2.0.50727; InfoPath.1; .NET CLR 3.0.4506.2152; .NET CLR 3.5.30729; .NET4.0C)"
168.215.97.5 - - [26/Aug/2014:07:38:05 -0600] "GET /images/loader.gif HTTP/1.1" 200 3208 "-" "Mozilla/4.0 (compatible; MSIE 8.0; Windows NT 5.1; Trident/4.0; .NET CLR 1.1.4322; .NET CLR 2.0.50727; InfoPath.1; .NET CLR 3.0.4506.2152; .NET CLR 3.5.30729; .NET4.0C)"
168.215.97.5 - - [26/Aug/2014:07:38:05 -0600] "GET /images/transparent.gif HTTP/1.1" 200 49 "-" "Mozilla/4.0 (compatible; MSIE 8.0; Windows NT 5.1; Trident/4.0; .NET CLR 1.1.4322; .NET CLR 2.0.50727; InfoPath.1; .NET CLR 3.0.4506.2152; .NET CLR 3.5.30729; .NET4.0C)"
168.215.97.5 - - [26/Aug/2014:07:38:05 -0600] "GET /images/vegguide-logo.png HTTP/1.1" 200 20540 "-" "Mozilla/4.0 (compatible; MSIE 8.0; Windows NT 5.1; Trident/4.0; .NET CLR 1.1.4322; .NET CLR 2.0.50727; InfoPath.1; .NET CLR 3.0.4506.2152; .NET CLR 3.5.30729; .NET4.0C)"
168.215.97.5 - - [26/Aug/2014:07:38:05 -0600] "GET /7b0744/images/map-icons/restaurant5.png HTTP/1.1" 200 826 "-" "Mozilla/4.0 (compatible; MSIE 8.0; Windows NT 5.1; Trident/4.0; .NET CLR 1.1.4322; .NET CLR 2.0.50727; InfoPath.1; .NET CLR 3.0.4506.2152; .NET CLR 3.5.30729; .NET4.0C)"
168.215.97.5 - - [26/Aug/2014:07:38:05 -0600] "GET /images/close-button.png HTTP/1.1" 200 693 "-" "Mozilla/4.0 (compatible; MSIE 8.0; Windows NT 5.1; Trident/4.0; .NET CLR 1.1.4322; .NET CLR 2.0.50727; InfoPath.1; .NET CLR 3.0.4506.2152; .NET CLR 3.5.30729; .NET4.0C)"
168.215.97.5 - - [26/Aug/2014:07:38:05 -0600] "GET /7b0744/images/map-icons/restaurant2.png HTTP/1.1" 200 833 "-" "Mozilla/4.0 (compatible; MSIE 8.0; Windows NT 5.1; Trident/4.0; .NET CLR 1.1.4322; .NET CLR 2.0.50727; InfoPath.1; .NET CLR 3.0.4506.2152; .NET CLR 3.5.30729; .NET4.0C)"
168.215.97.5 - - [26/Aug/2014:07:38:05 -0600] "GET /7b0744/images/map-icons/restaurant3.png HTTP/1.1" 200 846 "-" "Mozilla/4.0 (compatible; MSIE 8.0; Windows NT 5.1; Trident/4.0; .NET CLR 1.1.4322; .NET CLR 2.0.50727; InfoPath.1; .NET CLR 3.0.4506.2152; .NET CLR 3.5.30729; .NET4.0C)"
168.215.97.5 - - [26/Aug/2014:07:38:05 -0600] "GET /7b0744/images/map-icons/restaurant1.png HTTP/1.1" 200 837 "-" "Mozilla/4.0 (compatible; MSIE 8.0; Windows NT 5.1; Trident/4.0; .NET CLR 1.1.4322; .NET CLR 2.0.50727; InfoPath.1; .NET CLR 3.0.4506.2152; .NET CLR 3.5.30729; .NET4.0C)"
168.215.97.5 - - [26/Aug/2014:07:38:05 -0600] "GET /7b0744/images/map-icons/restaurant.png HTTP/1.1" 200 1071 "-" "Mozilla/4.0 (compatible; MSIE 8.0; Windows NT 5.1; Trident/4.0; .NET CLR 1.1.4322; .NET CLR 2.0.50727; InfoPath.1; .NET CLR 3.0.4506.2152; .NET CLR 3.5.30729; .NET4.0C)"
168.215.97.5 - - [26/Aug/2014:07:38:05 -0600] "GET /7b0744/images/map-icons/grocery.png HTTP/1.1" 200 1100 "-" "Mozilla/4.0 (compatible; MSIE 8.0; Windows NT 5.1; Trident/4.0; .NET CLR 1.1.4322; .NET CLR 2.0.50727; InfoPath.1; .NET CLR 3.0.4506.2152; .NET CLR 3.5.30729; .NET4.0C)"
168.215.97.5 - - [26/Aug/2014:07:38:05 -0600] "GET /7b0744/images/map-icons/organization.png HTTP/1.1" 200 1224 "-" "Mozilla/4.0 (compatible; MSIE 8.0; Windows NT 5.1; Trident/4.0; .NET CLR 1.1.4322; .NET CLR 2.0.50727; InfoPath.1; .NET CLR 3.0.4506.2152; .NET CLR 3.5.30729; .NET4.0C)"
168.215.97.5 - - [26/Aug/2014:07:38:05 -0600] "GET /7b0744/images/map-icons/coffee.png HTTP/1.1" 200 973 "-" "Mozilla/4.0 (compatible; MSIE 8.0; Windows NT 5.1; Trident/4.0; .NET CLR 1.1.4322; .NET CLR 2.0.50727; InfoPath.1; .NET CLR 3.0.4506.2152; .NET CLR 3.5.30729; .NET4.0C)"
168.215.97.5 - - [26/Aug/2014:07:38:05 -0600] "GET /7b0744/images/map-icons/catering.png HTTP/1.1" 200 1094 "-" "Mozilla/4.0 (compatible; MSIE 8.0; Windows NT 5.1; Trident/4.0; .NET CLR 1.1.4322; .NET CLR 2.0.50727; InfoPath.1; .NET CLR 3.0.4506.2152; .NET CLR 3.5.30729; .NET4.0C)"
168.215.97.5 - - [26/Aug/2014:07:38:05 -0600] "GET /7b0744/images/map-icons/bar.png HTTP/1.1" 200 1143 "-" "Mozilla/4.0 (compatible; MSIE 8.0; Windows NT 5.1; Trident/4.0; .NET CLR 1.1.4322; .NET CLR 2.0.50727; InfoPath.1; .NET CLR 3.0.4506.2152; .NET CLR 3.5.30729; .NET4.0C)"
168.215.97.5 - - [26/Aug/2014:07:38:05 -0600] "GET /7b0744/images/map-icons/general_store.png HTTP/1.1" 200 891 "-" "Mozilla/4.0 (compatible; MSIE 8.0; Windows NT 5.1; Trident/4.0; .NET CLR 1.1.4322; .NET CLR 2.0.50727; InfoPath.1; .NET CLR 3.0.4506.2152; .NET CLR 3.5.30729; .NET4.0C)"
168.215.97.5 - - [26/Aug/2014:07:38:05 -0600] "GET /7b0744/images/map-icons/food_court.png HTTP/1.1" 200 1425 "-" "Mozilla/4.0 (compatible; MSIE 8.0; Windows NT 5.1; Trident/4.0; .NET CLR 1.1.4322; .NET CLR 2.0.50727; InfoPath.1; .NET CLR 3.0.4506.2152; .NET CLR 3.5.30729; .NET4.0C)"
168.215.97.5 - - [26/Aug/2014:07:38:06 -0600] "GET /7b0744/images/map-icons/lodging.png HTTP/1.1" 200 1255 "-" "Mozilla/4.0 (compatible; MSIE 8.0; Windows NT 5.1; Trident/4.0; .NET CLR 1.1.4322; .NET CLR 2.0.50727; InfoPath.1; .NET CLR 3.0.4506.2152; .NET CLR 3.5.30729; .NET4.0C)"
168.215.97.5 - - [26/Aug/2014:07:38:06 -0600] "GET /images/red-bullet.png HTTP/1.1" 200 231 "-" "Mozilla/4.0 (compatible; MSIE 8.0; Windows NT 5.1; Trident/4.0; .NET CLR 1.1.4322; .NET CLR 2.0.50727; InfoPath.1; .NET CLR 3.0.4506.2152; .NET CLR 3.5.30729; .NET4.0C)"
168.215.97.5 - - [26/Aug/2014:07:38:06 -0600] "GET /7b0744/images/map-icons/other.png HTTP/1.1" 200 1663 "-" "Mozilla/4.0 (compatible; MSIE 8.0; Windows NT 5.1; Trident/4.0; .NET CLR 1.1.4322; .NET CLR 2.0.50727; InfoPath.1; .NET CLR 3.0.4506.2152; .NET CLR 3.5.30729; .NET4.0C)"
168.215.97.5 - - [26/Aug/2014:07:38:06 -0600] "GET /images/thl-logo.png HTTP/1.1" 200 2925 "-" "Mozilla/4.0 (compatible; MSIE 8.0; Windows NT 5.1; Trident/4.0; .NET CLR 1.1.4322; .NET CLR 2.0.50727; InfoPath.1; .NET CLR 3.0.4506.2152; .NET CLR 3.5.30729; .NET4.0C)"
168.215.97.5 - - [26/Aug/2014:07:38:06 -0600] "GET /images/fs-logo.png HTTP/1.1" 200 10293 "-" "Mozilla/4.0 (compatible; MSIE 8.0; Windows NT 5.1; Trident/4.0; .NET CLR 1.1.4322; .NET CLR 2.0.50727; InfoPath.1; .NET CLR 3.0.4506.2152; .NET CLR 3.5.30729; .NET4.0C)"
168.215.97.5 - - [26/Aug/2014:07:38:06 -0600] "GET /images/peta-logo.jpg HTTP/1.1" 200 14774 "-" "Mozilla/4.0 (compatible; MSIE 8.0; Windows NT 5.1; Trident/4.0; .NET CLR 1.1.4322; .NET CLR 2.0.50727; InfoPath.1; .NET CLR 3.0.4506.2152; .NET CLR 3.5.30729; .NET4.0C)"
168.215.97.5 - - [26/Aug/2014:07:38:06 -0600] "GET /images/caa-logo.png HTTP/1.1" 200 10681 "-" "Mozilla/4.0 (compatible; MSIE 8.0; Windows NT 5.1; Trident/4.0; .NET CLR 1.1.4322; .NET CLR 2.0.50727; InfoPath.1; .NET CLR 3.0.4506.2152; .NET CLR 3.5.30729; .NET4.0C)"
168.215.97.5 - - [26/Aug/2014:07:38:06 -0600] "GET /images/vo-logo.gif HTTP/1.1" 200 1553 "-" "Mozilla/4.0 (compatible; MSIE 8.0; Windows NT 5.1; Trident/4.0; .NET CLR 1.1.4322; .NET CLR 2.0.50727; InfoPath.1; .NET CLR 3.0.4506.2152; .NET CLR 3.5.30729; .NET4.0C)"
168.215.97.5 - - [26/Aug/2014:07:38:06 -0600] "GET /images/cok-logo.png HTTP/1.1" 200 8577 "-" "Mozilla/4.0 (compatible; MSIE 8.0; Windows NT 5.1; Trident/4.0; .NET CLR 1.1.4322; .NET CLR 2.0.50727; InfoPath.1; .NET CLR 3.0.4506.2152; .NET CLR 3.5.30729; .NET4.0C)"
168.215.97.5 - - [26/Aug/2014:07:38:06 -0600] "GET /images/favicon.ico HTTP/1.1" 200 1022 "-" "Mozilla/4.0 (compatible; MSIE 8.0; Windows NT 5.1; Trident/4.0; .NET CLR 1.1.4322; .NET CLR 2.0.50727; InfoPath.1; .NET CLR 3.0.4506.2152; .NET CLR 3.5.30729; .NET4.0C)"
168.215.97.5 - - [26/Aug/2014:07:38:06 -0600] "GET /static/opensearch_desc.xml HTTP/1.1" 200 411 "-" "Mozilla/4.0 (compatible; MSIE 8.0; Windows NT 5.1; Trident/4.0; .NET CLR 1.1.4322; .NET CLR 2.0.50727; InfoPath.1; .NET CLR 3.0.4506.2152; .NET CLR 3.5.30729; .NET4.0C)"
168.215.97.5 - - [26/Aug/2014:07:38:07 -0600] "GET /images/map-icons/coffee2.png HTTP/1.1" 200 3359 "-" "Mozilla/4.0 (compatible; MSIE 8.0; Windows NT 5.1; Trident/4.0; .NET CLR 1.1.4322; .NET CLR 2.0.50727; InfoPath.1; .NET CLR 3.0.4506.2152; .NET CLR 3.5.30729; .NET4.0C)"
168.215.97.5 - - [26/Aug/2014:07:38:07 -0600] "GET /images/map-icons/restaurant1.png HTTP/1.1" 200 837 "-" "Mozilla/4.0 (compatible; MSIE 8.0; Windows NT 5.1; Trident/4.0; .NET CLR 1.1.4322; .NET CLR 2.0.50727; InfoPath.1; .NET CLR 3.0.4506.2152; .NET CLR 3.5.30729; .NET4.0C)"
168.215.97.5 - - [26/Aug/2014:07:38:07 -0600] "GET /images/map-icons/grocery2.png HTTP/1.1" 200 3517 "-" "Mozilla/4.0 (compatible; MSIE 8.0; Windows NT 5.1; Trident/4.0; .NET CLR 1.1.4322; .NET CLR 2.0.50727; InfoPath.1; .NET CLR 3.0.4506.2152; .NET CLR 3.5.30729; .NET4.0C)"
168.215.97.5 - - [26/Aug/2014:07:38:07 -0600] "GET /images/map-icons/restaurant2.png HTTP/1.1" 200 833 "-" "Mozilla/4.0 (compatible; MSIE 8.0; Windows NT 5.1; Trident/4.0; .NET CLR 1.1.4322; .NET CLR 2.0.50727; InfoPath.1; .NET CLR 3.0.4506.2152; .NET CLR 3.5.30729; .NET4.0C)"
72.228.45.131 - - [26/Aug/2014:07:38:09 -0600] "GET /region/1387 HTTP/1.1" 200 4930 "-" "Mozilla/5.0 (Windows NT 6.1; WOW64; Trident/7.0; rv:11.0) like Gecko"
72.228.45.131 - - [26/Aug/2014:07:38:09 -0600] "GET /7b0744/css/vegguide-combined.css HTTP/1.1" 200 20810 "-" "Mozilla/5.0 (Windows NT 6.1; WOW64; Trident/7.0; rv:11.0) like Gecko"
72.228.45.131 - - [26/Aug/2014:07:38:09 -0600] "GET /images/close-button.png HTTP/1.1" 200 693 "-" "Mozilla/5.0 (Windows NT 6.1; WOW64; Trident/7.0; rv:11.0) like Gecko"
72.228.45.131 - - [26/Aug/2014:07:38:09 -0600] "GET /images/vegguide-logo.png HTTP/1.1" 200 20540 "-" "Mozilla/5.0 (Windows NT 6.1; WOW64; Trident/7.0; rv:11.0) like Gecko"
72.228.45.131 - - [26/Aug/2014:07:38:09 -0600] "GET /7b0744/images/sort-up.gif HTTP/1.1" 200 84 "-" "Mozilla/5.0 (Windows NT 6.1; WOW64; Trident/7.0; rv:11.0) like Gecko"
72.228.45.131 - - [26/Aug/2014:07:38:09 -0600] "GET /7b0744/images/sort-none.gif HTTP/1.1" 200 79 "-" "Mozilla/5.0 (Windows NT 6.1; WOW64; Trident/7.0; rv:11.0) like Gecko"
72.228.45.131 - - [26/Aug/2014:07:38:09 -0600] "GET /7b0744/images/ratings/green-0-00.png HTTP/1.1" 200 791 "-" "Mozilla/5.0 (Windows NT 6.1; WOW64; Trident/7.0; rv:11.0) like Gecko"
72.228.45.131 - - [26/Aug/2014:07:38:09 -0600] "GET /7b0744/images/ratings/green-4-25.png HTTP/1.1" 200 896 "-" "Mozilla/5.0 (Windows NT 6.1; WOW64; Trident/7.0; rv:11.0) like Gecko"
72.228.45.131 - - [26/Aug/2014:07:38:09 -0600] "GET /images/caa-logo.png HTTP/1.1" 200 10681 "-" "Mozilla/5.0 (Windows NT 6.1; WOW64; Trident/7.0; rv:11.0) like Gecko"
72.228.45.131 - - [26/Aug/2014:07:38:09 -0600] "GET /images/thl-logo.png HTTP/1.1" 200 2925 "-" "Mozilla/5.0 (Windows NT 6.1; WOW64; Trident/7.0; rv:11.0) like Gecko"
72.228.45.131 - - [26/Aug/2014:07:38:09 -0600] "GET /images/peta-logo.jpg HTTP/1.1" 200 14774 "-" "Mozilla/5.0 (Windows NT 6.1; WOW64; Trident/7.0; rv:11.0) like Gecko"
72.228.45.131 - - [26/Aug/2014:07:38:09 -0600] "GET /images/cok-logo.png HTTP/1.1" 200 8577 "-" "Mozilla/5.0 (Windows NT 6.1; WOW64; Trident/7.0; rv:11.0) like Gecko"
72.228.45.131 - - [26/Aug/2014:07:38:09 -0600] "GET /images/fs-logo.png HTTP/1.1" 200 10293 "-" "Mozilla/5.0 (Windows NT 6.1; WOW64; Trident/7.0; rv:11.0) like Gecko"
72.228.45.131 - - [26/Aug/2014:07:38:09 -0600] "GET /images/vo-logo.gif HTTP/1.1" 200 1553 "-" "Mozilla/5.0 (Windows NT 6.1; WOW64; Trident/7.0; rv:11.0) like Gecko"
72.228.45.131 - - [26/Aug/2014:07:38:09 -0600] "GET /7b0744/js/vegguide-combined.js HTTP/1.1" 200 94167 "-" "Mozilla/5.0 (Windows NT 6.1; WOW64; Trident/7.0; rv:11.0) like Gecko"
131.253.24.10 - - [26/Aug/2014:07:38:09 -0600] "GET /robots.txt HTTP/1.1" 200 151 "-" "msnbot-media/1.1 (+http://search.msn.com/msnbot.htm)"
72.228.45.131 - - [26/Aug/2014:07:38:09 -0600] "GET /images/loader.gif HTTP/1.1" 200 3208 "-" "Mozilla/5.0 (Windows NT 6.1; WOW64; Trident/7.0; rv:11.0) like Gecko"
72.228.45.131 - - [26/Aug/2014:07:38:09 -0600] "GET /images/transparent.gif HTTP/1.1" 200 49 "-" "Mozilla/5.0 (Windows NT 6.1; WOW64; Trident/7.0; rv:11.0) like Gecko"
131.253.24.10 - - [26/Aug/2014:07:38:09 -0600] "GET /entry-images/7786/7786-6441-small.jpg HTTP/1.1" 200 61965 "-" "msnbot-media/1.1 (+http://search.msn.com/msnbot.htm)"
72.228.45.131 - - [26/Aug/2014:07:38:10 -0600] "GET /images/favicon.ico HTTP/1.1" 200 1022 "-" "Mozilla/5.0 (Windows NT 6.1; Win64; x64; Trident/7.0; rv:11.0) like Gecko"
200.54.231.226 - - [26/Aug/2014:07:38:14 -0600] "GET /images/favicon.ico HTTP/1.1" 200 1022 "-" "Mozilla/5.0 (Macintosh; Intel Mac OS X 10_6_8) AppleWebKit/537.36 (KHTML, like Gecko) Chrome/36.0.1985.143 Safari/537.36"
220.181.108.181 - - [26/Aug/2014:07:38:18 -0600] "GET /images/close-button.png HTTP/1.1" 200 693 "-" "Baiduspider-image+(+http://www.baidu.com/search/spider.htm)\x5CnReferer: http://image.baidu.com/i?ct=503316480&z=0&tn=baiduimagedetail"
24.12.178.204 - - [26/Aug/2014:07:38:20 -0600] "GET /robots.txt HTTP/1.1" 200 151 "-" "Mozilla/5.0 (compatible; Genieo/1.0 http://www.genieo.com/webfilter.html)"
24.12.178.204 - - [26/Aug/2014:07:38:20 -0600] "GET /site/recent.rss HTTP/1.1" 200 20227 "-" "Mozilla/5.0 (compatible; Genieo/1.0 http://www.genieo.com/webfilter.html)"
24.12.178.204 - - [26/Aug/2014:07:38:20 -0600] "GET /entry/20252 HTTP/1.1" 200 4599 "-" "Mozilla/5.0 (compatible; Genieo/1.0 http://www.genieo.com/webfilter.html)"
24.12.178.204 - - [26/Aug/2014:07:38:24 -0600] "GET /entry/20248 HTTP/1.1" 200 4559 "-" "Mozilla/5.0 (compatible; Genieo/1.0 http://www.genieo.com/webfilter.html)"
157.55.39.70 - - [26/Aug/2014:07:38:24 -0600] "GET /entry/3933 HTTP/1.1" 200 6524 "-" "Mozilla/5.0 (compatible; bingbot/2.0; +http://www.bing.com/bingbot.htm)"
168.215.97.5 - - [26/Aug/2014:07:38:25 -0600] "GET /entry/20141 HTTP/1.1" 200 12460 "-" "Mozilla/4.0 (compatible; MSIE 8.0; Windows NT 5.1; Trident/4.0; .NET CLR 1.1.4322; .NET CLR 2.0.50727; InfoPath.1; .NET CLR 3.0.4506.2152; .NET CLR 3.5.30729; .NET4.0C)"
168.215.97.5 - - [26/Aug/2014:07:38:25 -0600] "GET /7b0744/images/ratings/green-0-00.png HTTP/1.1" 200 791 "-" "Mozilla/4.0 (compatible; MSIE 8.0; Windows NT 5.1; Trident/4.0; .NET CLR 1.1.4322; .NET CLR 2.0.50727; InfoPath.1; .NET CLR 3.0.4506.2152; .NET CLR 3.5.30729; .NET4.0C)"
168.215.97.5 - - [26/Aug/2014:07:38:25 -0600] "GET /images/upload-an-image.png HTTP/1.1" 200 7026 "-" "Mozilla/4.0 (compatible; MSIE 8.0; Windows NT 5.1; Trident/4.0; .NET CLR 1.1.4322; .NET CLR 2.0.50727; InfoPath.1; .NET CLR 3.0.4506.2152; .NET CLR 3.5.30729; .NET4.0C)"
168.215.97.5 - - [26/Aug/2014:07:38:25 -0600] "GET /images/ratings/blue-1-00.png HTTP/1.1" 200 1037 "-" "Mozilla/4.0 (compatible; MSIE 8.0; Windows NT 5.1; Trident/4.0; .NET CLR 1.1.4322; .NET CLR 2.0.50727; InfoPath.1; .NET CLR 3.0.4506.2152; .NET CLR 3.5.30729; .NET4.0C)"
168.215.97.5 - - [26/Aug/2014:07:38:25 -0600] "GET /images/ratings/blue-2-00.png HTTP/1.1" 200 1375 "-" "Mozilla/4.0 (compatible; MSIE 8.0; Windows NT 5.1; Trident/4.0; .NET CLR 1.1.4322; .NET CLR 2.0.50727; InfoPath.1; .NET CLR 3.0.4506.2152; .NET CLR 3.5.30729; .NET4.0C)"
168.215.97.5 - - [26/Aug/2014:07:38:25 -0600] "GET /images/ratings/blue-3-00.png HTTP/1.1" 200 1416 "-" "Mozilla/4.0 (compatible; MSIE 8.0; Windows NT 5.1; Trident/4.0; .NET CLR 1.1.4322; .NET CLR 2.0.50727; InfoPath.1; .NET CLR 3.0.4506.2152; .NET CLR 3.5.30729; .NET4.0C)"
168.215.97.5 - - [26/Aug/2014:07:38:25 -0600] "GET /images/ratings/blue-4-00.png HTTP/1.1" 200 1375 "-" "Mozilla/4.0 (compatible; MSIE 8.0; Windows NT 5.1; Trident/4.0; .NET CLR 1.1.4322; .NET CLR 2.0.50727; InfoPath.1; .NET CLR 3.0.4506.2152; .NET CLR 3.5.30729; .NET4.0C)"
168.215.97.5 - - [26/Aug/2014:07:38:25 -0600] "GET /images/ratings/blue-5-00.png HTTP/1.1" 200 1198 "-" "Mozilla/4.0 (compatible; MSIE 8.0; Windows NT 5.1; Trident/4.0; .NET CLR 1.1.4322; .NET CLR 2.0.50727; InfoPath.1; .NET CLR 3.0.4506.2152; .NET CLR 3.5.30729; .NET4.0C)"
68.180.225.35 - - [26/Aug/2014:07:38:30 -0600] "GET /region/2113/recent.atom HTTP/1.1" 200 1440 "-" "Mozilla/5.0 (compatible; Yahoo! Slurp; http://help.yahoo.com/help/us/ysearch/slurp)"
24.12.178.204 - - [26/Aug/2014:07:38:35 -0600] "GET /entry/20250/reviews#user-id-11216 HTTP/1.1" 200 3963 "-" "Mozilla/5.0 (compatible; Genieo/1.0 http://www.genieo.com/webfilter.html)"
24.12.178.204 - - [26/Aug/2014:07:38:39 -0600] "GET /entry/20249/reviews#user-id-11216 HTTP/1.1" 200 3826 "-" "Mozilla/5.0 (compatible; Genieo/1.0 http://www.genieo.com/webfilter.html)"
66.249.69.193 - - [26/Aug/2014:07:38:42 -0600] "GET /entry/3438/reviews HTTP/1.1" 200 3105 "-" "Mozilla/5.0 (compatible; Googlebot/2.1; +http://www.google.com/bot.html)"
24.12.178.204 - - [26/Aug/2014:07:38:42 -0600] "GET /entry/20249 HTTP/1.1" 200 5530 "-" "Mozilla/5.0 (compatible; Genieo/1.0 http://www.genieo.com/webfilter.html)"
24.12.178.204 - - [26/Aug/2014:07:38:46 -0600] "GET /entry/20247/reviews#user-id-11216 HTTP/1.1" 200 3707 "-" "Mozilla/5.0 (compatible; Genieo/1.0 http://www.genieo.com/webfilter.html)"
24.12.178.204 - - [26/Aug/2014:07:38:49 -0600] "GET /entry/20247 HTTP/1.1" 200 5126 "-" "Mozilla/5.0 (compatible; Genieo/1.0 http://www.genieo.com/webfilter.html)"
24.12.178.204 - - [26/Aug/2014:07:38:53 -0600] "GET /entry/20246/reviews#user-id-12345 HTTP/1.1" 200 3693 "-" "Mozilla/5.0 (compatible; Genieo/1.0 http://www.genieo.com/webfilter.html)"
157.55.39.71 - - [26/Aug/2014:07:38:54 -0600] "GET /region/513/map/category_id=1 HTTP/1.1" 200 7941 "-" "Mozilla/5.0 (compatible; bingbot/2.0; +http://www.bing.com/bingbot.htm)"
24.12.178.204 - - [26/Aug/2014:07:39:00 -0600] "GET /entry/20246 HTTP/1.1" 200 5374 "-" "Mozilla/5.0 (compatible; Genieo/1.0 http://www.genieo.com/webfilter.html)"
66.249.91.149 - - [26/Aug/2014:07:39:03 -0600] "GET /site/recent.rss HTTP/1.1" 301 178 "-" "Feedfetcher-Google; (+http://www.google.com/feedfetcher.html; 2 subscribers; feed-id=8938019998627987091)"
24.12.178.204 - - [26/Aug/2014:07:39:03 -0600] "GET /entry/18343/reviews#user-id-12342 HTTP/1.1" 200 3507 "-" "Mozilla/5.0 (compatible; Genieo/1.0 http://www.genieo.com/webfilter.html)"
66.249.91.182 - - [26/Aug/2014:07:39:04 -0600] "GET /site/recent.rss HTTP/1.1" 200 20227 "-" "Feedfetcher-Google; (+http://www.google.com/feedfetcher.html; 2 subscribers; feed-id=8938019998627987091)"
24.12.178.204 - - [26/Aug/2014:07:39:04 -0600] "GET /entry/84/reviews#user-id-6633 HTTP/1.1" 200 7788 "-" "Mozilla/5.0 (compatible; Genieo/1.0 http://www.genieo.com/webfilter.html)"
24.12.178.204 - - [26/Aug/2014:07:39:04 -0600] "GET /entry/999/reviews#user-id-6633 HTTP/1.1" 200 7743 "-" "Mozilla/5.0 (compatible; Genieo/1.0 http://www.genieo.com/webfilter.html)"
24.12.178.204 - - [26/Aug/2014:07:39:04 -0600] "GET /entry/9811/reviews#user-id-6633 HTTP/1.1" 200 9305 "-" "Mozilla/5.0 (compatible; Genieo/1.0 http://www.genieo.com/webfilter.html)"
24.12.178.204 - - [26/Aug/2014:07:39:04 -0600] "GET /entry/20245/reviews#user-id-12340 HTTP/1.1" 200 3560 "-" "Mozilla/5.0 (compatible; Genieo/1.0 http://www.genieo.com/webfilter.html)"
24.12.178.204 - - [26/Aug/2014:07:39:05 -0600] "GET /entry/20245 HTTP/1.1" 200 5340 "-" "Mozilla/5.0 (compatible; Genieo/1.0 http://www.genieo.com/webfilter.html)"
24.12.178.204 - - [26/Aug/2014:07:39:05 -0600] "GET /entry/20244 HTTP/1.1" 200 4562 "-" "Mozilla/5.0 (compatible; Genieo/1.0 http://www.genieo.com/webfilter.html)"
24.12.178.204 - - [26/Aug/2014:07:39:05 -0600] "GET /entry/20243 HTTP/1.1" 200 4560 "-" "Mozilla/5.0 (compatible; Genieo/1.0 http://www.genieo.com/webfilter.html)"
24.12.178.204 - - [26/Aug/2014:07:39:05 -0600] "GET /entry/15216/reviews#user-id-7483 HTTP/1.1" 200 5059 "-" "Mozilla/5.0 (compatible; Genieo/1.0 http://www.genieo.com/webfilter.html)"
68.180.225.35 - - [26/Aug/2014:07:39:15 -0600] "GET /entry/1293 HTTP/1.1" 200 4901 "-" "Mozilla/5.0 (compatible; Yahoo! Slurp; http://help.yahoo.com/help/us/ysearch/slurp)"
157.55.39.70 - - [26/Aug/2014:07:39:24 -0600] "GET /region/1747/map/veg_level=2 HTTP/1.1" 200 5464 "-" "Mozilla/5.0 (compatible; bingbot/2.0; +http://www.bing.com/bingbot.htm)"
23.239.8.38 - - [26/Aug/2014:07:39:31 -0600] "GET / HTTP/1.1" 301 178 "-" "check_http/v1.4.15 (nagios-plugins 1.4.15)"
23.239.8.38 - - [26/Aug/2014:07:39:31 -0600] "GET / HTTP/1.1" 200 10098 "-" "check_http/v1.4.15 (nagios-plugins 1.4.15)"
74.72.22.209 - - [26/Aug/2014:07:39:50 -0600] "POST /entry/near/40.9243%2C-73.8263/filter?unit=mile;distance=25;address=10552 HTTP/1.1" 302 413 "-" "Mozilla/5.0 (Windows NT 5.1; rv:31.0) Gecko/20100101 Firefox/31.0"
74.72.22.209 - - [26/Aug/2014:07:39:50 -0600] "GET /entry/near/40.9243%2C-73.8263/filter/veg_level=5?unit=mile;distance=25;sort_order=ASC;page=1;order_by=distance;address=10552;limit=20 HTTP/1.1" 200 8939 "-" "Mozilla/5.0 (Windows NT 5.1; rv:31.0) Gecko/20100101 Firefox/31.0"
66.249.69.193 - - [26/Aug/2014:07:39:51 -0600] "GET /user/10631 HTTP/1.1" 200 3257 "-" "Mozilla/5.0 (compatible; Googlebot/2.1; +http://www.google.com/bot.html)"
207.46.13.94 - - [26/Aug/2014:07:39:54 -0600] "GET /entry/2533 HTTP/1.1" 200 4398 "-" "Mozilla/5.0 (compatible; bingbot/2.0; +http://www.bing.com/bingbot.htm)"
87.253.132.202 - - [26/Aug/2014:07:39:56 -0600] "HEAD /region/60.rss HTTP/1.1" 200 0 "-" "Owlin Bot v. 3.0"
87.253.132.202 - - [26/Aug/2014:07:39:57 -0600] "GET /region/60.rss HTTP/1.1" 200 140389 "-" "Owlin Bot v. 3.0"
68.180.225.35 - - [26/Aug/2014:07:40:00 -0600] "GET /region/13/filter?sort_order=ASC;page=18;order_by=name;limit=20 HTTP/1.1" 200 10684 "-" "Mozilla/5.0 (compatible; Yahoo! Slurp; http://help.yahoo.com/help/us/ysearch/slurp)"
174.226.2.66 - - [26/Aug/2014:07:40:01 -0600] "GET /region/198 HTTP/1.1" 200 9020 "-" "Mozilla/5.0 (iPhone; CPU iPhone OS 6_1_3 like Mac OS X) AppleWebKit/536.26 (KHTML, like Gecko) Version/6.0 Mobile/10B329 Safari/8536.25"
202.160.16.52 - - [26/Aug/2014:07:40:07 -0600] "GET /region/1674 HTTP/1.1" 200 4337 "-" "Mozilla/5.0 (Windows NT 6.3; WOW64) AppleWebKit/537.36 (KHTML, like Gecko) Chrome/36.0.1985.143 Safari/537.36"
202.160.16.52 - - [26/Aug/2014:07:40:07 -0600] "GET /7b0744/images/sort-up.gif HTTP/1.1" 200 84 "-" "Mozilla/5.0 (Windows NT 6.3; WOW64) AppleWebKit/537.36 (KHTML, like Gecko) Chrome/36.0.1985.143 Safari/537.36"
202.160.16.52 - - [26/Aug/2014:07:40:07 -0600] "GET /7b0744/images/sort-none.gif HTTP/1.1" 200 79 "-" "Mozilla/5.0 (Windows NT 6.3; WOW64) AppleWebKit/537.36 (KHTML, like Gecko) Chrome/36.0.1985.143 Safari/537.36"
202.160.16.52 - - [26/Aug/2014:07:40:07 -0600] "GET /7b0744/images/ratings/green-0-00.png HTTP/1.1" 200 791 "-" "Mozilla/5.0 (Windows NT 6.3; WOW64) AppleWebKit/537.36 (KHTML, like Gecko) Chrome/36.0.1985.143 Safari/537.36"
202.160.16.52 - - [26/Aug/2014:07:40:07 -0600] "GET /7b0744/images/ratings/green-4-00.png HTTP/1.1" 200 1221 "-" "Mozilla/5.0 (Windows NT 6.3; WOW64) AppleWebKit/537.36 (KHTML, like Gecko) Chrome/36.0.1985.143 Safari/537.36"
54.235.100.22 - - [26/Aug/2014:07:40:11 -0600] "GET /site/recent.rss HTTP/1.1" 200 20227 "-" "RSSGraffiti"
199.16.186.98 - - [26/Aug/2014:07:40:15 -0600] "GET /site/recent.rss HTTP/1.1" 200 20227 "-" "BoardReader Blog Indexer(http://boardreader.com)"
202.160.16.52 - - [26/Aug/2014:07:40:20 -0600] "GET /entry/4634 HTTP/1.1" 200 6096 "-" "Mozilla/5.0 (Windows NT 6.3; WOW64) AppleWebKit/537.36 (KHTML, like Gecko) Chrome/36.0.1985.143 Safari/537.36"
65.55.213.62 - - [26/Aug/2014:07:40:21 -0600] "GET /region/370 HTTP/1.1" 200 9054 "-" "Mozilla/5.0 (compatible; MSIE 9.0; Windows NT 6.1; Trident/5.0;  Trident/5.0)"
202.160.16.52 - - [26/Aug/2014:07:40:21 -0600] "GET /7b0744/images/ratings/green-3-00.png HTTP/1.1" 200 1105 "-" "Mozilla/5.0 (Windows NT 6.3; WOW64) AppleWebKit/537.36 (KHTML, like Gecko) Chrome/36.0.1985.143 Safari/537.36"
202.160.16.52 - - [26/Aug/2014:07:40:21 -0600] "GET /images/red-bullet.png HTTP/1.1" 200 231 "-" "Mozilla/5.0 (Windows NT 6.3; WOW64) AppleWebKit/537.36 (KHTML, like Gecko) Chrome/36.0.1985.143 Safari/537.36"
202.160.16.52 - - [26/Aug/2014:07:40:21 -0600] "GET /entry-images/4634/4634-3009-small.jpg HTTP/1.1" 200 14936 "-" "Mozilla/5.0 (Windows NT 6.3; WOW64) AppleWebKit/537.36 (KHTML, like Gecko) Chrome/36.0.1985.143 Safari/537.36"
202.160.16.52 - - [26/Aug/2014:07:40:21 -0600] "GET /entry-images/4634/4634-5882-mini.jpg HTTP/1.1" 200 3111 "-" "Mozilla/5.0 (Windows NT 6.3; WOW64) AppleWebKit/537.36 (KHTML, like Gecko) Chrome/36.0.1985.143 Safari/537.36"
202.160.16.52 - - [26/Aug/2014:07:40:22 -0600] "GET /images/ratings/blue-1-00.png HTTP/1.1" 200 1037 "-" "Mozilla/5.0 (Windows NT 6.3; WOW64) AppleWebKit/537.36 (KHTML, like Gecko) Chrome/36.0.1985.143 Safari/537.36"
202.160.16.52 - - [26/Aug/2014:07:40:22 -0600] "GET /images/ratings/blue-2-00.png HTTP/1.1" 200 1375 "-" "Mozilla/5.0 (Windows NT 6.3; WOW64) AppleWebKit/537.36 (KHTML, like Gecko) Chrome/36.0.1985.143 Safari/537.36"
202.160.16.52 - - [26/Aug/2014:07:40:22 -0600] "GET /images/ratings/blue-3-00.png HTTP/1.1" 200 1416 "-" "Mozilla/5.0 (Windows NT 6.3; WOW64) AppleWebKit/537.36 (KHTML, like Gecko) Chrome/36.0.1985.143 Safari/537.36"
202.160.16.52 - - [26/Aug/2014:07:40:22 -0600] "GET /images/ratings/blue-4-00.png HTTP/1.1" 200 1375 "-" "Mozilla/5.0 (Windows NT 6.3; WOW64) AppleWebKit/537.36 (KHTML, like Gecko) Chrome/36.0.1985.143 Safari/537.36"
202.160.16.52 - - [26/Aug/2014:07:40:22 -0600] "GET /images/ratings/blue-5-00.png HTTP/1.1" 200 1198 "-" "Mozilla/5.0 (Windows NT 6.3; WOW64) AppleWebKit/537.36 (KHTML, like Gecko) Chrome/36.0.1985.143 Safari/537.36"
202.160.16.52 - - [26/Aug/2014:07:40:22 -0600] "GET /entry/6777 HTTP/1.1" 200 4529 "-" "Mozilla/5.0 (Windows NT 6.3; WOW64) AppleWebKit/537.36 (KHTML, like Gecko) Chrome/36.0.1985.143 Safari/537.36"
202.160.16.52 - - [26/Aug/2014:07:40:23 -0600] "GET /images/upload-an-image.png HTTP/1.1" 200 7026 "-" "Mozilla/5.0 (Windows NT 6.3; WOW64) AppleWebKit/537.36 (KHTML, like Gecko) Chrome/36.0.1985.143 Safari/537.36"
65.55.213.62 - - [26/Aug/2014:07:40:23 -0600] "GET /7b0744/css/vegguide-combined.css HTTP/1.1" 200 20810 "-" "Mozilla/5.0 (compatible; MSIE 9.0; Windows NT 6.1; Trident/5.0;  Trident/5.0)"
65.55.213.62 - - [26/Aug/2014:07:40:23 -0600] "GET /7b0744/js/vegguide-combined.js HTTP/1.1" 200 94167 "-" "Mozilla/5.0 (compatible; MSIE 9.0; Windows NT 6.1; Trident/5.0;  Trident/5.0)"
207.46.13.94 - - [26/Aug/2014:07:40:24 -0600] "GET /entry/8073 HTTP/1.1" 200 4374 "-" "Mozilla/5.0 (compatible; bingbot/2.0; +http://www.bing.com/bingbot.htm)"
199.30.20.2 - - [26/Aug/2014:07:40:26 -0600] "GET /entry-images/11991/11991-4863-small.jpg HTTP/1.1" 200 5340 "-" "msnbot-media/1.1 (+http://search.msn.com/msnbot.htm)"
131.253.24.7 - - [26/Aug/2014:07:40:36 -0600] "GET /entry-images/2890/2890-4889-mini.jpg HTTP/1.1" 200 7333 "-" "msnbot-media/1.1 (+http://search.msn.com/msnbot.htm)"
65.55.213.53 - - [26/Aug/2014:07:40:42 -0600] "GET /entry/11200 HTTP/1.1" 200 4342 "-" "Mozilla/5.0 (compatible; MSIE 9.0; Windows NT 6.0; Trident/5.0;  Trident/5.0)"
74.72.22.209 - - [26/Aug/2014:07:40:43 -0600] "GET /7b0744/images/ratings/green-4-75.png HTTP/1.1" 200 845 "-" "Mozilla/4.0 (compatible; MSIE 7.0; Windows NT 5.1; Trident/4.0; .NET CLR 3.0.04506.648; .NET CLR 3.5.21022; .NET CLR 3.0.4506.2152; .NET CLR 3.5.30729; .NET CLR 2.0.50727; .NET4.0C)"
74.72.22.209 - - [26/Aug/2014:07:40:43 -0600] "GET /7b0744/images/ratings/green-4-75.png HTTP/1.1" 200 845 "-" "Mozilla/4.0 (compatible; MSIE 7.0; Windows NT 5.1; Trident/4.0; .NET CLR 3.0.04506.648; .NET CLR 3.5.21022; .NET CLR 3.0.4506.2152; .NET CLR 3.5.30729; .NET CLR 2.0.50727; .NET4.0C)"
74.72.22.209 - - [26/Aug/2014:07:40:43 -0600] "GET /7b0744/images/ratings/green-0-00.png HTTP/1.1" 200 791 "-" "Mozilla/4.0 (compatible; MSIE 7.0; Windows NT 5.1; Trident/4.0; .NET CLR 3.0.04506.648; .NET CLR 3.5.21022; .NET CLR 3.0.4506.2152; .NET CLR 3.5.30729; .NET CLR 2.0.50727; .NET4.0C)"
74.72.22.209 - - [26/Aug/2014:07:40:43 -0600] "GET /7b0744/images/ratings/green-0-00.png HTTP/1.1" 200 791 "-" "Mozilla/4.0 (compatible; MSIE 7.0; Windows NT 5.1; Trident/4.0; .NET CLR 3.0.04506.648; .NET CLR 3.5.21022; .NET CLR 3.0.4506.2152; .NET CLR 3.5.30729; .NET CLR 2.0.50727; .NET4.0C)"
65.55.213.53 - - [26/Aug/2014:07:40:44 -0600] "GET /7b0744/css/vegguide-combined.css HTTP/1.1" 200 20810 "-" "Mozilla/5.0 (compatible; MSIE 9.0; Windows NT 6.0; Trident/5.0;  Trident/5.0)"
65.55.213.53 - - [26/Aug/2014:07:40:45 -0600] "GET /7b0744/js/vegguide-combined.js HTTP/1.1" 200 94167 "-" "Mozilla/5.0 (compatible; MSIE 9.0; Windows NT 6.0; Trident/5.0;  Trident/5.0)"
68.180.225.35 - - [26/Aug/2014:07:40:45 -0600] "GET /region/2472/filter?sort_order=DESC;page=1;order_by=name;limit=20 HTTP/1.1" 200 4035 "-" "Mozilla/5.0 (compatible; Yahoo! Slurp; http://help.yahoo.com/help/us/ysearch/slurp)"
